

================================================================
== Vivado HLS Report for 'dense_simple_0_0_1'
================================================================
* Date:           Fri Apr 16 09:48:59 2021

* Version:        2019.2 (Build 2704478 on Wed Nov 06 22:10:23 MST 2019)
* Project:        myproject_prj
* Solution:       solution1
* Product family: kintexu
* Target device:  xcku115-flvb2104-2-i


================================================================
== Performance Estimates
================================================================
+ Timing: 
    * Summary: 
    +--------+---------+----------+------------+
    |  Clock |  Target | Estimated| Uncertainty|
    +--------+---------+----------+------------+
    |ap_clk  | 5.00 ns | 3.879 ns |   0.62 ns  |
    +--------+---------+----------+------------+

+ Latency: 
    * Summary: 
    +---------+---------+-----------+-----------+-----+-----+----------+
    |  Latency (cycles) |   Latency (absolute)  |  Interval | Pipeline |
    |   min   |   max   |    min    |    max    | min | max |   Type   |
    +---------+---------+-----------+-----------+-----+-----+----------+
    |        2|        2| 10.000 ns | 10.000 ns |    1|    1| function |
    +---------+---------+-----------+-----------+-----+-----+----------+

    + Detail: 
        * Instance: 
        N/A

        * Loop: 
        N/A



================================================================
== Utilization Estimates
================================================================
* Summary: 
+---------------------+---------+-------+---------+--------+-----+
|         Name        | BRAM_18K| DSP48E|    FF   |   LUT  | URAM|
+---------------------+---------+-------+---------+--------+-----+
|DSP                  |        -|      -|        -|       -|    -|
|Expression           |        -|    281|        0|    8585|    -|
|FIFO                 |        -|      -|        -|       -|    -|
|Instance             |        -|      -|        -|       -|    -|
|Memory               |        -|      -|        -|       -|    -|
|Multiplexer          |        -|      -|        -|       -|    -|
|Register             |        -|      -|     6048|       -|    -|
+---------------------+---------+-------+---------+--------+-----+
|Total                |        0|    281|     6048|    8585|    0|
+---------------------+---------+-------+---------+--------+-----+
|Available SLR        |     2160|   2760|   663360|  331680|    0|
+---------------------+---------+-------+---------+--------+-----+
|Utilization SLR (%)  |        0|     10|    ~0   |       2|  100|
+---------------------+---------+-------+---------+--------+-----+
|Available            |     4320|   5520|  1326720|  663360|    0|
+---------------------+---------+-------+---------+--------+-----+
|Utilization (%)      |        0|      5|    ~0   |       1|    0|
+---------------------+---------+-------+---------+--------+-----+

+ Detail: 
    * Instance: 
    N/A

    * DSP48E: 
    N/A

    * Memory: 
    N/A

    * FIFO: 
    N/A

    * Expression: 
    +----------------------------+----------+-------+---+----+------------+------------+
    |        Variable Name       | Operation| DSP48E| FF| LUT| Bitwidth P0| Bitwidth P1|
    +----------------------------+----------+-------+---+----+------------+------------+
    |mul_ln1118_100_fu_1174_p2   |     *    |      1|  0|   4|          16|          10|
    |mul_ln1118_101_fu_1198_p2   |     *    |      1|  0|   4|          16|          12|
    |mul_ln1118_102_fu_957_p2    |     *    |      1|  0|   4|          16|          10|
    |mul_ln1118_103_fu_981_p2    |     *    |      1|  0|   4|          16|          10|
    |mul_ln1118_104_fu_971_p2    |     *    |      1|  0|   4|          16|          10|
    |mul_ln1118_105_fu_1009_p2   |     *    |      1|  0|   4|          16|           8|
    |mul_ln1118_106_fu_1152_p2   |     *    |      1|  0|   4|          16|           8|
    |mul_ln1118_107_fu_1011_p2   |     *    |      1|  0|   4|          16|          11|
    |mul_ln1118_108_fu_1154_p2   |     *    |      1|  0|   4|          16|          10|
    |mul_ln1118_109_fu_1204_p2   |     *    |      1|  0|   4|          16|           6|
    |mul_ln1118_110_fu_960_p2    |     *    |      1|  0|   4|          16|           9|
    |mul_ln1118_111_fu_941_p2    |     *    |      1|  0|   4|          16|           8|
    |mul_ln1118_112_fu_1181_p2   |     *    |      1|  0|   4|          16|           9|
    |mul_ln1118_113_fu_1205_p2   |     *    |      1|  0|   4|          16|          10|
    |mul_ln1118_114_fu_1105_p2   |     *    |      1|  0|   4|          16|          10|
    |mul_ln1118_115_fu_1049_p2   |     *    |      1|  0|   4|          16|          11|
    |mul_ln1118_116_fu_1192_p2   |     *    |      1|  0|   4|          16|          11|
    |mul_ln1118_117_fu_1193_p2   |     *    |      1|  0|   4|          16|          10|
    |mul_ln1118_118_fu_1052_p2   |     *    |      1|  0|   4|          16|           9|
    |mul_ln1118_119_fu_936_p2    |     *    |      1|  0|   4|          16|          12|
    |mul_ln1118_120_fu_1054_p2   |     *    |      1|  0|   4|          16|          11|
    |mul_ln1118_121_fu_1178_p2   |     *    |      1|  0|   4|          16|          10|
    |mul_ln1118_122_fu_1202_p2   |     *    |      1|  0|   4|          16|           8|
    |mul_ln1118_123_fu_944_p2    |     *    |      1|  0|   4|          16|          10|
    |mul_ln1118_124_fu_1188_p2   |     *    |      1|  0|   4|          16|          10|
    |mul_ln1118_125_fu_1150_p2   |     *    |      1|  0|   4|          16|          10|
    |mul_ln1118_126_fu_1053_p2   |     *    |      1|  0|   4|          16|          11|
    |mul_ln1118_127_fu_912_p2    |     *    |      1|  0|   4|          16|          10|
    |mul_ln1118_128_fu_913_p2    |     *    |      1|  0|   4|          16|           9|
    |mul_ln1118_129_fu_914_p2    |     *    |      1|  0|   4|          16|          10|
    |mul_ln1118_130_fu_983_p2    |     *    |      1|  0|   4|          16|          11|
    |mul_ln1118_131_fu_1173_p2   |     *    |      1|  0|   4|          16|           8|
    |mul_ln1118_132_fu_994_p2    |     *    |      1|  0|   4|          16|          11|
    |mul_ln1118_133_fu_965_p2    |     *    |      1|  0|   4|          16|           9|
    |mul_ln1118_134_fu_1023_p2   |     *    |      1|  0|   4|          16|           7|
    |mul_ln1118_135_fu_1171_p2   |     *    |      1|  0|   4|          16|           9|
    |mul_ln1118_136_fu_1026_p2   |     *    |      1|  0|   4|          16|          11|
    |mul_ln1118_137_fu_954_p2    |     *    |      1|  0|   4|          16|          11|
    |mul_ln1118_138_fu_1200_p2   |     *    |      1|  0|   4|          16|          10|
    |mul_ln1118_139_fu_1133_p2   |     *    |      1|  0|   4|          16|          10|
    |mul_ln1118_140_fu_955_p2    |     *    |      1|  0|   4|          16|           9|
    |mul_ln1118_141_fu_1135_p2   |     *    |      1|  0|   4|          16|           8|
    |mul_ln1118_142_fu_1136_p2   |     *    |      1|  0|   4|          16|           7|
    |mul_ln1118_143_fu_1206_p2   |     *    |      1|  0|   4|          16|           9|
    |mul_ln1118_144_fu_1168_p2   |     *    |      1|  0|   4|          16|          10|
    |mul_ln1118_145_fu_1130_p2   |     *    |      1|  0|   4|          16|          10|
    |mul_ln1118_146_fu_985_p2    |     *    |      1|  0|   4|          16|          11|
    |mul_ln1118_147_fu_975_p2    |     *    |      1|  0|   4|          16|          10|
    |mul_ln1118_148_fu_1172_p2   |     *    |      1|  0|   4|          16|           9|
    |mul_ln1118_149_fu_1110_p2   |     *    |      1|  0|   4|          16|          10|
    |mul_ln1118_150_fu_1137_p2   |     *    |      1|  0|   4|          16|           8|
    |mul_ln1118_151_fu_996_p2    |     *    |      1|  0|   4|          16|           7|
    |mul_ln1118_152_fu_923_p2    |     *    |      1|  0|   4|          16|           9|
    |mul_ln1118_153_fu_998_p2    |     *    |      1|  0|   4|          16|           8|
    |mul_ln1118_154_fu_1001_p2   |     *    |      1|  0|   4|          16|           8|
    |mul_ln1118_155_fu_1213_p2   |     *    |      1|  0|   4|          16|          10|
    |mul_ln1118_156_fu_1034_p2   |     *    |      1|  0|   4|          16|          11|
    |mul_ln1118_157_fu_906_p2    |     *    |      1|  0|   4|          16|           9|
    |mul_ln1118_158_fu_958_p2    |     *    |      1|  0|   4|          16|          10|
    |mul_ln1118_159_fu_1078_p2   |     *    |      1|  0|   4|          16|           9|
    |mul_ln1118_160_fu_1214_p2   |     *    |      1|  0|   4|          16|           8|
    |mul_ln1118_161_fu_1104_p2   |     *    |      1|  0|   4|          16|           8|
    |mul_ln1118_162_fu_1216_p2   |     *    |      1|  0|   4|          16|          11|
    |mul_ln1118_163_fu_1038_p2   |     *    |      1|  0|   4|          16|           9|
    |mul_ln1118_164_fu_1039_p2   |     *    |      1|  0|   4|          16|           8|
    |mul_ln1118_165_fu_915_p2    |     *    |      1|  0|   4|          16|          10|
    |mul_ln1118_166_fu_1196_p2   |     *    |      1|  0|   4|          16|           8|
    |mul_ln1118_167_fu_1158_p2   |     *    |      1|  0|   4|          16|           9|
    |mul_ln1118_168_fu_918_p2    |     *    |      1|  0|   4|          16|           6|
    |mul_ln1118_169_fu_1082_p2   |     *    |      1|  0|   4|          16|           9|
    |mul_ln1118_170_fu_1217_p2   |     *    |      1|  0|   4|          16|           8|
    |mul_ln1118_171_fu_1218_p2   |     *    |      1|  0|   4|          16|           8|
    |mul_ln1118_172_fu_935_p2    |     *    |      1|  0|   4|          16|           8|
    |mul_ln1118_173_fu_1220_p2   |     *    |      1|  0|   4|          16|           8|
    |mul_ln1118_174_fu_1079_p2   |     *    |      1|  0|   4|          16|          11|
    |mul_ln1118_175_fu_1185_p2   |     *    |      1|  0|   4|          16|           9|
    |mul_ln1118_176_fu_1008_p2   |     *    |      1|  0|   4|          16|          11|
    |mul_ln1118_177_fu_1055_p2   |     *    |      1|  0|   4|          16|          10|
    |mul_ln1118_178_fu_938_p2    |     *    |      1|  0|   4|          16|           9|
    |mul_ln1118_179_fu_1103_p2   |     *    |      1|  0|   4|          16|           8|
    |mul_ln1118_180_fu_1144_p2   |     *    |      1|  0|   4|          16|          10|
    |mul_ln1118_181_fu_1027_p2   |     *    |      1|  0|   4|          16|           8|
    |mul_ln1118_182_fu_1117_p2   |     *    |      1|  0|   4|          16|          11|
    |mul_ln1118_183_fu_976_p2    |     *    |      1|  0|   4|          16|          10|
    |mul_ln1118_184_fu_977_p2    |     *    |      1|  0|   4|          16|          11|
    |mul_ln1118_185_fu_978_p2    |     *    |      1|  0|   4|          16|          10|
    |mul_ln1118_186_fu_979_p2    |     *    |      1|  0|   4|          16|           7|
    |mul_ln1118_187_fu_1101_p2   |     *    |      1|  0|   4|          16|           8|
    |mul_ln1118_188_fu_1021_p2   |     *    |      1|  0|   4|          16|          10|
    |mul_ln1118_189_fu_921_p2    |     *    |      1|  0|   4|          16|          10|
    |mul_ln1118_190_fu_1024_p2   |     *    |      1|  0|   4|          16|          11|
    |mul_ln1118_191_fu_907_p2    |     *    |      1|  0|   4|          16|          10|
    |mul_ln1118_192_fu_1157_p2   |     *    |      1|  0|   4|          16|           9|
    |mul_ln1118_193_fu_1047_p2   |     *    |      1|  0|   4|          16|          11|
    |mul_ln1118_194_fu_1159_p2   |     *    |      1|  0|   4|          16|           8|
    |mul_ln1118_195_fu_1160_p2   |     *    |      1|  0|   4|          16|          11|
    |mul_ln1118_196_fu_945_p2    |     *    |      1|  0|   4|          16|           9|
    |mul_ln1118_197_fu_1020_p2   |     *    |      1|  0|   4|          16|          10|
    |mul_ln1118_198_fu_1015_p2   |     *    |      1|  0|   4|          16|          10|
    |mul_ln1118_199_fu_1145_p2   |     *    |      1|  0|   4|          16|           8|
    |mul_ln1118_200_fu_1045_p2   |     *    |      1|  0|   4|          16|          10|
    |mul_ln1118_201_fu_1007_p2   |     *    |      1|  0|   4|          16|          10|
    |mul_ln1118_202_fu_1031_p2   |     *    |      1|  0|   4|          16|           8|
    |mul_ln1118_203_fu_1134_p2   |     *    |      1|  0|   4|          16|           9|
    |mul_ln1118_204_fu_931_p2    |     *    |      1|  0|   4|          16|           7|
    |mul_ln1118_205_fu_1058_p2   |     *    |      1|  0|   4|          16|          12|
    |mul_ln1118_206_fu_917_p2    |     *    |      1|  0|   4|          16|           9|
    |mul_ln1118_207_fu_1060_p2   |     *    |      1|  0|   4|          16|           8|
    |mul_ln1118_208_fu_1061_p2   |     *    |      1|  0|   4|          16|           7|
    |mul_ln1118_209_fu_1070_p2   |     *    |      1|  0|   4|          16|           8|
    |mul_ln1118_210_fu_987_p2    |     *    |      1|  0|   4|          16|           9|
    |mul_ln1118_211_fu_1028_p2   |     *    |      1|  0|   4|          16|          12|
    |mul_ln1118_212_fu_1131_p2   |     *    |      1|  0|   4|          16|          10|
    |mul_ln1118_213_fu_1155_p2   |     *    |      1|  0|   4|          16|           9|
    |mul_ln1118_214_fu_969_p2    |     *    |      1|  0|   4|          16|           9|
    |mul_ln1118_215_fu_1203_p2   |     *    |      1|  0|   4|          16|          11|
    |mul_ln1118_216_fu_1099_p2   |     *    |      1|  0|   4|          16|           9|
    |mul_ln1118_217_fu_1063_p2   |     *    |      1|  0|   4|          16|           9|
    |mul_ln1118_218_fu_922_p2    |     *    |      1|  0|   4|          16|          11|
    |mul_ln1118_219_fu_1102_p2   |     *    |      1|  0|   4|          16|          10|
    |mul_ln1118_220_fu_924_p2    |     *    |      1|  0|   4|          16|           9|
    |mul_ln1118_221_fu_1207_p2   |     *    |      1|  0|   4|          16|          10|
    |mul_ln1118_222_fu_932_p2    |     *    |      1|  0|   4|          16|          11|
    |mul_ln1118_223_fu_1035_p2   |     *    |      1|  0|   4|          16|          10|
    |mul_ln1118_224_fu_1138_p2   |     *    |      1|  0|   4|          16|           9|
    |mul_ln1118_225_fu_959_p2    |     *    |      1|  0|   4|          16|          11|
    |mul_ln1118_226_fu_1139_p2   |     *    |      1|  0|   4|          16|          10|
    |mul_ln1118_227_fu_1140_p2   |     *    |      1|  0|   4|          16|          10|
    |mul_ln1118_228_fu_1141_p2   |     *    |      1|  0|   4|          16|          10|
    |mul_ln1118_229_fu_1142_p2   |     *    |      1|  0|   4|          16|          11|
    |mul_ln1118_230_fu_1143_p2   |     *    |      1|  0|   4|          16|           9|
    |mul_ln1118_231_fu_1115_p2   |     *    |      1|  0|   4|          16|          11|
    |mul_ln1118_232_fu_1094_p2   |     *    |      1|  0|   4|          16|           8|
    |mul_ln1118_233_fu_1056_p2   |     *    |      1|  0|   4|          16|          11|
    |mul_ln1118_234_fu_1097_p2   |     *    |      1|  0|   4|          16|           8|
    |mul_ln1118_235_fu_1121_p2   |     *    |      1|  0|   4|          16|           9|
    |mul_ln1118_236_fu_942_p2    |     *    |      1|  0|   4|          16|          10|
    |mul_ln1118_237_fu_1106_p2   |     *    |      1|  0|   4|          16|           5|
    |mul_ln1118_238_fu_1107_p2   |     *    |      1|  0|   4|          16|           6|
    |mul_ln1118_239_fu_1003_p2   |     *    |      1|  0|   4|          16|           9|
    |mul_ln1118_240_fu_1004_p2   |     *    |      1|  0|   4|          16|          12|
    |mul_ln1118_241_fu_968_p2    |     *    |      1|  0|   4|          16|          10|
    |mul_ln1118_242_fu_1170_p2   |     *    |      1|  0|   4|          16|           7|
    |mul_ln1118_243_fu_1156_p2   |     *    |      1|  0|   4|          16|           8|
    |mul_ln1118_244_fu_1118_p2   |     *    |      1|  0|   4|          16|          10|
    |mul_ln1118_245_fu_939_p2    |     *    |      1|  0|   4|          16|          11|
    |mul_ln1118_246_fu_1183_p2   |     *    |      1|  0|   4|          16|           7|
    |mul_ln1118_247_fu_925_p2    |     *    |      1|  0|   4|          16|          10|
    |mul_ln1118_248_fu_1221_p2   |     *    |      1|  0|   4|          16|          11|
    |mul_ln1118_249_fu_1222_p2   |     *    |      1|  0|   4|          16|          10|
    |mul_ln1118_250_fu_1223_p2   |     *    |      1|  0|   4|          16|           6|
    |mul_ln1118_251_fu_1224_p2   |     *    |      1|  0|   4|          16|          11|
    |mul_ln1118_252_fu_1225_p2   |     *    |      1|  0|   4|          16|           9|
    |mul_ln1118_253_fu_1084_p2   |     *    |      1|  0|   4|          16|          10|
    |mul_ln1118_254_fu_1190_p2   |     *    |      1|  0|   4|          16|          10|
    |mul_ln1118_255_fu_1022_p2   |     *    |      1|  0|   4|          16|          10|
    |mul_ln1118_256_fu_984_p2    |     *    |      1|  0|   4|          16|          10|
    |mul_ln1118_257_fu_1087_p2   |     *    |      1|  0|   4|          16|          10|
    |mul_ln1118_258_fu_1128_p2   |     *    |      1|  0|   4|          16|           9|
    |mul_ln1118_259_fu_949_p2    |     *    |      1|  0|   4|          16|           9|
    |mul_ln1118_260_fu_962_p2    |     *    |      1|  0|   4|          16|          10|
    |mul_ln1118_261_fu_1085_p2   |     *    |      1|  0|   4|          16|           9|
    |mul_ln1118_262_fu_1086_p2   |     *    |      1|  0|   4|          16|           8|
    |mul_ln1118_263_fu_1050_p2   |     *    |      1|  0|   4|          16|          10|
    |mul_ln1118_264_fu_1088_p2   |     *    |      1|  0|   4|          16|           7|
    |mul_ln1118_265_fu_1201_p2   |     *    |      1|  0|   4|          16|          10|
    |mul_ln1118_266_fu_1005_p2   |     *    |      1|  0|   4|          16|           9|
    |mul_ln1118_267_fu_1046_p2   |     *    |      1|  0|   4|          16|          10|
    |mul_ln1118_268_fu_1211_p2   |     *    |      1|  0|   4|          16|          10|
    |mul_ln1118_269_fu_1032_p2   |     *    |      1|  0|   4|          16|          10|
    |mul_ln1118_270_fu_1124_p2   |     *    |      1|  0|   4|          16|          10|
    |mul_ln1118_271_fu_1162_p2   |     *    |      1|  0|   4|          16|           9|
    |mul_ln1118_272_fu_1089_p2   |     *    |      1|  0|   4|          16|          10|
    |mul_ln1118_273_fu_1127_p2   |     *    |      1|  0|   4|          16|          10|
    |mul_ln1118_274_fu_986_p2    |     *    |      1|  0|   4|          16|          12|
    |mul_ln1118_275_fu_1092_p2   |     *    |      1|  0|   4|          16|           9|
    |mul_ln1118_276_fu_1043_p2   |     *    |      1|  0|   4|          16|          10|
    |mul_ln1118_277_fu_988_p2    |     *    |      1|  0|   4|          16|          10|
    |mul_ln1118_278_fu_1091_p2   |     *    |      1|  0|   4|          16|          11|
    |mul_ln1118_279_fu_1194_p2   |     *    |      1|  0|   4|          16|           8|
    |mul_ln1118_280_fu_953_p2    |     *    |      1|  0|   4|          16|           9|
    |mul_ln1118_281_fu_1165_p2   |     *    |      1|  0|   4|          16|          10|
    |mul_ln1118_282_fu_1166_p2   |     *    |      1|  0|   4|          16|          10|
    |mul_ln1118_283_fu_1167_p2   |     *    |      1|  0|   4|          16|          10|
    |mul_ln1118_284_fu_989_p2    |     *    |      1|  0|   4|          16|          11|
    |mul_ln1118_285_fu_1169_p2   |     *    |      1|  0|   4|          16|          10|
    |mul_ln1118_286_fu_1184_p2   |     *    |      1|  0|   4|          16|          10|
    |mul_ln1118_287_fu_1016_p2   |     *    |      1|  0|   4|          16|          10|
    |mul_ln1118_288_fu_1191_p2   |     *    |      1|  0|   4|          16|           7|
    |mul_ln1118_289_fu_933_p2    |     *    |      1|  0|   4|          16|          11|
    |mul_ln1118_290_fu_1036_p2   |     *    |      1|  0|   4|          16|           9|
    |mul_ln1118_291_fu_1077_p2   |     *    |      1|  0|   4|          16|           9|
    |mul_ln1118_292_fu_1064_p2   |     *    |      1|  0|   4|          16|          10|
    |mul_ln1118_293_fu_1065_p2   |     *    |      1|  0|   4|          16|          10|
    |mul_ln1118_294_fu_1208_p2   |     *    |      1|  0|   4|          16|           9|
    |mul_ln1118_295_fu_1067_p2   |     *    |      1|  0|   4|          16|           9|
    |mul_ln1118_296_fu_1210_p2   |     *    |      1|  0|   4|          16|           9|
    |mul_ln1118_297_fu_1069_p2   |     *    |      1|  0|   4|          16|          11|
    |mul_ln1118_298_fu_919_p2    |     *    |      1|  0|   4|          16|          12|
    |mul_ln1118_299_fu_1129_p2   |     *    |      1|  0|   4|          16|           9|
    |mul_ln1118_300_fu_1057_p2   |     *    |      1|  0|   4|          16|           9|
    |mul_ln1118_301_fu_1019_p2   |     *    |      1|  0|   4|          16|          11|
    |mul_ln1118_302_fu_1122_p2   |     *    |      1|  0|   4|          16|          10|
    |mul_ln1118_303_fu_943_p2    |     *    |      1|  0|   4|          16|           6|
    |mul_ln1118_304_fu_927_p2    |     *    |      1|  0|   4|          16|           8|
    |mul_ln1118_305_fu_928_p2    |     *    |      1|  0|   4|          16|          10|
    |mul_ln1118_306_fu_1108_p2   |     *    |      1|  0|   4|          16|          10|
    |mul_ln1118_307_fu_930_p2    |     *    |      1|  0|   4|          16|           8|
    |mul_ln1118_308_fu_1073_p2   |     *    |      1|  0|   4|          16|           9|
    |mul_ln1118_309_fu_1116_p2   |     *    |      1|  0|   4|          16|          10|
    |mul_ln1118_310_fu_937_p2    |     *    |      1|  0|   4|          16|           9|
    |mul_ln1118_311_fu_916_p2    |     *    |      1|  0|   4|          16|          11|
    |mul_ln1118_312_fu_940_p2    |     *    |      1|  0|   4|          16|          10|
    |mul_ln1118_313_fu_964_p2    |     *    |      1|  0|   4|          16|          10|
    |mul_ln1118_314_fu_1146_p2   |     *    |      1|  0|   4|          16|           9|
    |mul_ln1118_315_fu_1147_p2   |     *    |      1|  0|   4|          16|           9|
    |mul_ln1118_316_fu_1148_p2   |     *    |      1|  0|   4|          16|           9|
    |mul_ln1118_317_fu_1149_p2   |     *    |      1|  0|   4|          16|          11|
    |mul_ln1118_318_fu_1076_p2   |     *    |      1|  0|   4|          16|          10|
    |mul_ln1118_319_fu_1114_p2   |     *    |      1|  0|   4|          16|          11|
    |mul_ln1118_320_fu_926_p2    |     *    |      1|  0|   4|          16|           9|
    |mul_ln1118_321_fu_1219_p2   |     *    |      1|  0|   4|          16|           6|
    |mul_ln1118_322_fu_961_p2    |     *    |      1|  0|   4|          16|          11|
    |mul_ln1118_323_fu_1126_p2   |     *    |      1|  0|   4|          16|          10|
    |mul_ln1118_324_fu_947_p2    |     *    |      1|  0|   4|          16|          10|
    |mul_ln1118_325_fu_1132_p2   |     *    |      1|  0|   4|          16|           8|
    |mul_ln1118_326_fu_1151_p2   |     *    |      1|  0|   4|          16|          10|
    |mul_ln1118_327_fu_973_p2    |     *    |      1|  0|   4|          16|           9|
    |mul_ln1118_328_fu_1153_p2   |     *    |      1|  0|   4|          16|          10|
    |mul_ln1118_329_fu_1080_p2   |     *    |      1|  0|   4|          16|           9|
    |mul_ln1118_330_fu_1013_p2   |     *    |      1|  0|   4|          16|          11|
    |mul_ln1118_331_fu_1030_p2   |     *    |      1|  0|   4|          16|           9|
    |mul_ln1118_332_fu_1123_p2   |     *    |      1|  0|   4|          16|           7|
    |mul_ln1118_333_fu_1006_p2   |     *    |      1|  0|   4|          16|          10|
    |mul_ln1118_334_fu_1109_p2   |     *    |      1|  0|   4|          16|          11|
    |mul_ln1118_335_fu_1212_p2   |     *    |      1|  0|   4|          16|          10|
    |mul_ln1118_336_fu_909_p2    |     *    |      1|  0|   4|          16|          11|
    |mul_ln1118_337_fu_908_p2    |     *    |      1|  0|   4|          16|          10|
    |mul_ln1118_338_fu_1051_p2   |     *    |      1|  0|   4|          16|          10|
    |mul_ln1118_339_fu_910_p2    |     *    |      1|  0|   4|          16|           9|
    |mul_ln1118_340_fu_911_p2    |     *    |      1|  0|   4|          16|          10|
    |mul_ln1118_341_fu_980_p2    |     *    |      1|  0|   4|          16|          10|
    |mul_ln1118_342_fu_1074_p2   |     *    |      1|  0|   4|          16|          11|
    |mul_ln1118_343_fu_1044_p2   |     *    |      1|  0|   4|          16|           8|
    |mul_ln1118_344_fu_1068_p2   |     *    |      1|  0|   4|          16|           9|
    |mul_ln1118_345_fu_951_p2    |     *    |      1|  0|   4|          16|           9|
    |mul_ln1118_346_fu_1042_p2   |     *    |      1|  0|   4|          16|           7|
    |mul_ln1118_347_fu_1112_p2   |     *    |      1|  0|   4|          16|          10|
    |mul_ln1118_348_fu_1017_p2   |     *    |      1|  0|   4|          16|           6|
    |mul_ln1118_349_fu_1197_p2   |     *    |      1|  0|   4|          16|          10|
    |mul_ln1118_350_fu_1093_p2   |     *    |      1|  0|   4|          16|           9|
    |mul_ln1118_351_fu_1199_p2   |     *    |      1|  0|   4|          16|          10|
    |mul_ln1118_352_fu_1095_p2   |     *    |      1|  0|   4|          16|          10|
    |mul_ln1118_353_fu_1189_p2   |     *    |      1|  0|   4|          16|          10|
    |mul_ln1118_354_fu_1010_p2   |     *    |      1|  0|   4|          16|          10|
    |mul_ln1118_355_fu_1209_p2   |     *    |      1|  0|   4|          16|          11|
    |mul_ln1118_356_fu_1075_p2   |     *    |      1|  0|   4|          16|          10|
    |mul_ln1118_357_fu_1071_p2   |     *    |      1|  0|   4|          16|           9|
    |mul_ln1118_358_fu_999_p2    |     *    |      1|  0|   4|          16|           8|
    |mul_ln1118_359_fu_990_p2    |     *    |      1|  0|   4|          16|           8|
    |mul_ln1118_360_fu_991_p2    |     *    |      1|  0|   4|          16|           7|
    |mul_ln1118_361_fu_992_p2    |     *    |      1|  0|   4|          16|           8|
    |mul_ln1118_362_fu_993_p2    |     *    |      1|  0|   4|          16|           7|
    |mul_ln1118_363_fu_1215_p2   |     *    |      1|  0|   4|          16|          10|
    |mul_ln1118_364_fu_1119_p2   |     *    |      1|  0|   4|          16|          10|
    |mul_ln1118_365_fu_1072_p2   |     *    |      1|  0|   4|          16|          11|
    |mul_ln1118_366_fu_1096_p2   |     *    |      1|  0|   4|          16|          10|
    |mul_ln1118_367_fu_934_p2    |     *    |      1|  0|   4|          16|           9|
    |mul_ln1118_368_fu_1161_p2   |     *    |      1|  0|   4|          16|          10|
    |mul_ln1118_369_fu_920_p2    |     *    |      1|  0|   4|          16|          11|
    |mul_ln1118_370_fu_1062_p2   |     *    |      1|  0|   4|          16|           8|
    |mul_ln1118_371_fu_995_p2    |     *    |      1|  0|   4|          16|          11|
    |mul_ln1118_372_fu_1175_p2   |     *    |      1|  0|   4|          16|          10|
    |mul_ln1118_373_fu_1176_p2   |     *    |      1|  0|   4|          16|          10|
    |mul_ln1118_374_fu_1177_p2   |     *    |      1|  0|   4|          16|          10|
    |mul_ln1118_375_fu_1033_p2   |     *    |      1|  0|   4|          16|          11|
    |mul_ln1118_96_fu_1180_p2    |     *    |      1|  0|   4|          16|          10|
    |mul_ln1118_97_fu_1113_p2    |     *    |      1|  0|   4|          16|          10|
    |mul_ln1118_98_fu_1111_p2    |     *    |      1|  0|   4|          16|          11|
    |mul_ln1118_99_fu_1195_p2    |     *    |      1|  0|   4|          16|           8|
    |mul_ln1118_fu_1037_p2       |     *    |      1|  0|   4|          16|          11|
    |add_ln1118_10_fu_367577_p2  |     +    |      0|  0|  29|          22|          22|
    |add_ln1118_11_fu_367633_p2  |     +    |      0|  0|  33|          26|          26|
    |add_ln1118_1_fu_363077_p2   |     +    |      0|  0|  30|          23|          23|
    |add_ln1118_2_fu_363157_p2   |     +    |      0|  0|  32|          25|          25|
    |add_ln1118_3_fu_366952_p2   |     +    |      0|  0|  30|          23|          23|
    |add_ln1118_4_fu_367039_p2   |     +    |      0|  0|  33|          26|          26|
    |add_ln1118_5_fu_367077_p2   |     +    |      0|  0|  30|          23|          23|
    |add_ln1118_6_fu_363904_p2   |     +    |      0|  0|  33|          26|          26|
    |add_ln1118_7_fu_364573_p2   |     +    |      0|  0|  27|          20|          20|
    |add_ln1118_8_fu_367438_p2   |     +    |      0|  0|  33|          26|          26|
    |add_ln1118_9_fu_364854_p2   |     +    |      0|  0|  31|          24|          24|
    |add_ln1118_fu_362925_p2     |     +    |      0|  0|  33|          26|          26|
    |add_ln703_121_fu_368033_p2  |     +    |      0|  0|  18|          16|          16|
    |add_ln703_122_fu_368037_p2  |     +    |      0|  0|  18|          16|          16|
    |add_ln703_123_fu_368043_p2  |     +    |      0|  0|  23|          16|          16|
    |add_ln703_124_fu_368048_p2  |     +    |      0|  0|  23|          16|          16|
    |add_ln703_125_fu_368052_p2  |     +    |      0|  0|  18|          16|          16|
    |add_ln703_126_fu_368058_p2  |     +    |      0|  0|  18|          16|          16|
    |add_ln703_127_fu_368064_p2  |     +    |      0|  0|  23|          16|          16|
    |add_ln703_128_fu_368069_p2  |     +    |      0|  0|  18|          16|          16|
    |add_ln703_129_fu_368074_p2  |     +    |      0|  0|  18|          16|          16|
    |add_ln703_130_fu_368080_p2  |     +    |      0|  0|  23|          16|          16|
    |add_ln703_131_fu_368086_p2  |     +    |      0|  0|  18|          16|          16|
    |add_ln703_132_fu_368090_p2  |     +    |      0|  0|  18|          16|          16|
    |add_ln703_133_fu_369520_p2  |     +    |      0|  0|  18|          16|          16|
    |add_ln703_134_fu_369524_p2  |     +    |      0|  0|  18|          16|          16|
    |add_ln703_135_fu_368096_p2  |     +    |      0|  0|  23|          16|          16|
    |add_ln703_136_fu_368100_p2  |     +    |      0|  0|  18|          16|          16|
    |add_ln703_137_fu_368105_p2  |     +    |      0|  0|  18|          16|          16|
    |add_ln703_138_fu_368111_p2  |     +    |      0|  0|  23|          16|          16|
    |add_ln703_139_fu_368115_p2  |     +    |      0|  0|  23|          16|          16|
    |add_ln703_140_fu_368120_p2  |     +    |      0|  0|  18|          16|          16|
    |add_ln703_141_fu_368126_p2  |     +    |      0|  0|  18|          16|          16|
    |add_ln703_142_fu_368132_p2  |     +    |      0|  0|  23|          16|          16|
    |add_ln703_143_fu_368137_p2  |     +    |      0|  0|  18|          16|          16|
    |add_ln703_144_fu_368142_p2  |     +    |      0|  0|  18|          16|          16|
    |add_ln703_145_fu_368148_p2  |     +    |      0|  0|  23|          16|          16|
    |add_ln703_146_fu_368153_p2  |     +    |      0|  0|  18|          16|           8|
    |add_ln703_147_fu_368158_p2  |     +    |      0|  0|  18|          16|          16|
    |add_ln703_148_fu_368164_p2  |     +    |      0|  0|  18|          16|          16|
    |add_ln703_149_fu_368170_p2  |     +    |      0|  0|  18|          16|          16|
    |add_ln703_150_fu_369529_p2  |     +    |      0|  0|  18|          16|          16|
    |add_ln703_151_fu_369533_p2  |     +    |      0|  0|  18|          16|          16|
    |add_ln703_152_fu_368176_p2  |     +    |      0|  0|  23|          16|          16|
    |add_ln703_153_fu_368181_p2  |     +    |      0|  0|  18|          16|          16|
    |add_ln703_154_fu_368185_p2  |     +    |      0|  0|  18|          16|          16|
    |add_ln703_155_fu_368191_p2  |     +    |      0|  0|  23|          16|          16|
    |add_ln703_156_fu_368195_p2  |     +    |      0|  0|  23|          16|          16|
    |add_ln703_157_fu_368199_p2  |     +    |      0|  0|  18|          16|          16|
    |add_ln703_158_fu_368205_p2  |     +    |      0|  0|  18|          16|          16|
    |add_ln703_159_fu_368211_p2  |     +    |      0|  0|  23|          16|          16|
    |add_ln703_160_fu_368217_p2  |     +    |      0|  0|  18|          16|          16|
    |add_ln703_161_fu_368222_p2  |     +    |      0|  0|  18|          16|          16|
    |add_ln703_162_fu_368228_p2  |     +    |      0|  0|  23|          16|          16|
    |add_ln703_163_fu_368232_p2  |     +    |      0|  0|  18|          16|          16|
    |add_ln703_164_fu_368236_p2  |     +    |      0|  0|  18|          16|          16|
    |add_ln703_165_fu_369539_p2  |     +    |      0|  0|  18|          16|          16|
    |add_ln703_166_fu_369543_p2  |     +    |      0|  0|  18|          16|          16|
    |add_ln703_167_fu_368242_p2  |     +    |      0|  0|  23|          16|          16|
    |add_ln703_168_fu_368246_p2  |     +    |      0|  0|  18|          16|          16|
    |add_ln703_169_fu_368250_p2  |     +    |      0|  0|  18|          16|          16|
    |add_ln703_170_fu_368256_p2  |     +    |      0|  0|  23|          16|          16|
    |add_ln703_171_fu_368260_p2  |     +    |      0|  0|  23|          16|          16|
    |add_ln703_172_fu_368266_p2  |     +    |      0|  0|  18|          16|          16|
    |add_ln703_173_fu_368272_p2  |     +    |      0|  0|  18|          16|          16|
    |add_ln703_174_fu_368278_p2  |     +    |      0|  0|  23|          16|          16|
    |add_ln703_175_fu_368283_p2  |     +    |      0|  0|  18|          16|          16|
    |add_ln703_176_fu_368288_p2  |     +    |      0|  0|  18|          16|          16|
    |add_ln703_177_fu_368294_p2  |     +    |      0|  0|  23|          16|          16|
    |add_ln703_178_fu_368298_p2  |     +    |      0|  0|  18|          16|           9|
    |add_ln703_179_fu_368303_p2  |     +    |      0|  0|  18|          16|          16|
    |add_ln703_180_fu_368309_p2  |     +    |      0|  0|  18|          16|          16|
    |add_ln703_181_fu_368315_p2  |     +    |      0|  0|  18|          16|          16|
    |add_ln703_182_fu_369548_p2  |     +    |      0|  0|  18|          16|          16|
    |add_ln703_183_fu_369552_p2  |     +    |      0|  0|  18|          16|          16|
    |add_ln703_184_fu_368321_p2  |     +    |      0|  0|  23|          16|          16|
    |add_ln703_185_fu_368326_p2  |     +    |      0|  0|  18|          16|          16|
    |add_ln703_186_fu_368331_p2  |     +    |      0|  0|  18|          16|          16|
    |add_ln703_187_fu_368337_p2  |     +    |      0|  0|  23|          16|          16|
    |add_ln703_188_fu_368342_p2  |     +    |      0|  0|  23|          16|          16|
    |add_ln703_189_fu_368347_p2  |     +    |      0|  0|  18|          16|          16|
    |add_ln703_190_fu_368353_p2  |     +    |      0|  0|  18|          16|          16|
    |add_ln703_191_fu_368359_p2  |     +    |      0|  0|  22|          15|          15|
    |add_ln703_192_fu_368369_p2  |     +    |      0|  0|  18|          16|          16|
    |add_ln703_193_fu_368373_p2  |     +    |      0|  0|  18|          16|          16|
    |add_ln703_194_fu_368379_p2  |     +    |      0|  0|  23|          16|          16|
    |add_ln703_195_fu_368383_p2  |     +    |      0|  0|  18|          16|          16|
    |add_ln703_196_fu_368387_p2  |     +    |      0|  0|  18|          16|          16|
    |add_ln703_197_fu_369558_p2  |     +    |      0|  0|  18|          16|          16|
    |add_ln703_198_fu_369562_p2  |     +    |      0|  0|  18|          16|          16|
    |add_ln703_199_fu_368393_p2  |     +    |      0|  0|  22|          15|          15|
    |add_ln703_200_fu_368403_p2  |     +    |      0|  0|  18|          16|          16|
    |add_ln703_201_fu_368408_p2  |     +    |      0|  0|  18|          16|          16|
    |add_ln703_202_fu_368414_p2  |     +    |      0|  0|  23|          16|          16|
    |add_ln703_203_fu_368419_p2  |     +    |      0|  0|  23|          16|          16|
    |add_ln703_204_fu_368423_p2  |     +    |      0|  0|  18|          16|          16|
    |add_ln703_205_fu_368429_p2  |     +    |      0|  0|  18|          16|          16|
    |add_ln703_206_fu_368435_p2  |     +    |      0|  0|  23|          16|          16|
    |add_ln703_207_fu_368440_p2  |     +    |      0|  0|  18|          16|          16|
    |add_ln703_208_fu_368445_p2  |     +    |      0|  0|  18|          16|          16|
    |add_ln703_209_fu_368451_p2  |     +    |      0|  0|  23|          16|          16|
    |add_ln703_210_fu_368456_p2  |     +    |      0|  0|  18|          16|           6|
    |add_ln703_211_fu_368462_p2  |     +    |      0|  0|  18|          16|          16|
    |add_ln703_212_fu_368468_p2  |     +    |      0|  0|  18|          16|          16|
    |add_ln703_213_fu_368474_p2  |     +    |      0|  0|  18|          16|          16|
    |add_ln703_214_fu_369567_p2  |     +    |      0|  0|  18|          16|          16|
    |add_ln703_215_fu_369571_p2  |     +    |      0|  0|  18|          16|          16|
    |add_ln703_216_fu_368480_p2  |     +    |      0|  0|  23|          16|          16|
    |add_ln703_217_fu_368485_p2  |     +    |      0|  0|  18|          16|          16|
    |add_ln703_218_fu_368489_p2  |     +    |      0|  0|  18|          16|          16|
    |add_ln703_219_fu_368495_p2  |     +    |      0|  0|  23|          16|          16|
    |add_ln703_220_fu_368501_p2  |     +    |      0|  0|  23|          16|          16|
    |add_ln703_221_fu_368506_p2  |     +    |      0|  0|  18|          16|          16|
    |add_ln703_222_fu_368512_p2  |     +    |      0|  0|  18|          16|          16|
    |add_ln703_223_fu_368518_p2  |     +    |      0|  0|  23|          16|          16|
    |add_ln703_224_fu_368523_p2  |     +    |      0|  0|  18|          16|          16|
    |add_ln703_225_fu_368529_p2  |     +    |      0|  0|  18|          16|          16|
    |add_ln703_226_fu_368535_p2  |     +    |      0|  0|  23|          16|          16|
    |add_ln703_227_fu_368540_p2  |     +    |      0|  0|  18|          16|          16|
    |add_ln703_228_fu_368545_p2  |     +    |      0|  0|  18|          16|          16|
    |add_ln703_229_fu_369577_p2  |     +    |      0|  0|  18|          16|          16|
    |add_ln703_230_fu_369581_p2  |     +    |      0|  0|  18|          16|          16|
    |add_ln703_231_fu_368551_p2  |     +    |      0|  0|  23|          16|          16|
    |add_ln703_232_fu_368556_p2  |     +    |      0|  0|  18|          16|          16|
    |add_ln703_233_fu_368560_p2  |     +    |      0|  0|  18|          16|          16|
    |add_ln703_234_fu_368566_p2  |     +    |      0|  0|  23|          16|          16|
    |add_ln703_235_fu_368570_p2  |     +    |      0|  0|  23|          16|          16|
    |add_ln703_236_fu_368575_p2  |     +    |      0|  0|  18|          16|          16|
    |add_ln703_237_fu_368581_p2  |     +    |      0|  0|  18|          16|          16|
    |add_ln703_238_fu_368587_p2  |     +    |      0|  0|  23|          16|          16|
    |add_ln703_239_fu_368592_p2  |     +    |      0|  0|  18|          16|          16|
    |add_ln703_240_fu_368596_p2  |     +    |      0|  0|  18|          16|          16|
    |add_ln703_241_fu_368602_p2  |     +    |      0|  0|  23|          16|          16|
    |add_ln703_242_fu_368607_p2  |     +    |      0|  0|  18|          16|           8|
    |add_ln703_243_fu_368613_p2  |     +    |      0|  0|  18|          16|          16|
    |add_ln703_244_fu_368619_p2  |     +    |      0|  0|  18|          16|          16|
    |add_ln703_245_fu_368625_p2  |     +    |      0|  0|  18|          16|          16|
    |add_ln703_246_fu_369586_p2  |     +    |      0|  0|  18|          16|          16|
    |add_ln703_247_fu_369590_p2  |     +    |      0|  0|  18|          16|          16|
    |add_ln703_248_fu_368631_p2  |     +    |      0|  0|  23|          16|          16|
    |add_ln703_249_fu_368635_p2  |     +    |      0|  0|  18|          16|          16|
    |add_ln703_250_fu_368640_p2  |     +    |      0|  0|  18|          16|          16|
    |add_ln703_251_fu_368646_p2  |     +    |      0|  0|  23|          16|          16|
    |add_ln703_252_fu_368651_p2  |     +    |      0|  0|  23|          16|          16|
    |add_ln703_253_fu_368656_p2  |     +    |      0|  0|  18|          16|          16|
    |add_ln703_254_fu_368662_p2  |     +    |      0|  0|  18|          16|          16|
    |add_ln703_255_fu_368668_p2  |     +    |      0|  0|  23|          16|          16|
    |add_ln703_256_fu_368674_p2  |     +    |      0|  0|  18|          16|          16|
    |add_ln703_257_fu_368678_p2  |     +    |      0|  0|  18|          16|          16|
    |add_ln703_258_fu_368684_p2  |     +    |      0|  0|  23|          16|          16|
    |add_ln703_259_fu_368689_p2  |     +    |      0|  0|  18|          16|          16|
    |add_ln703_260_fu_368693_p2  |     +    |      0|  0|  18|          16|          16|
    |add_ln703_261_fu_369596_p2  |     +    |      0|  0|  18|          16|          16|
    |add_ln703_262_fu_369600_p2  |     +    |      0|  0|  18|          16|          16|
    |add_ln703_263_fu_368699_p2  |     +    |      0|  0|  23|          16|          16|
    |add_ln703_264_fu_368704_p2  |     +    |      0|  0|  18|          16|          16|
    |add_ln703_265_fu_368710_p2  |     +    |      0|  0|  18|          16|          16|
    |add_ln703_266_fu_368716_p2  |     +    |      0|  0|  23|          16|          16|
    |add_ln703_267_fu_368720_p2  |     +    |      0|  0|  23|          16|          16|
    |add_ln703_268_fu_368725_p2  |     +    |      0|  0|  18|          16|          16|
    |add_ln703_269_fu_368731_p2  |     +    |      0|  0|  18|          16|          16|
    |add_ln703_270_fu_368737_p2  |     +    |      0|  0|  23|          16|          16|
    |add_ln703_271_fu_368741_p2  |     +    |      0|  0|  18|          16|          16|
    |add_ln703_272_fu_368745_p2  |     +    |      0|  0|  18|          16|          16|
    |add_ln703_273_fu_368751_p2  |     +    |      0|  0|  23|          16|          16|
    |add_ln703_274_fu_368756_p2  |     +    |      0|  0|  18|          16|           8|
    |add_ln703_275_fu_368761_p2  |     +    |      0|  0|  18|          16|          16|
    |add_ln703_276_fu_368767_p2  |     +    |      0|  0|  18|          16|          16|
    |add_ln703_277_fu_368773_p2  |     +    |      0|  0|  18|          16|          16|
    |add_ln703_278_fu_369605_p2  |     +    |      0|  0|  18|          16|          16|
    |add_ln703_279_fu_369609_p2  |     +    |      0|  0|  18|          16|          16|
    |add_ln703_280_fu_368779_p2  |     +    |      0|  0|  23|          16|          16|
    |add_ln703_281_fu_368784_p2  |     +    |      0|  0|  18|          16|          16|
    |add_ln703_282_fu_368789_p2  |     +    |      0|  0|  18|          16|          16|
    |add_ln703_283_fu_368795_p2  |     +    |      0|  0|  23|          16|          16|
    |add_ln703_284_fu_368800_p2  |     +    |      0|  0|  23|          16|          16|
    |add_ln703_285_fu_368806_p2  |     +    |      0|  0|  18|          16|          16|
    |add_ln703_286_fu_368812_p2  |     +    |      0|  0|  18|          16|          16|
    |add_ln703_287_fu_368818_p2  |     +    |      0|  0|  23|          16|          16|
    |add_ln703_288_fu_368823_p2  |     +    |      0|  0|  18|          16|          16|
    |add_ln703_289_fu_368828_p2  |     +    |      0|  0|  18|          16|          16|
    |add_ln703_290_fu_368834_p2  |     +    |      0|  0|  23|          16|          16|
    |add_ln703_291_fu_368839_p2  |     +    |      0|  0|  18|          16|          16|
    |add_ln703_292_fu_368843_p2  |     +    |      0|  0|  18|          16|          16|
    |add_ln703_293_fu_369615_p2  |     +    |      0|  0|  18|          16|          16|
    |add_ln703_294_fu_369619_p2  |     +    |      0|  0|  18|          16|          16|
    |add_ln703_295_fu_368849_p2  |     +    |      0|  0|  23|          16|          16|
    |add_ln703_296_fu_368854_p2  |     +    |      0|  0|  18|          16|          16|
    |add_ln703_297_fu_368859_p2  |     +    |      0|  0|  18|          16|          16|
    |add_ln703_298_fu_368865_p2  |     +    |      0|  0|  23|          16|          16|
    |add_ln703_299_fu_368869_p2  |     +    |      0|  0|  23|          16|          16|
    |add_ln703_300_fu_368874_p2  |     +    |      0|  0|  18|          16|          16|
    |add_ln703_301_fu_368880_p2  |     +    |      0|  0|  18|          16|          16|
    |add_ln703_302_fu_368886_p2  |     +    |      0|  0|  23|          16|          16|
    |add_ln703_303_fu_368890_p2  |     +    |      0|  0|  18|          16|          16|
    |add_ln703_304_fu_368894_p2  |     +    |      0|  0|  18|          16|          16|
    |add_ln703_305_fu_368900_p2  |     +    |      0|  0|  23|          16|          16|
    |add_ln703_306_fu_368905_p2  |     +    |      0|  0|  18|          16|           5|
    |add_ln703_307_fu_368910_p2  |     +    |      0|  0|  18|          16|          16|
    |add_ln703_308_fu_368915_p2  |     +    |      0|  0|  18|          16|          16|
    |add_ln703_309_fu_368921_p2  |     +    |      0|  0|  18|          16|          16|
    |add_ln703_310_fu_369624_p2  |     +    |      0|  0|  18|          16|          16|
    |add_ln703_311_fu_369628_p2  |     +    |      0|  0|  18|          16|          16|
    |add_ln703_312_fu_368927_p2  |     +    |      0|  0|  23|          16|          16|
    |add_ln703_313_fu_368932_p2  |     +    |      0|  0|  18|          16|          16|
    |add_ln703_314_fu_368937_p2  |     +    |      0|  0|  18|          16|          16|
    |add_ln703_315_fu_368943_p2  |     +    |      0|  0|  23|          16|          16|
    |add_ln703_316_fu_368948_p2  |     +    |      0|  0|  23|          16|          16|
    |add_ln703_317_fu_368953_p2  |     +    |      0|  0|  18|          16|          16|
    |add_ln703_318_fu_368959_p2  |     +    |      0|  0|  18|          16|          16|
    |add_ln703_319_fu_368965_p2  |     +    |      0|  0|  23|          16|          16|
    |add_ln703_320_fu_368970_p2  |     +    |      0|  0|  18|          16|          16|
    |add_ln703_321_fu_368974_p2  |     +    |      0|  0|  18|          16|          16|
    |add_ln703_322_fu_368980_p2  |     +    |      0|  0|  23|          16|          16|
    |add_ln703_323_fu_368984_p2  |     +    |      0|  0|  18|          16|          16|
    |add_ln703_324_fu_368989_p2  |     +    |      0|  0|  18|          16|          16|
    |add_ln703_325_fu_369634_p2  |     +    |      0|  0|  18|          16|          16|
    |add_ln703_326_fu_369638_p2  |     +    |      0|  0|  18|          16|          16|
    |add_ln703_327_fu_368995_p2  |     +    |      0|  0|  23|          16|          16|
    |add_ln703_328_fu_369000_p2  |     +    |      0|  0|  18|          16|          16|
    |add_ln703_329_fu_369005_p2  |     +    |      0|  0|  18|          16|          16|
    |add_ln703_330_fu_369011_p2  |     +    |      0|  0|  23|          16|          16|
    |add_ln703_331_fu_369016_p2  |     +    |      0|  0|  23|          16|          16|
    |add_ln703_332_fu_369021_p2  |     +    |      0|  0|  18|          16|          16|
    |add_ln703_333_fu_369027_p2  |     +    |      0|  0|  18|          16|          16|
    |add_ln703_334_fu_369033_p2  |     +    |      0|  0|  23|          16|          16|
    |add_ln703_335_fu_369037_p2  |     +    |      0|  0|  18|          16|          16|
    |add_ln703_336_fu_369041_p2  |     +    |      0|  0|  18|          16|          16|
    |add_ln703_337_fu_369047_p2  |     +    |      0|  0|  23|          16|          16|
    |add_ln703_338_fu_369052_p2  |     +    |      0|  0|  18|          16|           7|
    |add_ln703_339_fu_369057_p2  |     +    |      0|  0|  18|          16|          16|
    |add_ln703_340_fu_369062_p2  |     +    |      0|  0|  18|          16|          16|
    |add_ln703_341_fu_369068_p2  |     +    |      0|  0|  18|          16|          16|
    |add_ln703_342_fu_369643_p2  |     +    |      0|  0|  18|          16|          16|
    |add_ln703_343_fu_369647_p2  |     +    |      0|  0|  18|          16|          16|
    |add_ln703_344_fu_369074_p2  |     +    |      0|  0|  23|          16|          16|
    |add_ln703_345_fu_369079_p2  |     +    |      0|  0|  18|          16|          16|
    |add_ln703_346_fu_369083_p2  |     +    |      0|  0|  18|          16|          16|
    |add_ln703_347_fu_369089_p2  |     +    |      0|  0|  23|          16|          16|
    |add_ln703_348_fu_369093_p2  |     +    |      0|  0|  23|          16|          16|
    |add_ln703_349_fu_369099_p2  |     +    |      0|  0|  18|          16|          16|
    |add_ln703_350_fu_369105_p2  |     +    |      0|  0|  18|          16|          16|
    |add_ln703_351_fu_369111_p2  |     +    |      0|  0|  23|          16|          16|
    |add_ln703_352_fu_369116_p2  |     +    |      0|  0|  18|          16|          16|
    |add_ln703_353_fu_369121_p2  |     +    |      0|  0|  18|          16|          16|
    |add_ln703_354_fu_369127_p2  |     +    |      0|  0|  23|          16|          16|
    |add_ln703_355_fu_369132_p2  |     +    |      0|  0|  18|          16|          16|
    |add_ln703_356_fu_369136_p2  |     +    |      0|  0|  18|          16|          16|
    |add_ln703_357_fu_369653_p2  |     +    |      0|  0|  18|          16|          16|
    |add_ln703_358_fu_369657_p2  |     +    |      0|  0|  18|          16|          16|
    |add_ln703_359_fu_369142_p2  |     +    |      0|  0|  23|          16|          16|
    |add_ln703_360_fu_369146_p2  |     +    |      0|  0|  18|          16|          16|
    |add_ln703_361_fu_369150_p2  |     +    |      0|  0|  18|          16|          16|
    |add_ln703_362_fu_369156_p2  |     +    |      0|  0|  23|          16|          16|
    |add_ln703_363_fu_369161_p2  |     +    |      0|  0|  23|          16|          16|
    |add_ln703_364_fu_369165_p2  |     +    |      0|  0|  18|          16|          16|
    |add_ln703_365_fu_369171_p2  |     +    |      0|  0|  18|          16|          16|
    |add_ln703_366_fu_369177_p2  |     +    |      0|  0|  23|          16|          16|
    |add_ln703_367_fu_369182_p2  |     +    |      0|  0|  18|          16|          16|
    |add_ln703_368_fu_369186_p2  |     +    |      0|  0|  18|          16|          16|
    |add_ln703_369_fu_369192_p2  |     +    |      0|  0|  23|          16|          16|
    |add_ln703_370_fu_369197_p2  |     +    |      0|  0|  20|          13|           8|
    |add_ln703_371_fu_369207_p2  |     +    |      0|  0|  23|          16|          16|
    |add_ln703_372_fu_369212_p2  |     +    |      0|  0|  18|          16|          16|
    |add_ln703_373_fu_369218_p2  |     +    |      0|  0|  18|          16|          16|
    |add_ln703_374_fu_369662_p2  |     +    |      0|  0|  18|          16|          16|
    |add_ln703_375_fu_369666_p2  |     +    |      0|  0|  18|          16|          16|
    |add_ln703_376_fu_369224_p2  |     +    |      0|  0|  23|          16|          16|
    |add_ln703_377_fu_369228_p2  |     +    |      0|  0|  18|          16|          16|
    |add_ln703_378_fu_369233_p2  |     +    |      0|  0|  18|          16|          16|
    |add_ln703_379_fu_369239_p2  |     +    |      0|  0|  23|          16|          16|
    |add_ln703_380_fu_369243_p2  |     +    |      0|  0|  23|          16|          16|
    |add_ln703_381_fu_369248_p2  |     +    |      0|  0|  18|          16|          16|
    |add_ln703_382_fu_369254_p2  |     +    |      0|  0|  18|          16|          16|
    |add_ln703_383_fu_369260_p2  |     +    |      0|  0|  23|          16|          16|
    |add_ln703_384_fu_369266_p2  |     +    |      0|  0|  18|          16|          16|
    |add_ln703_385_fu_369271_p2  |     +    |      0|  0|  18|          16|          16|
    |add_ln703_386_fu_369277_p2  |     +    |      0|  0|  23|          16|          16|
    |add_ln703_387_fu_369282_p2  |     +    |      0|  0|  18|          16|          16|
    |add_ln703_388_fu_369287_p2  |     +    |      0|  0|  18|          16|          16|
    |add_ln703_389_fu_369672_p2  |     +    |      0|  0|  18|          16|          16|
    |add_ln703_390_fu_369676_p2  |     +    |      0|  0|  18|          16|          16|
    |add_ln703_391_fu_369293_p2  |     +    |      0|  0|  23|          16|          16|
    |add_ln703_392_fu_369298_p2  |     +    |      0|  0|  18|          16|          16|
    |add_ln703_393_fu_369303_p2  |     +    |      0|  0|  18|          16|          16|
    |add_ln703_394_fu_369309_p2  |     +    |      0|  0|  23|          16|          16|
    |add_ln703_395_fu_369314_p2  |     +    |      0|  0|  23|          16|          16|
    |add_ln703_396_fu_369319_p2  |     +    |      0|  0|  18|          16|          16|
    |add_ln703_397_fu_369325_p2  |     +    |      0|  0|  18|          16|          16|
    |add_ln703_398_fu_369331_p2  |     +    |      0|  0|  23|          16|          16|
    |add_ln703_399_fu_369336_p2  |     +    |      0|  0|  18|          16|          16|
    |add_ln703_400_fu_369341_p2  |     +    |      0|  0|  18|          16|          16|
    |add_ln703_401_fu_369347_p2  |     +    |      0|  0|  23|          16|          16|
    |add_ln703_402_fu_369352_p2  |     +    |      0|  0|  18|          16|           9|
    |add_ln703_403_fu_369357_p2  |     +    |      0|  0|  18|          16|          16|
    |add_ln703_404_fu_369362_p2  |     +    |      0|  0|  18|          16|          16|
    |add_ln703_405_fu_369368_p2  |     +    |      0|  0|  18|          16|          16|
    |add_ln703_406_fu_369681_p2  |     +    |      0|  0|  18|          16|          16|
    |add_ln703_407_fu_369685_p2  |     +    |      0|  0|  18|          16|          16|
    |add_ln703_408_fu_369374_p2  |     +    |      0|  0|  23|          16|          16|
    |add_ln703_409_fu_369379_p2  |     +    |      0|  0|  18|          16|          16|
    |add_ln703_410_fu_369383_p2  |     +    |      0|  0|  18|          16|          16|
    |add_ln703_411_fu_369389_p2  |     +    |      0|  0|  23|          16|          16|
    |add_ln703_412_fu_366903_p2  |     +    |      0|  0|  23|          16|          16|
    |add_ln703_413_fu_369393_p2  |     +    |      0|  0|  18|          16|          16|
    |add_ln703_414_fu_369398_p2  |     +    |      0|  0|  18|          16|          16|
    |add_ln703_415_fu_369404_p2  |     +    |      0|  0|  23|          16|          16|
    |add_ln703_416_fu_369409_p2  |     +    |      0|  0|  18|          16|          16|
    |add_ln703_417_fu_369413_p2  |     +    |      0|  0|  18|          16|          16|
    |add_ln703_418_fu_369419_p2  |     +    |      0|  0|  18|          16|          16|
    |add_ln703_419_fu_369424_p2  |     +    |      0|  0|  22|          15|          15|
    |add_ln703_420_fu_369434_p2  |     +    |      0|  0|  18|          16|          16|
    |add_ln703_421_fu_369691_p2  |     +    |      0|  0|  18|          16|          16|
    |add_ln703_422_fu_369695_p2  |     +    |      0|  0|  18|          16|          16|
    |add_ln703_423_fu_369440_p2  |     +    |      0|  0|  23|          16|          16|
    |add_ln703_424_fu_369445_p2  |     +    |      0|  0|  18|          16|          16|
    |add_ln703_425_fu_369450_p2  |     +    |      0|  0|  18|          16|          16|
    |add_ln703_426_fu_369456_p2  |     +    |      0|  0|  23|          16|          16|
    |add_ln703_427_fu_369460_p2  |     +    |      0|  0|  23|          16|          16|
    |add_ln703_428_fu_369465_p2  |     +    |      0|  0|  18|          16|          16|
    |add_ln703_429_fu_369471_p2  |     +    |      0|  0|  18|          16|          16|
    |add_ln703_430_fu_369477_p2  |     +    |      0|  0|  23|          16|          16|
    |add_ln703_431_fu_369481_p2  |     +    |      0|  0|  18|          16|          16|
    |add_ln703_432_fu_369486_p2  |     +    |      0|  0|  18|          16|          16|
    |add_ln703_433_fu_369492_p2  |     +    |      0|  0|  23|          16|          16|
    |add_ln703_434_fu_369497_p2  |     +    |      0|  0|  18|          16|           7|
    |add_ln703_435_fu_369502_p2  |     +    |      0|  0|  18|          16|          16|
    |add_ln703_436_fu_369508_p2  |     +    |      0|  0|  18|          16|          16|
    |add_ln703_437_fu_369514_p2  |     +    |      0|  0|  18|          16|          16|
    |add_ln703_438_fu_369700_p2  |     +    |      0|  0|  18|          16|          16|
    |add_ln703_439_fu_369704_p2  |     +    |      0|  0|  18|          16|          16|
    |add_ln703_fu_368029_p2      |     +    |      0|  0|  23|          16|          16|
    |sub_ln1118_10_fu_367360_p2  |     -    |      0|  0|  27|          20|          20|
    |sub_ln1118_11_fu_367476_p2  |     -    |      0|  0|  28|          21|          21|
    |sub_ln1118_12_fu_364951_p2  |     -    |      0|  0|  27|           1|          20|
    |sub_ln1118_13_fu_367551_p2  |     -    |      0|  0|  29|          22|          22|
    |sub_ln1118_14_fu_367660_p2  |     -    |      0|  0|  28|          21|          21|
    |sub_ln1118_15_fu_367697_p2  |     -    |      0|  0|  18|           1|          26|
    |sub_ln1118_16_fu_367714_p2  |     -    |      0|  0|  18|          26|          26|
    |sub_ln1118_17_fu_367737_p2  |     -    |      0|  0|  33|          26|          26|
    |sub_ln1118_18_fu_367781_p2  |     -    |      0|  0|  33|          26|          26|
    |sub_ln1118_19_fu_367819_p2  |     -    |      0|  0|  31|          24|          24|
    |sub_ln1118_1_fu_363753_p2   |     -    |      0|  0|  30|          23|          23|
    |sub_ln1118_20_fu_367850_p2  |     -    |      0|  0|  27|          20|          20|
    |sub_ln1118_21_fu_365817_p2  |     -    |      0|  0|  29|          22|          22|
    |sub_ln1118_22_fu_365950_p2  |     -    |      0|  0|  18|           1|          19|
    |sub_ln1118_23_fu_365956_p2  |     -    |      0|  0|  18|          19|          19|
    |sub_ln1118_24_fu_366183_p2  |     -    |      0|  0|  31|          24|          24|
    |sub_ln1118_25_fu_366228_p2  |     -    |      0|  0|  18|           1|          24|
    |sub_ln1118_26_fu_366246_p2  |     -    |      0|  0|  18|          24|          24|
    |sub_ln1118_27_fu_367939_p2  |     -    |      0|  0|  33|          26|          26|
    |sub_ln1118_28_fu_366578_p2  |     -    |      0|  0|  32|          25|          25|
    |sub_ln1118_29_fu_366663_p2  |     -    |      0|  0|  32|          25|          25|
    |sub_ln1118_2_fu_367167_p2   |     -    |      0|  0|  31|          24|          24|
    |sub_ln1118_30_fu_368010_p2  |     -    |      0|  0|  33|          26|          26|
    |sub_ln1118_31_fu_366861_p2  |     -    |      0|  0|  18|           1|          22|
    |sub_ln1118_32_fu_366867_p2  |     -    |      0|  0|  18|          22|          22|
    |sub_ln1118_3_fu_367210_p2   |     -    |      0|  0|  18|           1|          21|
    |sub_ln1118_4_fu_367231_p2   |     -    |      0|  0|  18|          21|          21|
    |sub_ln1118_5_fu_367254_p2   |     -    |      0|  0|  18|           1|          24|
    |sub_ln1118_6_fu_367260_p2   |     -    |      0|  0|  18|          24|          24|
    |sub_ln1118_7_fu_364062_p2   |     -    |      0|  0|  28|           1|          21|
    |sub_ln1118_8_fu_367312_p2   |     -    |      0|  0|  18|           1|          24|
    |sub_ln1118_9_fu_367329_p2   |     -    |      0|  0|  18|          24|          24|
    |sub_ln1118_fu_366994_p2     |     -    |      0|  0|  29|          22|          22|
    +----------------------------+----------+-------+---+----+------------+------------+
    |Total                       |          |    281|  0|8585|       10466|        8739|
    +----------------------------+----------+-------+---+----+------------+------------+

    * Multiplexer: 
    N/A

    * Register: 
    +-----------------------------+----+----+-----+-----------+
    |             Name            | FF | LUT| Bits| Const Bits|
    +-----------------------------+----+----+-----+-----------+
    |add_ln703_126_reg_371333     |  16|   0|   16|          0|
    |add_ln703_129_reg_371338     |  16|   0|   16|          0|
    |add_ln703_132_reg_371343     |  16|   0|   16|          0|
    |add_ln703_141_reg_371348     |  16|   0|   16|          0|
    |add_ln703_149_reg_371353     |  16|   0|   16|          0|
    |add_ln703_158_reg_371358     |  16|   0|   16|          0|
    |add_ln703_161_reg_371363     |  16|   0|   16|          0|
    |add_ln703_164_reg_371368     |  16|   0|   16|          0|
    |add_ln703_173_reg_371373     |  16|   0|   16|          0|
    |add_ln703_181_reg_371378     |  16|   0|   16|          0|
    |add_ln703_190_reg_371383     |  16|   0|   16|          0|
    |add_ln703_193_reg_371388     |  16|   0|   16|          0|
    |add_ln703_196_reg_371393     |  16|   0|   16|          0|
    |add_ln703_205_reg_371398     |  16|   0|   16|          0|
    |add_ln703_213_reg_371403     |  16|   0|   16|          0|
    |add_ln703_222_reg_371408     |  16|   0|   16|          0|
    |add_ln703_225_reg_371413     |  16|   0|   16|          0|
    |add_ln703_228_reg_371418     |  16|   0|   16|          0|
    |add_ln703_237_reg_371423     |  16|   0|   16|          0|
    |add_ln703_245_reg_371428     |  16|   0|   16|          0|
    |add_ln703_254_reg_371433     |  16|   0|   16|          0|
    |add_ln703_257_reg_371438     |  16|   0|   16|          0|
    |add_ln703_260_reg_371443     |  16|   0|   16|          0|
    |add_ln703_269_reg_371448     |  16|   0|   16|          0|
    |add_ln703_277_reg_371453     |  16|   0|   16|          0|
    |add_ln703_286_reg_371458     |  16|   0|   16|          0|
    |add_ln703_289_reg_371463     |  16|   0|   16|          0|
    |add_ln703_292_reg_371468     |  16|   0|   16|          0|
    |add_ln703_301_reg_371473     |  16|   0|   16|          0|
    |add_ln703_309_reg_371478     |  16|   0|   16|          0|
    |add_ln703_318_reg_371483     |  16|   0|   16|          0|
    |add_ln703_321_reg_371488     |  16|   0|   16|          0|
    |add_ln703_324_reg_371493     |  16|   0|   16|          0|
    |add_ln703_333_reg_371498     |  16|   0|   16|          0|
    |add_ln703_341_reg_371503     |  16|   0|   16|          0|
    |add_ln703_350_reg_371508     |  16|   0|   16|          0|
    |add_ln703_353_reg_371513     |  16|   0|   16|          0|
    |add_ln703_356_reg_371518     |  16|   0|   16|          0|
    |add_ln703_365_reg_371523     |  16|   0|   16|          0|
    |add_ln703_373_reg_371528     |  16|   0|   16|          0|
    |add_ln703_382_reg_371533     |  16|   0|   16|          0|
    |add_ln703_385_reg_371538     |  16|   0|   16|          0|
    |add_ln703_388_reg_371543     |  16|   0|   16|          0|
    |add_ln703_397_reg_371548     |  16|   0|   16|          0|
    |add_ln703_405_reg_371553     |  16|   0|   16|          0|
    |add_ln703_412_reg_371328     |  16|   0|   16|          0|
    |add_ln703_414_reg_371558     |  16|   0|   16|          0|
    |add_ln703_417_reg_371563     |  16|   0|   16|          0|
    |add_ln703_420_reg_371568     |  16|   0|   16|          0|
    |add_ln703_429_reg_371573     |  16|   0|   16|          0|
    |add_ln703_437_reg_371578     |  16|   0|   16|          0|
    |data_0_V_read_int_reg        |  16|   0|   16|          0|
    |data_10_V_read_2_reg_369821  |  16|   0|   16|          0|
    |data_10_V_read_int_reg       |  16|   0|   16|          0|
    |data_11_V_read_int_reg       |  16|   0|   16|          0|
    |data_12_V_read_int_reg       |  16|   0|   16|          0|
    |data_13_V_read_int_reg       |  16|   0|   16|          0|
    |data_14_V_read_4_reg_369813  |  16|   0|   16|          0|
    |data_14_V_read_int_reg       |  16|   0|   16|          0|
    |data_15_V_read_int_reg       |  16|   0|   16|          0|
    |data_16_V_read_int_reg       |  16|   0|   16|          0|
    |data_17_V_read_int_reg       |  16|   0|   16|          0|
    |data_18_V_read23_reg_369807  |  16|   0|   16|          0|
    |data_18_V_read_int_reg       |  16|   0|   16|          0|
    |data_19_V_read_int_reg       |  16|   0|   16|          0|
    |data_1_V_read_int_reg        |  16|   0|   16|          0|
    |data_20_V_read_int_reg       |  16|   0|   16|          0|
    |data_21_V_read_3_reg_369799  |  16|   0|   16|          0|
    |data_21_V_read_int_reg       |  16|   0|   16|          0|
    |data_22_V_read_4_reg_369792  |  16|   0|   16|          0|
    |data_22_V_read_int_reg       |  16|   0|   16|          0|
    |data_23_V_read_4_reg_369782  |  16|   0|   16|          0|
    |data_23_V_read_int_reg       |  16|   0|   16|          0|
    |data_24_V_read_int_reg       |  16|   0|   16|          0|
    |data_25_V_read_int_reg       |  16|   0|   16|          0|
    |data_26_V_read_int_reg       |  16|   0|   16|          0|
    |data_27_V_read_int_reg       |  16|   0|   16|          0|
    |data_28_V_read33_reg_369776  |  16|   0|   16|          0|
    |data_28_V_read_int_reg       |  16|   0|   16|          0|
    |data_29_V_read_int_reg       |  16|   0|   16|          0|
    |data_2_V_read_5_reg_369845   |  16|   0|   16|          0|
    |data_2_V_read_int_reg        |  16|   0|   16|          0|
    |data_30_V_read_int_reg       |  16|   0|   16|          0|
    |data_31_V_read_3_reg_369770  |  16|   0|   16|          0|
    |data_31_V_read_int_reg       |  16|   0|   16|          0|
    |data_3_V_read_5_reg_369837   |  16|   0|   16|          0|
    |data_3_V_read_int_reg        |  16|   0|   16|          0|
    |data_4_V_read_int_reg        |  16|   0|   16|          0|
    |data_5_V_read_int_reg        |  16|   0|   16|          0|
    |data_6_V_read_int_reg        |  16|   0|   16|          0|
    |data_7_V_read_int_reg        |  16|   0|   16|          0|
    |data_8_V_read13_reg_369829   |  16|   0|   16|          0|
    |data_8_V_read_int_reg        |  16|   0|   16|          0|
    |data_9_V_read_int_reg        |  16|   0|   16|          0|
    |mult_0_V_reg_369853          |  16|   0|   16|          0|
    |mult_102_V_reg_370308        |  16|   0|   16|          0|
    |mult_104_V_reg_370313        |  16|   0|   16|          0|
    |mult_105_V_reg_370318        |  16|   0|   16|          0|
    |mult_106_V_reg_370323        |  16|   0|   16|          0|
    |mult_109_V_reg_370338        |  16|   0|   16|          0|
    |mult_10_V_reg_369903         |  16|   0|   16|          0|
    |mult_110_V_reg_370343        |  16|   0|   16|          0|
    |mult_111_V_reg_370348        |  16|   0|   16|          0|
    |mult_112_V_reg_370353        |  16|   0|   16|          0|
    |mult_114_V_reg_370363        |  16|   0|   16|          0|
    |mult_116_V_reg_370373        |  16|   0|   16|          0|
    |mult_117_V_reg_370378        |  16|   0|   16|          0|
    |mult_118_V_reg_370383        |  16|   0|   16|          0|
    |mult_119_V_reg_370388        |  16|   0|   16|          0|
    |mult_121_V_reg_370398        |  16|   0|   16|          0|
    |mult_122_V_reg_370403        |  16|   0|   16|          0|
    |mult_124_V_reg_370413        |  16|   0|   16|          0|
    |mult_126_V_reg_370423        |  16|   0|   16|          0|
    |mult_131_V_reg_370448        |  16|   0|   16|          0|
    |mult_132_V_reg_370453        |  16|   0|   16|          0|
    |mult_133_V_reg_370458        |  16|   0|   16|          0|
    |mult_135_V_reg_370468        |  16|   0|   16|          0|
    |mult_136_V_reg_370473        |  16|   0|   16|          0|
    |mult_137_V_reg_370478        |  16|   0|   16|          0|
    |mult_138_V_reg_370483        |  16|   0|   16|          0|
    |mult_139_V_reg_370488        |  16|   0|   16|          0|
    |mult_140_V_reg_370493        |  16|   0|   16|          0|
    |mult_141_V_reg_370498        |  16|   0|   16|          0|
    |mult_142_V_reg_370503        |  16|   0|   16|          0|
    |mult_144_V_reg_370508        |  16|   0|   16|          0|
    |mult_145_V_reg_370513        |  16|   0|   16|          0|
    |mult_146_V_reg_370518        |  16|   0|   16|          0|
    |mult_147_V_reg_370523        |  16|   0|   16|          0|
    |mult_148_V_reg_370528        |  16|   0|   16|          0|
    |mult_14_V_reg_369923         |  16|   0|   16|          0|
    |mult_150_V_reg_370533        |  16|   0|   16|          0|
    |mult_151_V_reg_370538        |  16|   0|   16|          0|
    |mult_152_V_reg_370543        |  16|   0|   16|          0|
    |mult_153_V_reg_370548        |  16|   0|   16|          0|
    |mult_154_V_reg_370553        |  16|   0|   16|          0|
    |mult_155_V_reg_370558        |  16|   0|   16|          0|
    |mult_157_V_reg_370568        |  16|   0|   16|          0|
    |mult_15_V_reg_369928         |  16|   0|   16|          0|
    |mult_160_V_reg_370583        |  16|   0|   16|          0|
    |mult_161_V_reg_370588        |  16|   0|   16|          0|
    |mult_166_V_reg_370613        |  16|   0|   16|          0|
    |mult_167_V_reg_370618        |  16|   0|   16|          0|
    |mult_170_V_reg_370633        |  16|   0|   16|          0|
    |mult_171_V_reg_370638        |  16|   0|   16|          0|
    |mult_173_V_reg_370648        |  16|   0|   16|          0|
    |mult_174_V_reg_370653        |  16|   0|   16|          0|
    |mult_175_V_reg_370658        |  16|   0|   16|          0|
    |mult_177_V_reg_370668        |  16|   0|   16|          0|
    |mult_178_V_reg_370673        |  16|   0|   16|          0|
    |mult_179_V_reg_370678        |  16|   0|   16|          0|
    |mult_180_V_reg_370683        |  16|   0|   16|          0|
    |mult_181_V_reg_370688        |  16|   0|   16|          0|
    |mult_182_V_reg_370693        |  16|   0|   16|          0|
    |mult_183_V_reg_370698        |  16|   0|   16|          0|
    |mult_187_V_reg_370713        |  16|   0|   16|          0|
    |mult_18_V_reg_369943         |  16|   0|   16|          0|
    |mult_191_V_reg_370728        |  16|   0|   16|          0|
    |mult_193_V_reg_370738        |  16|   0|   16|          0|
    |mult_195_V_reg_370748        |  16|   0|   16|          0|
    |mult_196_V_reg_370753        |  16|   0|   16|          0|
    |mult_197_V_reg_370758        |  16|   0|   16|          0|
    |mult_198_V_reg_370763        |  16|   0|   16|          0|
    |mult_199_V_reg_370768        |  16|   0|   16|          0|
    |mult_1_V_reg_369858          |  16|   0|   16|          0|
    |mult_200_V_reg_370773        |  16|   0|   16|          0|
    |mult_201_V_reg_370778        |  16|   0|   16|          0|
    |mult_202_V_reg_370783        |  16|   0|   16|          0|
    |mult_203_V_reg_370788        |  16|   0|   16|          0|
    |mult_204_V_reg_370793        |  16|   0|   16|          0|
    |mult_205_V_reg_370798        |  16|   0|   16|          0|
    |mult_206_V_reg_370803        |  16|   0|   16|          0|
    |mult_208_V_reg_370813        |  16|   0|   16|          0|
    |mult_209_V_reg_370818        |  16|   0|   16|          0|
    |mult_20_V_reg_369953         |  16|   0|   16|          0|
    |mult_210_V_reg_370823        |  16|   0|   16|          0|
    |mult_211_V_reg_370828        |  16|   0|   16|          0|
    |mult_213_V_reg_370833        |  16|   0|   16|          0|
    |mult_214_V_reg_370838        |  16|   0|   16|          0|
    |mult_215_V_reg_370843        |  16|   0|   16|          0|
    |mult_217_V_reg_370848        |  16|   0|   16|          0|
    |mult_219_V_reg_370858        |  16|   0|   16|          0|
    |mult_21_V_reg_369958         |  16|   0|   16|          0|
    |mult_222_V_reg_370868        |  16|   0|   16|          0|
    |mult_223_V_reg_370873        |  16|   0|   16|          0|
    |mult_225_V_reg_370878        |  16|   0|   16|          0|
    |mult_227_V_reg_370888        |  16|   0|   16|          0|
    |mult_228_V_reg_370893        |  16|   0|   16|          0|
    |mult_229_V_reg_370898        |  16|   0|   16|          0|
    |mult_22_V_reg_369963         |  16|   0|   16|          0|
    |mult_230_V_reg_370903        |  16|   0|   16|          0|
    |mult_232_V_reg_370908        |  16|   0|   16|          0|
    |mult_234_V_reg_370913        |  16|   0|   16|          0|
    |mult_236_V_reg_370918        |  16|   0|   16|          0|
    |mult_237_V_reg_370923        |  16|   0|   16|          0|
    |mult_23_V_reg_369968         |  16|   0|   16|          0|
    |mult_240_V_reg_370938        |  16|   0|   16|          0|
    |mult_241_V_reg_370943        |  16|   0|   16|          0|
    |mult_244_V_reg_370958        |  16|   0|   16|          0|
    |mult_245_V_reg_370963        |  16|   0|   16|          0|
    |mult_246_V_reg_370968        |  16|   0|   16|          0|
    |mult_247_V_reg_370973        |  16|   0|   16|          0|
    |mult_248_V_reg_370978        |  16|   0|   16|          0|
    |mult_249_V_reg_370983        |  16|   0|   16|          0|
    |mult_252_V_reg_370998        |  16|   0|   16|          0|
    |mult_253_V_reg_371003        |  16|   0|   16|          0|
    |mult_254_V_reg_371008        |  16|   0|   16|          0|
    |mult_255_V_reg_371013        |  16|   0|   16|          0|
    |mult_256_V_reg_371018        |  16|   0|   16|          0|
    |mult_259_V_reg_371033        |  16|   0|   16|          0|
    |mult_25_V_reg_369973         |  16|   0|   16|          0|
    |mult_260_V_reg_371038        |  16|   0|   16|          0|
    |mult_261_V_reg_371043        |  16|   0|   16|          0|
    |mult_263_V_reg_371053        |  16|   0|   16|          0|
    |mult_264_V_reg_371058        |  16|   0|   16|          0|
    |mult_265_V_reg_371063        |  16|   0|   16|          0|
    |mult_266_V_reg_371068        |  16|   0|   16|          0|
    |mult_267_V_reg_371073        |  16|   0|   16|          0|
    |mult_272_V_reg_371098        |  16|   0|   16|          0|
    |mult_273_V_reg_371103        |  16|   0|   16|          0|
    |mult_274_V_reg_371108        |  16|   0|   16|          0|
    |mult_275_V_reg_371113        |  16|   0|   16|          0|
    |mult_276_V_reg_371118        |  16|   0|   16|          0|
    |mult_277_V_reg_371123        |  16|   0|   16|          0|
    |mult_278_V_reg_371128        |  16|   0|   16|          0|
    |mult_279_V_reg_371133        |  16|   0|   16|          0|
    |mult_27_V_reg_369978         |  16|   0|   16|          0|
    |mult_280_V_reg_371138        |  16|   0|   16|          0|
    |mult_281_V_reg_371143        |  16|   0|   16|          0|
    |mult_287_V_reg_371168        |  16|   0|   16|          0|
    |mult_289_V_reg_371178        |  16|   0|   16|          0|
    |mult_28_V_reg_369983         |  16|   0|   16|          0|
    |mult_291_V_reg_371188        |  16|   0|   16|          0|
    |mult_292_V_reg_371193        |  16|   0|   16|          0|
    |mult_293_V_reg_371198        |  16|   0|   16|          0|
    |mult_294_V_reg_371203        |  16|   0|   16|          0|
    |mult_295_V_reg_371208        |  16|   0|   16|          0|
    |mult_296_V_reg_371213        |  16|   0|   16|          0|
    |mult_298_V_reg_371223        |  16|   0|   16|          0|
    |mult_29_V_reg_369988         |  16|   0|   16|          0|
    |mult_2_V_reg_369863          |  16|   0|   16|          0|
    |mult_305_V_reg_371258        |  16|   0|   16|          0|
    |mult_306_V_reg_371263        |  16|   0|   16|          0|
    |mult_307_V_reg_371268        |  16|   0|   16|          0|
    |mult_308_V_reg_371273        |  16|   0|   16|          0|
    |mult_30_V_reg_369993         |  16|   0|   16|          0|
    |mult_310_V_reg_371283        |  16|   0|   16|          0|
    |mult_311_V_reg_371288        |  16|   0|   16|          0|
    |mult_314_V_reg_371298        |  16|   0|   16|          0|
    |mult_315_V_reg_371303        |  16|   0|   16|          0|
    |mult_316_V_reg_371308        |  16|   0|   16|          0|
    |mult_318_V_reg_371318        |  16|   0|   16|          0|
    |mult_31_V_reg_369998         |  16|   0|   16|          0|
    |mult_33_V_reg_370008         |  16|   0|   16|          0|
    |mult_34_V_reg_370013         |  16|   0|   16|          0|
    |mult_36_V_reg_370018         |  16|   0|   16|          0|
    |mult_37_V_reg_370023         |  16|   0|   16|          0|
    |mult_39_V_reg_370028         |  16|   0|   16|          0|
    |mult_3_V_reg_369868          |  16|   0|   16|          0|
    |mult_41_V_reg_370038         |  16|   0|   16|          0|
    |mult_42_V_reg_370043         |  16|   0|   16|          0|
    |mult_44_V_reg_370053         |  16|   0|   16|          0|
    |mult_47_V_reg_370068         |  16|   0|   16|          0|
    |mult_48_V_reg_370073         |  16|   0|   16|          0|
    |mult_49_V_reg_370078         |  16|   0|   16|          0|
    |mult_4_V_reg_369873          |  16|   0|   16|          0|
    |mult_50_V_reg_370083         |  16|   0|   16|          0|
    |mult_51_V_reg_370088         |  16|   0|   16|          0|
    |mult_55_V_reg_370108         |  16|   0|   16|          0|
    |mult_56_V_reg_370113         |  16|   0|   16|          0|
    |mult_57_V_reg_370118         |  16|   0|   16|          0|
    |mult_58_V_reg_370123         |  16|   0|   16|          0|
    |mult_59_V_reg_370128         |  16|   0|   16|          0|
    |mult_60_V_reg_370133         |  16|   0|   16|          0|
    |mult_61_V_reg_370138         |  16|   0|   16|          0|
    |mult_64_V_reg_370153         |  16|   0|   16|          0|
    |mult_68_V_reg_370168         |  16|   0|   16|          0|
    |mult_6_V_reg_369883          |  16|   0|   16|          0|
    |mult_70_V_reg_370173         |  16|   0|   16|          0|
    |mult_71_V_reg_370178         |  16|   0|   16|          0|
    |mult_72_V_reg_370183         |  16|   0|   16|          0|
    |mult_73_V_reg_370188         |  16|   0|   16|          0|
    |mult_76_V_reg_370203         |  16|   0|   16|          0|
    |mult_7_V_reg_369888          |  16|   0|   16|          0|
    |mult_80_V_reg_370218         |  16|   0|   16|          0|
    |mult_8_V_reg_369893          |  16|   0|   16|          0|
    |mult_93_V_reg_370268         |  16|   0|   16|          0|
    |mult_95_V_reg_370278         |  16|   0|   16|          0|
    |mult_96_V_reg_370283         |  16|   0|   16|          0|
    |mult_97_V_reg_370288         |  16|   0|   16|          0|
    |mult_99_V_reg_370298         |  16|   0|   16|          0|
    |mult_9_V_reg_369898          |  16|   0|   16|          0|
    |tmp_422_reg_370263           |  11|   0|   11|          0|
    |tmp_424_reg_370578           |  14|   0|   14|          0|
    |tmp_425_reg_370593           |  12|   0|   12|          0|
    |tmp_426_reg_370643           |  14|   0|   14|          0|
    |tmp_427_reg_371313           |  12|   0|   12|          0|
    |trunc_ln708_100_reg_370293   |  15|   0|   15|          0|
    |trunc_ln708_101_reg_370303   |  15|   0|   15|          0|
    |trunc_ln708_104_reg_370328   |  14|   0|   14|          0|
    |trunc_ln708_105_reg_370333   |  15|   0|   15|          0|
    |trunc_ln708_106_reg_370358   |  15|   0|   15|          0|
    |trunc_ln708_107_reg_370368   |  14|   0|   14|          0|
    |trunc_ln708_108_reg_370393   |  15|   0|   15|          0|
    |trunc_ln708_109_reg_370408   |  15|   0|   15|          0|
    |trunc_ln708_110_reg_370418   |  13|   0|   13|          0|
    |trunc_ln708_111_reg_370428   |  15|   0|   15|          0|
    |trunc_ln708_112_reg_370433   |  15|   0|   15|          0|
    |trunc_ln708_113_reg_370438   |  13|   0|   13|          0|
    |trunc_ln708_114_reg_370443   |  14|   0|   14|          0|
    |trunc_ln708_115_reg_370463   |  10|   0|   10|          0|
    |trunc_ln708_116_reg_370563   |  15|   0|   15|          0|
    |trunc_ln708_117_reg_370573   |  15|   0|   15|          0|
    |trunc_ln708_118_reg_370598   |  13|   0|   13|          0|
    |trunc_ln708_119_reg_370603   |  10|   0|   10|          0|
    |trunc_ln708_120_reg_370608   |  15|   0|   15|          0|
    |trunc_ln708_121_reg_370623   |  14|   0|   14|          0|
    |trunc_ln708_122_reg_370628   |  15|   0|   15|          0|
    |trunc_ln708_123_reg_370663   |  12|   0|   12|          0|
    |trunc_ln708_125_reg_370703   |  15|   0|   15|          0|
    |trunc_ln708_126_reg_370708   |  15|   0|   15|          0|
    |trunc_ln708_128_reg_370718   |  15|   0|   15|          0|
    |trunc_ln708_129_reg_370723   |  15|   0|   15|          0|
    |trunc_ln708_130_reg_370733   |  14|   0|   14|          0|
    |trunc_ln708_131_reg_370743   |  15|   0|   15|          0|
    |trunc_ln708_132_reg_370808   |  15|   0|   15|          0|
    |trunc_ln708_134_reg_370853   |  14|   0|   14|          0|
    |trunc_ln708_135_reg_370863   |  15|   0|   15|          0|
    |trunc_ln708_136_reg_370883   |  15|   0|   15|          0|
    |trunc_ln708_139_reg_370928   |  12|   0|   12|          0|
    |trunc_ln708_140_reg_370933   |  15|   0|   15|          0|
    |trunc_ln708_141_reg_370948   |  12|   0|   12|          0|
    |trunc_ln708_142_reg_370953   |  14|   0|   14|          0|
    |trunc_ln708_143_reg_370988   |  15|   0|   15|          0|
    |trunc_ln708_144_reg_370993   |   9|   0|    9|          0|
    |trunc_ln708_145_reg_371023   |  15|   0|   15|          0|
    |trunc_ln708_146_reg_371028   |  13|   0|   13|          0|
    |trunc_ln708_147_reg_371048   |  15|   0|   15|          0|
    |trunc_ln708_148_reg_371078   |  15|   0|   15|          0|
    |trunc_ln708_149_reg_371083   |  14|   0|   14|          0|
    |trunc_ln708_150_reg_371088   |  14|   0|   14|          0|
    |trunc_ln708_151_reg_371093   |  14|   0|   14|          0|
    |trunc_ln708_152_reg_371148   |  15|   0|   15|          0|
    |trunc_ln708_153_reg_371153   |  15|   0|   15|          0|
    |trunc_ln708_154_reg_371158   |  15|   0|   15|          0|
    |trunc_ln708_155_reg_371163   |  14|   0|   14|          0|
    |trunc_ln708_156_reg_371173   |  12|   0|   12|          0|
    |trunc_ln708_157_reg_371183   |  15|   0|   15|          0|
    |trunc_ln708_158_reg_371218   |  15|   0|   15|          0|
    |trunc_ln708_159_reg_371228   |  15|   0|   15|          0|
    |trunc_ln708_160_reg_371233   |  15|   0|   15|          0|
    |trunc_ln708_161_reg_371238   |  15|   0|   15|          0|
    |trunc_ln708_162_reg_371243   |  14|   0|   14|          0|
    |trunc_ln708_163_reg_371248   |  14|   0|   14|          0|
    |trunc_ln708_164_reg_371253   |  13|   0|   13|          0|
    |trunc_ln708_165_reg_371278   |  15|   0|   15|          0|
    |trunc_ln708_166_reg_371293   |  15|   0|   15|          0|
    |trunc_ln708_63_reg_369908    |  15|   0|   15|          0|
    |trunc_ln708_64_reg_369913    |  13|   0|   13|          0|
    |trunc_ln708_65_reg_369918    |  14|   0|   14|          0|
    |trunc_ln708_66_reg_369933    |  13|   0|   13|          0|
    |trunc_ln708_67_reg_369938    |  15|   0|   15|          0|
    |trunc_ln708_68_reg_369948    |  14|   0|   14|          0|
    |trunc_ln708_71_reg_370003    |  15|   0|   15|          0|
    |trunc_ln708_73_reg_370033    |  15|   0|   15|          0|
    |trunc_ln708_74_reg_370048    |  14|   0|   14|          0|
    |trunc_ln708_75_reg_370058    |  15|   0|   15|          0|
    |trunc_ln708_76_reg_370063    |  13|   0|   13|          0|
    |trunc_ln708_77_reg_370093    |  15|   0|   15|          0|
    |trunc_ln708_78_reg_370098    |  15|   0|   15|          0|
    |trunc_ln708_79_reg_370103    |  14|   0|   14|          0|
    |trunc_ln708_80_reg_370143    |  14|   0|   14|          0|
    |trunc_ln708_81_reg_370148    |  14|   0|   14|          0|
    |trunc_ln708_82_reg_370158    |  15|   0|   15|          0|
    |trunc_ln708_83_reg_370163    |  15|   0|   15|          0|
    |trunc_ln708_85_reg_370193    |  15|   0|   15|          0|
    |trunc_ln708_86_reg_370198    |  15|   0|   15|          0|
    |trunc_ln708_87_reg_370208    |  15|   0|   15|          0|
    |trunc_ln708_88_reg_370213    |  15|   0|   15|          0|
    |trunc_ln708_89_reg_370223    |  15|   0|   15|          0|
    |trunc_ln708_90_reg_370228    |  15|   0|   15|          0|
    |trunc_ln708_91_reg_370233    |  12|   0|   12|          0|
    |trunc_ln708_92_reg_370238    |  15|   0|   15|          0|
    |trunc_ln708_93_reg_370243    |  15|   0|   15|          0|
    |trunc_ln708_95_reg_370248    |  14|   0|   14|          0|
    |trunc_ln708_97_reg_370253    |  15|   0|   15|          0|
    |trunc_ln708_98_reg_370258    |  15|   0|   15|          0|
    |trunc_ln708_99_reg_370273    |  15|   0|   15|          0|
    |trunc_ln708_s_reg_369878     |  15|   0|   15|          0|
    |trunc_ln_reg_371323          |  16|   0|   16|          0|
    +-----------------------------+----+----+-----+-----------+
    |Total                        |6048|   0| 6048|          0|
    +-----------------------------+----+----+-----+-----------+



================================================================
== Interface
================================================================
* Summary: 
+----------------+-----+-----+------------+--------------------+--------------+
|    RTL Ports   | Dir | Bits|  Protocol  |    Source Object   |    C Type    |
+----------------+-----+-----+------------+--------------------+--------------+
|ap_clk          |  in |    1| ap_ctrl_hs | dense_simple.0.0.1 | return value |
|ap_rst          |  in |    1| ap_ctrl_hs | dense_simple.0.0.1 | return value |
|ap_return_0     | out |   16| ap_ctrl_hs | dense_simple.0.0.1 | return value |
|ap_return_1     | out |   16| ap_ctrl_hs | dense_simple.0.0.1 | return value |
|ap_return_2     | out |   16| ap_ctrl_hs | dense_simple.0.0.1 | return value |
|ap_return_3     | out |   16| ap_ctrl_hs | dense_simple.0.0.1 | return value |
|ap_return_4     | out |   16| ap_ctrl_hs | dense_simple.0.0.1 | return value |
|ap_return_5     | out |   16| ap_ctrl_hs | dense_simple.0.0.1 | return value |
|ap_return_6     | out |   16| ap_ctrl_hs | dense_simple.0.0.1 | return value |
|ap_return_7     | out |   16| ap_ctrl_hs | dense_simple.0.0.1 | return value |
|ap_return_8     | out |   16| ap_ctrl_hs | dense_simple.0.0.1 | return value |
|ap_return_9     | out |   16| ap_ctrl_hs | dense_simple.0.0.1 | return value |
|data_0_V_read   |  in |   16|   ap_none  |    data_0_V_read   |    scalar    |
|data_1_V_read   |  in |   16|   ap_none  |    data_1_V_read   |    scalar    |
|data_2_V_read   |  in |   16|   ap_none  |    data_2_V_read   |    scalar    |
|data_3_V_read   |  in |   16|   ap_none  |    data_3_V_read   |    scalar    |
|data_4_V_read   |  in |   16|   ap_none  |    data_4_V_read   |    scalar    |
|data_5_V_read   |  in |   16|   ap_none  |    data_5_V_read   |    scalar    |
|data_6_V_read   |  in |   16|   ap_none  |    data_6_V_read   |    scalar    |
|data_7_V_read   |  in |   16|   ap_none  |    data_7_V_read   |    scalar    |
|data_8_V_read   |  in |   16|   ap_none  |    data_8_V_read   |    scalar    |
|data_9_V_read   |  in |   16|   ap_none  |    data_9_V_read   |    scalar    |
|data_10_V_read  |  in |   16|   ap_none  |   data_10_V_read   |    scalar    |
|data_11_V_read  |  in |   16|   ap_none  |   data_11_V_read   |    scalar    |
|data_12_V_read  |  in |   16|   ap_none  |   data_12_V_read   |    scalar    |
|data_13_V_read  |  in |   16|   ap_none  |   data_13_V_read   |    scalar    |
|data_14_V_read  |  in |   16|   ap_none  |   data_14_V_read   |    scalar    |
|data_15_V_read  |  in |   16|   ap_none  |   data_15_V_read   |    scalar    |
|data_16_V_read  |  in |   16|   ap_none  |   data_16_V_read   |    scalar    |
|data_17_V_read  |  in |   16|   ap_none  |   data_17_V_read   |    scalar    |
|data_18_V_read  |  in |   16|   ap_none  |   data_18_V_read   |    scalar    |
|data_19_V_read  |  in |   16|   ap_none  |   data_19_V_read   |    scalar    |
|data_20_V_read  |  in |   16|   ap_none  |   data_20_V_read   |    scalar    |
|data_21_V_read  |  in |   16|   ap_none  |   data_21_V_read   |    scalar    |
|data_22_V_read  |  in |   16|   ap_none  |   data_22_V_read   |    scalar    |
|data_23_V_read  |  in |   16|   ap_none  |   data_23_V_read   |    scalar    |
|data_24_V_read  |  in |   16|   ap_none  |   data_24_V_read   |    scalar    |
|data_25_V_read  |  in |   16|   ap_none  |   data_25_V_read   |    scalar    |
|data_26_V_read  |  in |   16|   ap_none  |   data_26_V_read   |    scalar    |
|data_27_V_read  |  in |   16|   ap_none  |   data_27_V_read   |    scalar    |
|data_28_V_read  |  in |   16|   ap_none  |   data_28_V_read   |    scalar    |
|data_29_V_read  |  in |   16|   ap_none  |   data_29_V_read   |    scalar    |
|data_30_V_read  |  in |   16|   ap_none  |   data_30_V_read   |    scalar    |
|data_31_V_read  |  in |   16|   ap_none  |   data_31_V_read   |    scalar    |
+----------------+-----+-----+------------+--------------------+--------------+

