

================================================================
== Vivado HLS Report for 'hard_tanh'
================================================================
* Date:           Fri Apr 16 09:47:49 2021

* Version:        2019.2 (Build 2704478 on Wed Nov 06 22:10:23 MST 2019)
* Project:        myproject_prj
* Solution:       solution1
* Product family: kintexu
* Target device:  xcku115-flvb2104-2-i


================================================================
== Performance Estimates
================================================================
+ Timing: 
    * Summary: 
    +--------+---------+----------+------------+
    |  Clock |  Target | Estimated| Uncertainty|
    +--------+---------+----------+------------+
    |ap_clk  | 5.00 ns | 1.507 ns |   0.62 ns  |
    +--------+---------+----------+------------+

+ Latency: 
    * Summary: 
    +---------+---------+----------+----------+-----+-----+----------+
    |  Latency (cycles) |  Latency (absolute) |  Interval | Pipeline |
    |   min   |   max   |    min   |    max   | min | max |   Type   |
    +---------+---------+----------+----------+-----+-----+----------+
    |        0|        0|   0 ns   |   0 ns   |    1|    1| function |
    +---------+---------+----------+----------+-----+-----+----------+

    + Detail: 
        * Instance: 
        N/A

        * Loop: 
        N/A



================================================================
== Utilization Estimates
================================================================
* Summary: 
+---------------------+---------+-------+---------+--------+-----+
|         Name        | BRAM_18K| DSP48E|    FF   |   LUT  | URAM|
+---------------------+---------+-------+---------+--------+-----+
|DSP                  |        -|      -|        -|       -|    -|
|Expression           |        -|      -|        0|    1792|    -|
|FIFO                 |        -|      -|        -|       -|    -|
|Instance             |        -|      -|        -|       -|    -|
|Memory               |        -|      -|        -|       -|    -|
|Multiplexer          |        -|      -|        -|       -|    -|
|Register             |        -|      -|        -|       -|    -|
+---------------------+---------+-------+---------+--------+-----+
|Total                |        0|      0|        0|    1792|    0|
+---------------------+---------+-------+---------+--------+-----+
|Available SLR        |     2160|   2760|   663360|  331680|    0|
+---------------------+---------+-------+---------+--------+-----+
|Utilization SLR (%)  |        0|      0|        0|   ~0   |  100|
+---------------------+---------+-------+---------+--------+-----+
|Available            |     4320|   5520|  1326720|  663360|    0|
+---------------------+---------+-------+---------+--------+-----+
|Utilization (%)      |        0|      0|        0|   ~0   |    0|
+---------------------+---------+-------+---------+--------+-----+

+ Detail: 
    * Instance: 
    N/A

    * DSP48E: 
    N/A

    * Memory: 
    N/A

    * FIFO: 
    N/A

    * Expression: 
    +------------------------------+----------+-------+---+----+------------+------------+
    |         Variable Name        | Operation| DSP48E| FF| LUT| Bitwidth P0| Bitwidth P1|
    +------------------------------+----------+-------+---+----+------------+------------+
    |icmp_ln1494_10_fu_620_p2      |   icmp   |      0|  0|  13|          16|          11|
    |icmp_ln1494_11_fu_654_p2      |   icmp   |      0|  0|  13|          16|          11|
    |icmp_ln1494_12_fu_688_p2      |   icmp   |      0|  0|  13|          16|          11|
    |icmp_ln1494_13_fu_722_p2      |   icmp   |      0|  0|  13|          16|          11|
    |icmp_ln1494_14_fu_756_p2      |   icmp   |      0|  0|  13|          16|          11|
    |icmp_ln1494_15_fu_790_p2      |   icmp   |      0|  0|  13|          16|          11|
    |icmp_ln1494_16_fu_824_p2      |   icmp   |      0|  0|  13|          16|          11|
    |icmp_ln1494_17_fu_858_p2      |   icmp   |      0|  0|  13|          16|          11|
    |icmp_ln1494_18_fu_892_p2      |   icmp   |      0|  0|  13|          16|          11|
    |icmp_ln1494_19_fu_926_p2      |   icmp   |      0|  0|  13|          16|          11|
    |icmp_ln1494_1_fu_314_p2       |   icmp   |      0|  0|  13|          16|          11|
    |icmp_ln1494_20_fu_960_p2      |   icmp   |      0|  0|  13|          16|          11|
    |icmp_ln1494_21_fu_994_p2      |   icmp   |      0|  0|  13|          16|          11|
    |icmp_ln1494_22_fu_1028_p2     |   icmp   |      0|  0|  13|          16|          11|
    |icmp_ln1494_23_fu_1062_p2     |   icmp   |      0|  0|  13|          16|          11|
    |icmp_ln1494_24_fu_1096_p2     |   icmp   |      0|  0|  13|          16|          11|
    |icmp_ln1494_25_fu_1130_p2     |   icmp   |      0|  0|  13|          16|          11|
    |icmp_ln1494_26_fu_1164_p2     |   icmp   |      0|  0|  13|          16|          11|
    |icmp_ln1494_27_fu_1198_p2     |   icmp   |      0|  0|  13|          16|          11|
    |icmp_ln1494_28_fu_1232_p2     |   icmp   |      0|  0|  13|          16|          11|
    |icmp_ln1494_29_fu_1266_p2     |   icmp   |      0|  0|  13|          16|          11|
    |icmp_ln1494_2_fu_348_p2       |   icmp   |      0|  0|  13|          16|          11|
    |icmp_ln1494_30_fu_1300_p2     |   icmp   |      0|  0|  13|          16|          11|
    |icmp_ln1494_31_fu_1334_p2     |   icmp   |      0|  0|  13|          16|          11|
    |icmp_ln1494_3_fu_382_p2       |   icmp   |      0|  0|  13|          16|          11|
    |icmp_ln1494_4_fu_416_p2       |   icmp   |      0|  0|  13|          16|          11|
    |icmp_ln1494_5_fu_450_p2       |   icmp   |      0|  0|  13|          16|          11|
    |icmp_ln1494_6_fu_484_p2       |   icmp   |      0|  0|  13|          16|          11|
    |icmp_ln1494_7_fu_518_p2       |   icmp   |      0|  0|  13|          16|          11|
    |icmp_ln1494_8_fu_552_p2       |   icmp   |      0|  0|  13|          16|          11|
    |icmp_ln1494_9_fu_586_p2       |   icmp   |      0|  0|  13|          16|          11|
    |icmp_ln1494_fu_280_p2         |   icmp   |      0|  0|  13|          16|          11|
    |icmp_ln1495_10_fu_626_p2      |   icmp   |      0|  0|  13|          16|          12|
    |icmp_ln1495_11_fu_660_p2      |   icmp   |      0|  0|  13|          16|          12|
    |icmp_ln1495_12_fu_694_p2      |   icmp   |      0|  0|  13|          16|          12|
    |icmp_ln1495_13_fu_728_p2      |   icmp   |      0|  0|  13|          16|          12|
    |icmp_ln1495_14_fu_762_p2      |   icmp   |      0|  0|  13|          16|          12|
    |icmp_ln1495_15_fu_796_p2      |   icmp   |      0|  0|  13|          16|          12|
    |icmp_ln1495_16_fu_830_p2      |   icmp   |      0|  0|  13|          16|          12|
    |icmp_ln1495_17_fu_864_p2      |   icmp   |      0|  0|  13|          16|          12|
    |icmp_ln1495_18_fu_898_p2      |   icmp   |      0|  0|  13|          16|          12|
    |icmp_ln1495_19_fu_932_p2      |   icmp   |      0|  0|  13|          16|          12|
    |icmp_ln1495_1_fu_320_p2       |   icmp   |      0|  0|  13|          16|          12|
    |icmp_ln1495_20_fu_966_p2      |   icmp   |      0|  0|  13|          16|          12|
    |icmp_ln1495_21_fu_1000_p2     |   icmp   |      0|  0|  13|          16|          12|
    |icmp_ln1495_22_fu_1034_p2     |   icmp   |      0|  0|  13|          16|          12|
    |icmp_ln1495_23_fu_1068_p2     |   icmp   |      0|  0|  13|          16|          12|
    |icmp_ln1495_24_fu_1102_p2     |   icmp   |      0|  0|  13|          16|          12|
    |icmp_ln1495_25_fu_1136_p2     |   icmp   |      0|  0|  13|          16|          12|
    |icmp_ln1495_26_fu_1170_p2     |   icmp   |      0|  0|  13|          16|          12|
    |icmp_ln1495_27_fu_1204_p2     |   icmp   |      0|  0|  13|          16|          12|
    |icmp_ln1495_28_fu_1238_p2     |   icmp   |      0|  0|  13|          16|          12|
    |icmp_ln1495_29_fu_1272_p2     |   icmp   |      0|  0|  13|          16|          12|
    |icmp_ln1495_2_fu_354_p2       |   icmp   |      0|  0|  13|          16|          12|
    |icmp_ln1495_30_fu_1306_p2     |   icmp   |      0|  0|  13|          16|          12|
    |icmp_ln1495_31_fu_1340_p2     |   icmp   |      0|  0|  13|          16|          12|
    |icmp_ln1495_3_fu_388_p2       |   icmp   |      0|  0|  13|          16|          12|
    |icmp_ln1495_4_fu_422_p2       |   icmp   |      0|  0|  13|          16|          12|
    |icmp_ln1495_5_fu_456_p2       |   icmp   |      0|  0|  13|          16|          12|
    |icmp_ln1495_6_fu_490_p2       |   icmp   |      0|  0|  13|          16|          12|
    |icmp_ln1495_7_fu_524_p2       |   icmp   |      0|  0|  13|          16|          12|
    |icmp_ln1495_8_fu_558_p2       |   icmp   |      0|  0|  13|          16|          12|
    |icmp_ln1495_9_fu_592_p2       |   icmp   |      0|  0|  13|          16|          12|
    |icmp_ln1495_fu_286_p2         |   icmp   |      0|  0|  13|          16|          12|
    |or_ln1494_10_fu_640_p2        |    or    |      0|  0|   2|           1|           1|
    |or_ln1494_11_fu_674_p2        |    or    |      0|  0|   2|           1|           1|
    |or_ln1494_12_fu_708_p2        |    or    |      0|  0|   2|           1|           1|
    |or_ln1494_13_fu_742_p2        |    or    |      0|  0|   2|           1|           1|
    |or_ln1494_14_fu_776_p2        |    or    |      0|  0|   2|           1|           1|
    |or_ln1494_15_fu_810_p2        |    or    |      0|  0|   2|           1|           1|
    |or_ln1494_16_fu_844_p2        |    or    |      0|  0|   2|           1|           1|
    |or_ln1494_17_fu_878_p2        |    or    |      0|  0|   2|           1|           1|
    |or_ln1494_18_fu_912_p2        |    or    |      0|  0|   2|           1|           1|
    |or_ln1494_19_fu_946_p2        |    or    |      0|  0|   2|           1|           1|
    |or_ln1494_1_fu_334_p2         |    or    |      0|  0|   2|           1|           1|
    |or_ln1494_20_fu_980_p2        |    or    |      0|  0|   2|           1|           1|
    |or_ln1494_21_fu_1014_p2       |    or    |      0|  0|   2|           1|           1|
    |or_ln1494_22_fu_1048_p2       |    or    |      0|  0|   2|           1|           1|
    |or_ln1494_23_fu_1082_p2       |    or    |      0|  0|   2|           1|           1|
    |or_ln1494_24_fu_1116_p2       |    or    |      0|  0|   2|           1|           1|
    |or_ln1494_25_fu_1150_p2       |    or    |      0|  0|   2|           1|           1|
    |or_ln1494_26_fu_1184_p2       |    or    |      0|  0|   2|           1|           1|
    |or_ln1494_27_fu_1218_p2       |    or    |      0|  0|   2|           1|           1|
    |or_ln1494_28_fu_1252_p2       |    or    |      0|  0|   2|           1|           1|
    |or_ln1494_29_fu_1286_p2       |    or    |      0|  0|   2|           1|           1|
    |or_ln1494_2_fu_368_p2         |    or    |      0|  0|   2|           1|           1|
    |or_ln1494_30_fu_1320_p2       |    or    |      0|  0|   2|           1|           1|
    |or_ln1494_31_fu_1354_p2       |    or    |      0|  0|   2|           1|           1|
    |or_ln1494_3_fu_402_p2         |    or    |      0|  0|   2|           1|           1|
    |or_ln1494_4_fu_436_p2         |    or    |      0|  0|   2|           1|           1|
    |or_ln1494_5_fu_470_p2         |    or    |      0|  0|   2|           1|           1|
    |or_ln1494_6_fu_504_p2         |    or    |      0|  0|   2|           1|           1|
    |or_ln1494_7_fu_538_p2         |    or    |      0|  0|   2|           1|           1|
    |or_ln1494_8_fu_572_p2         |    or    |      0|  0|   2|           1|           1|
    |or_ln1494_9_fu_606_p2         |    or    |      0|  0|   2|           1|           1|
    |or_ln1494_fu_300_p2           |    or    |      0|  0|   2|           1|           1|
    |select_ln1494_100_fu_462_p3   |  select  |      0|  0|  12|           1|          11|
    |select_ln1494_101_fu_496_p3   |  select  |      0|  0|  12|           1|          11|
    |select_ln1494_102_fu_530_p3   |  select  |      0|  0|  12|           1|          11|
    |select_ln1494_103_fu_564_p3   |  select  |      0|  0|  12|           1|          11|
    |select_ln1494_104_fu_598_p3   |  select  |      0|  0|  12|           1|          11|
    |select_ln1494_105_fu_632_p3   |  select  |      0|  0|  12|           1|          11|
    |select_ln1494_106_fu_666_p3   |  select  |      0|  0|  12|           1|          11|
    |select_ln1494_107_fu_700_p3   |  select  |      0|  0|  12|           1|          11|
    |select_ln1494_108_fu_734_p3   |  select  |      0|  0|  12|           1|          11|
    |select_ln1494_109_fu_768_p3   |  select  |      0|  0|  12|           1|          11|
    |select_ln1494_110_fu_802_p3   |  select  |      0|  0|  12|           1|          11|
    |select_ln1494_111_fu_836_p3   |  select  |      0|  0|  12|           1|          11|
    |select_ln1494_112_fu_870_p3   |  select  |      0|  0|  12|           1|          11|
    |select_ln1494_113_fu_904_p3   |  select  |      0|  0|  12|           1|          11|
    |select_ln1494_114_fu_938_p3   |  select  |      0|  0|  12|           1|          11|
    |select_ln1494_115_fu_972_p3   |  select  |      0|  0|  12|           1|          11|
    |select_ln1494_116_fu_1006_p3  |  select  |      0|  0|  12|           1|          11|
    |select_ln1494_117_fu_1040_p3  |  select  |      0|  0|  12|           1|          11|
    |select_ln1494_118_fu_1074_p3  |  select  |      0|  0|  12|           1|          11|
    |select_ln1494_119_fu_1108_p3  |  select  |      0|  0|  12|           1|          11|
    |select_ln1494_120_fu_1142_p3  |  select  |      0|  0|  12|           1|          11|
    |select_ln1494_121_fu_1176_p3  |  select  |      0|  0|  12|           1|          11|
    |select_ln1494_122_fu_1210_p3  |  select  |      0|  0|  12|           1|          11|
    |select_ln1494_123_fu_1244_p3  |  select  |      0|  0|  12|           1|          11|
    |select_ln1494_124_fu_1278_p3  |  select  |      0|  0|  12|           1|          11|
    |select_ln1494_125_fu_1312_p3  |  select  |      0|  0|  12|           1|          11|
    |select_ln1494_126_fu_1346_p3  |  select  |      0|  0|  12|           1|          11|
    |select_ln1494_64_fu_306_p3    |  select  |      0|  0|  16|           1|          16|
    |select_ln1494_65_fu_340_p3    |  select  |      0|  0|  16|           1|          16|
    |select_ln1494_66_fu_374_p3    |  select  |      0|  0|  16|           1|          16|
    |select_ln1494_67_fu_408_p3    |  select  |      0|  0|  16|           1|          16|
    |select_ln1494_68_fu_442_p3    |  select  |      0|  0|  16|           1|          16|
    |select_ln1494_69_fu_476_p3    |  select  |      0|  0|  16|           1|          16|
    |select_ln1494_70_fu_510_p3    |  select  |      0|  0|  16|           1|          16|
    |select_ln1494_71_fu_544_p3    |  select  |      0|  0|  16|           1|          16|
    |select_ln1494_72_fu_578_p3    |  select  |      0|  0|  16|           1|          16|
    |select_ln1494_73_fu_612_p3    |  select  |      0|  0|  16|           1|          16|
    |select_ln1494_74_fu_646_p3    |  select  |      0|  0|  16|           1|          16|
    |select_ln1494_75_fu_680_p3    |  select  |      0|  0|  16|           1|          16|
    |select_ln1494_76_fu_714_p3    |  select  |      0|  0|  16|           1|          16|
    |select_ln1494_77_fu_748_p3    |  select  |      0|  0|  16|           1|          16|
    |select_ln1494_78_fu_782_p3    |  select  |      0|  0|  16|           1|          16|
    |select_ln1494_79_fu_816_p3    |  select  |      0|  0|  16|           1|          16|
    |select_ln1494_80_fu_850_p3    |  select  |      0|  0|  16|           1|          16|
    |select_ln1494_81_fu_884_p3    |  select  |      0|  0|  16|           1|          16|
    |select_ln1494_82_fu_918_p3    |  select  |      0|  0|  16|           1|          16|
    |select_ln1494_83_fu_952_p3    |  select  |      0|  0|  16|           1|          16|
    |select_ln1494_84_fu_986_p3    |  select  |      0|  0|  16|           1|          16|
    |select_ln1494_85_fu_1020_p3   |  select  |      0|  0|  16|           1|          16|
    |select_ln1494_86_fu_1054_p3   |  select  |      0|  0|  16|           1|          16|
    |select_ln1494_87_fu_1088_p3   |  select  |      0|  0|  16|           1|          16|
    |select_ln1494_88_fu_1122_p3   |  select  |      0|  0|  16|           1|          16|
    |select_ln1494_89_fu_1156_p3   |  select  |      0|  0|  16|           1|          16|
    |select_ln1494_90_fu_1190_p3   |  select  |      0|  0|  16|           1|          16|
    |select_ln1494_91_fu_1224_p3   |  select  |      0|  0|  16|           1|          16|
    |select_ln1494_92_fu_1258_p3   |  select  |      0|  0|  16|           1|          16|
    |select_ln1494_93_fu_1292_p3   |  select  |      0|  0|  16|           1|          16|
    |select_ln1494_94_fu_1326_p3   |  select  |      0|  0|  16|           1|          16|
    |select_ln1494_95_fu_1360_p3   |  select  |      0|  0|  16|           1|          16|
    |select_ln1494_96_fu_326_p3    |  select  |      0|  0|  12|           1|          11|
    |select_ln1494_97_fu_360_p3    |  select  |      0|  0|  12|           1|          11|
    |select_ln1494_98_fu_394_p3    |  select  |      0|  0|  12|           1|          11|
    |select_ln1494_99_fu_428_p3    |  select  |      0|  0|  12|           1|          11|
    |select_ln1494_fu_292_p3       |  select  |      0|  0|  12|           1|          11|
    +------------------------------+----------+-------+---+----+------------+------------+
    |Total                         |          |      0|  0|1792|        1120|        1632|
    +------------------------------+----------+-------+---+----+------------+------------+

    * Multiplexer: 
    N/A

    * Register: 
    N/A



================================================================
== Interface
================================================================
* Summary: 
+----------------+-----+-----+------------+----------------+--------------+
|    RTL Ports   | Dir | Bits|  Protocol  |  Source Object |    C Type    |
+----------------+-----+-----+------------+----------------+--------------+
|ap_ready        | out |    1| ap_ctrl_hs |    hard_tanh   | return value |
|ap_return_0     | out |   16| ap_ctrl_hs |    hard_tanh   | return value |
|ap_return_1     | out |   16| ap_ctrl_hs |    hard_tanh   | return value |
|ap_return_2     | out |   16| ap_ctrl_hs |    hard_tanh   | return value |
|ap_return_3     | out |   16| ap_ctrl_hs |    hard_tanh   | return value |
|ap_return_4     | out |   16| ap_ctrl_hs |    hard_tanh   | return value |
|ap_return_5     | out |   16| ap_ctrl_hs |    hard_tanh   | return value |
|ap_return_6     | out |   16| ap_ctrl_hs |    hard_tanh   | return value |
|ap_return_7     | out |   16| ap_ctrl_hs |    hard_tanh   | return value |
|ap_return_8     | out |   16| ap_ctrl_hs |    hard_tanh   | return value |
|ap_return_9     | out |   16| ap_ctrl_hs |    hard_tanh   | return value |
|ap_return_10    | out |   16| ap_ctrl_hs |    hard_tanh   | return value |
|ap_return_11    | out |   16| ap_ctrl_hs |    hard_tanh   | return value |
|ap_return_12    | out |   16| ap_ctrl_hs |    hard_tanh   | return value |
|ap_return_13    | out |   16| ap_ctrl_hs |    hard_tanh   | return value |
|ap_return_14    | out |   16| ap_ctrl_hs |    hard_tanh   | return value |
|ap_return_15    | out |   16| ap_ctrl_hs |    hard_tanh   | return value |
|ap_return_16    | out |   16| ap_ctrl_hs |    hard_tanh   | return value |
|ap_return_17    | out |   16| ap_ctrl_hs |    hard_tanh   | return value |
|ap_return_18    | out |   16| ap_ctrl_hs |    hard_tanh   | return value |
|ap_return_19    | out |   16| ap_ctrl_hs |    hard_tanh   | return value |
|ap_return_20    | out |   16| ap_ctrl_hs |    hard_tanh   | return value |
|ap_return_21    | out |   16| ap_ctrl_hs |    hard_tanh   | return value |
|ap_return_22    | out |   16| ap_ctrl_hs |    hard_tanh   | return value |
|ap_return_23    | out |   16| ap_ctrl_hs |    hard_tanh   | return value |
|ap_return_24    | out |   16| ap_ctrl_hs |    hard_tanh   | return value |
|ap_return_25    | out |   16| ap_ctrl_hs |    hard_tanh   | return value |
|ap_return_26    | out |   16| ap_ctrl_hs |    hard_tanh   | return value |
|ap_return_27    | out |   16| ap_ctrl_hs |    hard_tanh   | return value |
|ap_return_28    | out |   16| ap_ctrl_hs |    hard_tanh   | return value |
|ap_return_29    | out |   16| ap_ctrl_hs |    hard_tanh   | return value |
|ap_return_30    | out |   16| ap_ctrl_hs |    hard_tanh   | return value |
|ap_return_31    | out |   16| ap_ctrl_hs |    hard_tanh   | return value |
|data_0_V_read   |  in |   16|   ap_none  |  data_0_V_read |    scalar    |
|data_1_V_read   |  in |   16|   ap_none  |  data_1_V_read |    scalar    |
|data_2_V_read   |  in |   16|   ap_none  |  data_2_V_read |    scalar    |
|data_3_V_read   |  in |   16|   ap_none  |  data_3_V_read |    scalar    |
|data_4_V_read   |  in |   16|   ap_none  |  data_4_V_read |    scalar    |
|data_5_V_read   |  in |   16|   ap_none  |  data_5_V_read |    scalar    |
|data_6_V_read   |  in |   16|   ap_none  |  data_6_V_read |    scalar    |
|data_7_V_read   |  in |   16|   ap_none  |  data_7_V_read |    scalar    |
|data_8_V_read   |  in |   16|   ap_none  |  data_8_V_read |    scalar    |
|data_9_V_read   |  in |   16|   ap_none  |  data_9_V_read |    scalar    |
|data_10_V_read  |  in |   16|   ap_none  | data_10_V_read |    scalar    |
|data_11_V_read  |  in |   16|   ap_none  | data_11_V_read |    scalar    |
|data_12_V_read  |  in |   16|   ap_none  | data_12_V_read |    scalar    |
|data_13_V_read  |  in |   16|   ap_none  | data_13_V_read |    scalar    |
|data_14_V_read  |  in |   16|   ap_none  | data_14_V_read |    scalar    |
|data_15_V_read  |  in |   16|   ap_none  | data_15_V_read |    scalar    |
|data_16_V_read  |  in |   16|   ap_none  | data_16_V_read |    scalar    |
|data_17_V_read  |  in |   16|   ap_none  | data_17_V_read |    scalar    |
|data_18_V_read  |  in |   16|   ap_none  | data_18_V_read |    scalar    |
|data_19_V_read  |  in |   16|   ap_none  | data_19_V_read |    scalar    |
|data_20_V_read  |  in |   16|   ap_none  | data_20_V_read |    scalar    |
|data_21_V_read  |  in |   16|   ap_none  | data_21_V_read |    scalar    |
|data_22_V_read  |  in |   16|   ap_none  | data_22_V_read |    scalar    |
|data_23_V_read  |  in |   16|   ap_none  | data_23_V_read |    scalar    |
|data_24_V_read  |  in |   16|   ap_none  | data_24_V_read |    scalar    |
|data_25_V_read  |  in |   16|   ap_none  | data_25_V_read |    scalar    |
|data_26_V_read  |  in |   16|   ap_none  | data_26_V_read |    scalar    |
|data_27_V_read  |  in |   16|   ap_none  | data_27_V_read |    scalar    |
|data_28_V_read  |  in |   16|   ap_none  | data_28_V_read |    scalar    |
|data_29_V_read  |  in |   16|   ap_none  | data_29_V_read |    scalar    |
|data_30_V_read  |  in |   16|   ap_none  | data_30_V_read |    scalar    |
|data_31_V_read  |  in |   16|   ap_none  | data_31_V_read |    scalar    |
+----------------+-----+-----+------------+----------------+--------------+

