

================================================================
== Vivado HLS Report for 'lstm'
================================================================
* Date:           Sat Apr 17 18:27:20 2021

* Version:        2019.2 (Build 2704478 on Wed Nov 06 22:10:23 MST 2019)
* Project:        myproject_prj
* Solution:       solution1
* Product family: kintexu
* Target device:  xcku115-flvb2104-2-i


================================================================
== Performance Estimates
================================================================
+ Timing: 
    * Summary: 
    +--------+---------+----------+------------+
    |  Clock |  Target | Estimated| Uncertainty|
    +--------+---------+----------+------------+
    |ap_clk  | 5.00 ns | 4.366 ns |   0.62 ns  |
    +--------+---------+----------+------------+

+ Latency: 
    * Summary: 
    +---------+---------+----------+----------+-----+-----+---------------------------------------------+
    |  Latency (cycles) |  Latency (absolute) |  Interval |                   Pipeline                  |
    |   min   |   max   |    min   |    max   | min | max |                     Type                    |
    +---------+---------+----------+----------+-----+-----+---------------------------------------------+
    |      316|      317| 1.580 us | 1.585 us |  308|  308| loop rewind(delay=0 initiation interval(s)) |
    +---------+---------+----------+----------+-----+-----+---------------------------------------------+

    + Detail: 
        * Instance: 
        +----------------------------------+----------------------+---------+---------+-----------+-----------+-----+-----+----------+
        |                                  |                      |  Latency (cycles) |   Latency (absolute)  |  Interval | Pipeline |
        |             Instance             |        Module        |   min   |   max   |    min    |    max    | min | max |   Type   |
        +----------------------------------+----------------------+---------+---------+-----------+-----------+-----+-----+----------+
        |grp_dense_simple_0_0_0_0_fu_1461  |dense_simple_0_0_0_0  |        2|        2| 10.000 ns | 10.000 ns |    1|    1| function |
        |grp_dense_simple_0_0_fu_1657      |dense_simple_0_0      |        7|        7| 35.000 ns | 35.000 ns |    8|    8| function |
        |grp_sigmoid_fu_1717               |sigmoid               |        2|        2| 10.000 ns | 10.000 ns |    1|    1| function |
        |grp_sigmoid_fu_1755               |sigmoid               |        2|        2| 10.000 ns | 10.000 ns |    1|    1| function |
        |grp_sigmoid_fu_1793               |sigmoid               |        2|        2| 10.000 ns | 10.000 ns |    1|    1| function |
        |grp_lstm_tail_fu_1831             |lstm_tail             |        2|        2| 10.000 ns | 10.000 ns |    1|    1| function |
        |call_ret6_hard_tanh_1_fu_2027     |hard_tanh_1           |        0|        0|    0 ns   |    0 ns   |    1|    1| function |
        +----------------------------------+----------------------+---------+---------+-----------+-----------+-----+-----+----------+

        * Loop: 
        +-----------+---------+---------+----------+-----------+-----------+------+----------+
        |           |  Latency (cycles) | Iteration|  Initiation Interval  | Trip |          |
        | Loop Name |   min   |   max   |  Latency |  achieved |   target  | Count| Pipelined|
        +-----------+---------+---------+----------+-----------+-----------+------+----------+
        |- LSTM_TS  |      316|      316|        20|         11|          1|    28|    yes   |
        +-----------+---------+---------+----------+-----------+-----------+------+----------+



================================================================
== Utilization Estimates
================================================================
* Summary: 
+---------------------+---------+-------+---------+--------+-----+
|         Name        | BRAM_18K| DSP48E|    FF   |   LUT  | URAM|
+---------------------+---------+-------+---------+--------+-----+
|DSP                  |        -|      -|        -|       -|    -|
|Expression           |        -|      -|        0|      30|    -|
|FIFO                 |        -|      -|        -|       -|    -|
|Instance             |       48|   3399|   116992|  251683|    -|
|Memory               |        -|      -|        -|       -|    -|
|Multiplexer          |        -|      -|        -|     962|    -|
|Register             |        -|      -|     7710|       -|    -|
+---------------------+---------+-------+---------+--------+-----+
|Total                |       48|   3399|   124702|  252675|    0|
+---------------------+---------+-------+---------+--------+-----+
|Available SLR        |     2160|   2760|   663360|  331680|    0|
+---------------------+---------+-------+---------+--------+-----+
|Utilization SLR (%)  |        2|    123|       18|      76|  100|
+---------------------+---------+-------+---------+--------+-----+
|Available            |     4320|   5520|  1326720|  663360|    0|
+---------------------+---------+-------+---------+--------+-----+
|Utilization (%)      |        1|     61|        9|      38|    0|
+---------------------+---------+-------+---------+--------+-----+

+ Detail: 
    * Instance: 
    +----------------------------------+----------------------+---------+-------+-------+--------+-----+
    |             Instance             |        Module        | BRAM_18K| DSP48E|   FF  |   LUT  | URAM|
    +----------------------------------+----------------------+---------+-------+-------+--------+-----+
    |grp_dense_simple_0_0_fu_1657      |dense_simple_0_0      |        0|    399|  43164|  115866|    0|
    |grp_dense_simple_0_0_0_0_fu_1461  |dense_simple_0_0_0_0  |        0|   2904|  66202|  116317|    0|
    |call_ret6_hard_tanh_1_fu_2027     |hard_tanh_1           |        0|      0|      0|    1792|    0|
    |grp_lstm_tail_fu_1831             |lstm_tail             |        0|     96|   6657|    3488|    0|
    |grp_sigmoid_fu_1717               |sigmoid               |       16|      0|    323|    4740|    0|
    |grp_sigmoid_fu_1755               |sigmoid               |       16|      0|    323|    4740|    0|
    |grp_sigmoid_fu_1793               |sigmoid               |       16|      0|    323|    4740|    0|
    +----------------------------------+----------------------+---------+-------+-------+--------+-----+
    |Total                             |                      |       48|   3399| 116992|  251683|    0|
    +----------------------------------+----------------------+---------+-------+-------+--------+-----+

    * DSP48E: 
    N/A

    * Memory: 
    N/A

    * FIFO: 
    N/A

    * Expression: 
    +-----------------------+----------+-------+---+----+------------+------------+
    |     Variable Name     | Operation| DSP48E| FF| LUT| Bitwidth P0| Bitwidth P1|
    +-----------------------+----------+-------+---+----+------------+------------+
    |its_fu_2613_p2         |     +    |      0|  0|  15|           5|           1|
    |ap_condition_2457      |    and   |      0|  0|   2|           1|           1|
    |icmp_ln426_fu_2095_p2  |   icmp   |      0|  0|  11|           5|           4|
    |ap_enable_pp0          |    xor   |      0|  0|   2|           1|           2|
    +-----------------------+----------+-------+---+----+------------+------------+
    |Total                  |          |      0|  0|  30|          12|           8|
    +-----------------------+----------+-------+---+----+------------+------------+

    * Multiplexer: 
    +----------------------------------+----+-----------+-----+-----------+
    |               Name               | LUT| Input Size| Bits| Total Bits|
    +----------------------------------+----+-----------+-----+-----------+
    |ap_NS_fsm                         |  56|         13|    1|         13|
    |ap_enable_reg_pp0_iter0           |   9|          2|    1|          2|
    |ap_enable_reg_pp0_iter1           |   9|          2|    1|          2|
    |ap_phi_mux_its_097_phi_fu_490_p6  |  15|          3|    5|         15|
    |ap_return_0                       |   9|          2|   16|         32|
    |ap_return_1                       |   9|          2|   16|         32|
    |ap_return_10                      |   9|          2|   16|         32|
    |ap_return_11                      |   9|          2|   16|         32|
    |ap_return_12                      |   9|          2|   16|         32|
    |ap_return_13                      |   9|          2|   16|         32|
    |ap_return_14                      |   9|          2|   16|         32|
    |ap_return_15                      |   9|          2|   16|         32|
    |ap_return_16                      |   9|          2|   16|         32|
    |ap_return_17                      |   9|          2|   16|         32|
    |ap_return_18                      |   9|          2|   16|         32|
    |ap_return_19                      |   9|          2|   16|         32|
    |ap_return_2                       |   9|          2|   16|         32|
    |ap_return_20                      |   9|          2|   16|         32|
    |ap_return_21                      |   9|          2|   16|         32|
    |ap_return_22                      |   9|          2|   16|         32|
    |ap_return_23                      |   9|          2|   16|         32|
    |ap_return_24                      |   9|          2|   16|         32|
    |ap_return_25                      |   9|          2|   16|         32|
    |ap_return_26                      |   9|          2|   16|         32|
    |ap_return_27                      |   9|          2|   16|         32|
    |ap_return_28                      |   9|          2|   16|         32|
    |ap_return_29                      |   9|          2|   16|         32|
    |ap_return_3                       |   9|          2|   16|         32|
    |ap_return_30                      |   9|          2|   16|         32|
    |ap_return_31                      |   9|          2|   16|         32|
    |ap_return_4                       |   9|          2|   16|         32|
    |ap_return_5                       |   9|          2|   16|         32|
    |ap_return_6                       |   9|          2|   16|         32|
    |ap_return_7                       |   9|          2|   16|         32|
    |ap_return_8                       |   9|          2|   16|         32|
    |ap_return_9                       |   9|          2|   16|         32|
    |c_pre_V_0_032_reg_981             |   9|          2|   16|         32|
    |c_pre_V_10_022_reg_1131           |   9|          2|   16|         32|
    |c_pre_V_11_021_reg_1146           |   9|          2|   16|         32|
    |c_pre_V_12_020_reg_1161           |   9|          2|   16|         32|
    |c_pre_V_13_019_reg_1176           |   9|          2|   16|         32|
    |c_pre_V_14_018_reg_1191           |   9|          2|   16|         32|
    |c_pre_V_15_017_reg_1206           |   9|          2|   16|         32|
    |c_pre_V_16_016_reg_1221           |   9|          2|   16|         32|
    |c_pre_V_17_015_reg_1236           |   9|          2|   16|         32|
    |c_pre_V_18_014_reg_1251           |   9|          2|   16|         32|
    |c_pre_V_19_013_reg_1266           |   9|          2|   16|         32|
    |c_pre_V_1_031_reg_996             |   9|          2|   16|         32|
    |c_pre_V_20_012_reg_1281           |   9|          2|   16|         32|
    |c_pre_V_21_011_reg_1296           |   9|          2|   16|         32|
    |c_pre_V_22_010_reg_1311           |   9|          2|   16|         32|
    |c_pre_V_23_09_reg_1326            |   9|          2|   16|         32|
    |c_pre_V_24_08_reg_1341            |   9|          2|   16|         32|
    |c_pre_V_25_07_reg_1356            |   9|          2|   16|         32|
    |c_pre_V_26_06_reg_1371            |   9|          2|   16|         32|
    |c_pre_V_27_05_reg_1386            |   9|          2|   16|         32|
    |c_pre_V_28_04_reg_1401            |   9|          2|   16|         32|
    |c_pre_V_29_03_reg_1416            |   9|          2|   16|         32|
    |c_pre_V_2_030_reg_1011            |   9|          2|   16|         32|
    |c_pre_V_30_02_reg_1431            |   9|          2|   16|         32|
    |c_pre_V_31_01_reg_1446            |   9|          2|   16|         32|
    |c_pre_V_3_029_reg_1026            |   9|          2|   16|         32|
    |c_pre_V_4_028_reg_1041            |   9|          2|   16|         32|
    |c_pre_V_5_027_reg_1056            |   9|          2|   16|         32|
    |c_pre_V_6_026_reg_1071            |   9|          2|   16|         32|
    |c_pre_V_7_025_reg_1086            |   9|          2|   16|         32|
    |c_pre_V_8_024_reg_1101            |   9|          2|   16|         32|
    |c_pre_V_9_023_reg_1116            |   9|          2|   16|         32|
    |its_097_reg_486                   |   9|          2|    5|         10|
    |res_0_V_write_assig_reg_501       |   9|          2|   16|         32|
    |res_10_V_write_assi_reg_651       |   9|          2|   16|         32|
    |res_11_V_write_assi_reg_666       |   9|          2|   16|         32|
    |res_12_V_write_assi_reg_681       |   9|          2|   16|         32|
    |res_13_V_write_assi_reg_696       |   9|          2|   16|         32|
    |res_14_V_write_assi_reg_711       |   9|          2|   16|         32|
    |res_15_V_write_assi_reg_726       |   9|          2|   16|         32|
    |res_16_V_write_assi_reg_741       |   9|          2|   16|         32|
    |res_17_V_write_assi_reg_756       |   9|          2|   16|         32|
    |res_18_V_write_assi_reg_771       |   9|          2|   16|         32|
    |res_19_V_write_assi_reg_786       |   9|          2|   16|         32|
    |res_1_V_write_assig_reg_516       |   9|          2|   16|         32|
    |res_20_V_write_assi_reg_801       |   9|          2|   16|         32|
    |res_21_V_write_assi_reg_816       |   9|          2|   16|         32|
    |res_22_V_write_assi_reg_831       |   9|          2|   16|         32|
    |res_23_V_write_assi_reg_846       |   9|          2|   16|         32|
    |res_24_V_write_assi_reg_861       |   9|          2|   16|         32|
    |res_25_V_write_assi_reg_876       |   9|          2|   16|         32|
    |res_26_V_write_assi_reg_891       |   9|          2|   16|         32|
    |res_27_V_write_assi_reg_906       |   9|          2|   16|         32|
    |res_28_V_write_assi_reg_921       |   9|          2|   16|         32|
    |res_29_V_write_assi_reg_936       |   9|          2|   16|         32|
    |res_2_V_write_assig_reg_531       |   9|          2|   16|         32|
    |res_30_V_write_assi_reg_951       |   9|          2|   16|         32|
    |res_31_V_write_assi_reg_966       |   9|          2|   16|         32|
    |res_3_V_write_assig_reg_546       |   9|          2|   16|         32|
    |res_4_V_write_assig_reg_561       |   9|          2|   16|         32|
    |res_5_V_write_assig_reg_576       |   9|          2|   16|         32|
    |res_6_V_write_assig_reg_591       |   9|          2|   16|         32|
    |res_7_V_write_assig_reg_606       |   9|          2|   16|         32|
    |res_8_V_write_assig_reg_621       |   9|          2|   16|         32|
    |res_9_V_write_assig_reg_636       |   9|          2|   16|         32|
    +----------------------------------+----+-----------+-----+-----------+
    |Total                             | 962|        214| 1549|       3114|
    +----------------------------------+----+-----------+-----+-----------+

    * Register: 
    +-------------------------------------------+----+----+-----+-----------+
    |                    Name                   | FF | LUT| Bits| Const Bits|
    +-------------------------------------------+----+----+-----+-----------+
    |acc_x_0_V_reg_4344                         |  16|   0|   16|          0|
    |acc_x_100_V_reg_4844                       |  16|   0|   16|          0|
    |acc_x_101_V_reg_4849                       |  16|   0|   16|          0|
    |acc_x_102_V_reg_4854                       |  16|   0|   16|          0|
    |acc_x_103_V_reg_4859                       |  16|   0|   16|          0|
    |acc_x_104_V_reg_4864                       |  16|   0|   16|          0|
    |acc_x_105_V_reg_4869                       |  16|   0|   16|          0|
    |acc_x_106_V_reg_4874                       |  16|   0|   16|          0|
    |acc_x_107_V_reg_4879                       |  16|   0|   16|          0|
    |acc_x_108_V_reg_4884                       |  16|   0|   16|          0|
    |acc_x_109_V_reg_4889                       |  16|   0|   16|          0|
    |acc_x_10_V_reg_4394                        |  16|   0|   16|          0|
    |acc_x_110_V_reg_4894                       |  16|   0|   16|          0|
    |acc_x_111_V_reg_4899                       |  16|   0|   16|          0|
    |acc_x_112_V_reg_4904                       |  16|   0|   16|          0|
    |acc_x_113_V_reg_4909                       |  16|   0|   16|          0|
    |acc_x_114_V_reg_4914                       |  16|   0|   16|          0|
    |acc_x_115_V_reg_4919                       |  16|   0|   16|          0|
    |acc_x_116_V_reg_4924                       |  16|   0|   16|          0|
    |acc_x_117_V_reg_4929                       |  16|   0|   16|          0|
    |acc_x_118_V_reg_4934                       |  16|   0|   16|          0|
    |acc_x_119_V_reg_4939                       |  16|   0|   16|          0|
    |acc_x_11_V_reg_4399                        |  16|   0|   16|          0|
    |acc_x_120_V_reg_4944                       |  16|   0|   16|          0|
    |acc_x_121_V_reg_4949                       |  16|   0|   16|          0|
    |acc_x_122_V_reg_4954                       |  16|   0|   16|          0|
    |acc_x_123_V_reg_4959                       |  16|   0|   16|          0|
    |acc_x_124_V_reg_4964                       |  16|   0|   16|          0|
    |acc_x_125_V_reg_4969                       |  16|   0|   16|          0|
    |acc_x_126_V_reg_4974                       |  16|   0|   16|          0|
    |acc_x_127_V_reg_4979                       |  16|   0|   16|          0|
    |acc_x_12_V_reg_4404                        |  16|   0|   16|          0|
    |acc_x_13_V_reg_4409                        |  16|   0|   16|          0|
    |acc_x_14_V_reg_4414                        |  16|   0|   16|          0|
    |acc_x_15_V_reg_4419                        |  16|   0|   16|          0|
    |acc_x_16_V_reg_4424                        |  16|   0|   16|          0|
    |acc_x_17_V_reg_4429                        |  16|   0|   16|          0|
    |acc_x_18_V_reg_4434                        |  16|   0|   16|          0|
    |acc_x_19_V_reg_4439                        |  16|   0|   16|          0|
    |acc_x_1_V_reg_4349                         |  16|   0|   16|          0|
    |acc_x_20_V_reg_4444                        |  16|   0|   16|          0|
    |acc_x_21_V_reg_4449                        |  16|   0|   16|          0|
    |acc_x_22_V_reg_4454                        |  16|   0|   16|          0|
    |acc_x_23_V_reg_4459                        |  16|   0|   16|          0|
    |acc_x_24_V_reg_4464                        |  16|   0|   16|          0|
    |acc_x_25_V_reg_4469                        |  16|   0|   16|          0|
    |acc_x_26_V_reg_4474                        |  16|   0|   16|          0|
    |acc_x_27_V_reg_4479                        |  16|   0|   16|          0|
    |acc_x_28_V_reg_4484                        |  16|   0|   16|          0|
    |acc_x_29_V_reg_4489                        |  16|   0|   16|          0|
    |acc_x_2_V_reg_4354                         |  16|   0|   16|          0|
    |acc_x_30_V_reg_4494                        |  16|   0|   16|          0|
    |acc_x_31_V_reg_4499                        |  16|   0|   16|          0|
    |acc_x_32_V_reg_4504                        |  16|   0|   16|          0|
    |acc_x_33_V_reg_4509                        |  16|   0|   16|          0|
    |acc_x_34_V_reg_4514                        |  16|   0|   16|          0|
    |acc_x_35_V_reg_4519                        |  16|   0|   16|          0|
    |acc_x_36_V_reg_4524                        |  16|   0|   16|          0|
    |acc_x_37_V_reg_4529                        |  16|   0|   16|          0|
    |acc_x_38_V_reg_4534                        |  16|   0|   16|          0|
    |acc_x_39_V_reg_4539                        |  16|   0|   16|          0|
    |acc_x_3_V_reg_4359                         |  16|   0|   16|          0|
    |acc_x_40_V_reg_4544                        |  16|   0|   16|          0|
    |acc_x_41_V_reg_4549                        |  16|   0|   16|          0|
    |acc_x_42_V_reg_4554                        |  16|   0|   16|          0|
    |acc_x_43_V_reg_4559                        |  16|   0|   16|          0|
    |acc_x_44_V_reg_4564                        |  16|   0|   16|          0|
    |acc_x_45_V_reg_4569                        |  16|   0|   16|          0|
    |acc_x_46_V_reg_4574                        |  16|   0|   16|          0|
    |acc_x_47_V_reg_4579                        |  16|   0|   16|          0|
    |acc_x_48_V_reg_4584                        |  16|   0|   16|          0|
    |acc_x_49_V_reg_4589                        |  16|   0|   16|          0|
    |acc_x_4_V_reg_4364                         |  16|   0|   16|          0|
    |acc_x_50_V_reg_4594                        |  16|   0|   16|          0|
    |acc_x_51_V_reg_4599                        |  16|   0|   16|          0|
    |acc_x_52_V_reg_4604                        |  16|   0|   16|          0|
    |acc_x_53_V_reg_4609                        |  16|   0|   16|          0|
    |acc_x_54_V_reg_4614                        |  16|   0|   16|          0|
    |acc_x_55_V_reg_4619                        |  16|   0|   16|          0|
    |acc_x_56_V_reg_4624                        |  16|   0|   16|          0|
    |acc_x_57_V_reg_4629                        |  16|   0|   16|          0|
    |acc_x_58_V_reg_4634                        |  16|   0|   16|          0|
    |acc_x_59_V_reg_4639                        |  16|   0|   16|          0|
    |acc_x_5_V_reg_4369                         |  16|   0|   16|          0|
    |acc_x_60_V_reg_4644                        |  16|   0|   16|          0|
    |acc_x_61_V_reg_4649                        |  16|   0|   16|          0|
    |acc_x_62_V_reg_4654                        |  16|   0|   16|          0|
    |acc_x_63_V_reg_4659                        |  16|   0|   16|          0|
    |acc_x_64_V_reg_4664                        |  16|   0|   16|          0|
    |acc_x_65_V_reg_4669                        |  16|   0|   16|          0|
    |acc_x_66_V_reg_4674                        |  16|   0|   16|          0|
    |acc_x_67_V_reg_4679                        |  16|   0|   16|          0|
    |acc_x_68_V_reg_4684                        |  16|   0|   16|          0|
    |acc_x_69_V_reg_4689                        |  16|   0|   16|          0|
    |acc_x_6_V_reg_4374                         |  16|   0|   16|          0|
    |acc_x_70_V_reg_4694                        |  16|   0|   16|          0|
    |acc_x_71_V_reg_4699                        |  16|   0|   16|          0|
    |acc_x_72_V_reg_4704                        |  16|   0|   16|          0|
    |acc_x_73_V_reg_4709                        |  16|   0|   16|          0|
    |acc_x_74_V_reg_4714                        |  16|   0|   16|          0|
    |acc_x_75_V_reg_4719                        |  16|   0|   16|          0|
    |acc_x_76_V_reg_4724                        |  16|   0|   16|          0|
    |acc_x_77_V_reg_4729                        |  16|   0|   16|          0|
    |acc_x_78_V_reg_4734                        |  16|   0|   16|          0|
    |acc_x_79_V_reg_4739                        |  16|   0|   16|          0|
    |acc_x_7_V_reg_4379                         |  16|   0|   16|          0|
    |acc_x_80_V_reg_4744                        |  16|   0|   16|          0|
    |acc_x_81_V_reg_4749                        |  16|   0|   16|          0|
    |acc_x_82_V_reg_4754                        |  16|   0|   16|          0|
    |acc_x_83_V_reg_4759                        |  16|   0|   16|          0|
    |acc_x_84_V_reg_4764                        |  16|   0|   16|          0|
    |acc_x_85_V_reg_4769                        |  16|   0|   16|          0|
    |acc_x_86_V_reg_4774                        |  16|   0|   16|          0|
    |acc_x_87_V_reg_4779                        |  16|   0|   16|          0|
    |acc_x_88_V_reg_4784                        |  16|   0|   16|          0|
    |acc_x_89_V_reg_4789                        |  16|   0|   16|          0|
    |acc_x_8_V_reg_4384                         |  16|   0|   16|          0|
    |acc_x_90_V_reg_4794                        |  16|   0|   16|          0|
    |acc_x_91_V_reg_4799                        |  16|   0|   16|          0|
    |acc_x_92_V_reg_4804                        |  16|   0|   16|          0|
    |acc_x_93_V_reg_4809                        |  16|   0|   16|          0|
    |acc_x_94_V_reg_4814                        |  16|   0|   16|          0|
    |acc_x_95_V_reg_4819                        |  16|   0|   16|          0|
    |acc_x_96_V_reg_4824                        |  16|   0|   16|          0|
    |acc_x_97_V_reg_4829                        |  16|   0|   16|          0|
    |acc_x_98_V_reg_4834                        |  16|   0|   16|          0|
    |acc_x_99_V_reg_4839                        |  16|   0|   16|          0|
    |acc_x_9_V_reg_4389                         |  16|   0|   16|          0|
    |ap_CS_fsm                                  |  12|   0|   12|          0|
    |ap_enable_reg_pp0_iter0_reg                |   1|   0|    1|          0|
    |ap_enable_reg_pp0_iter1                    |   1|   0|    1|          0|
    |ap_return_0_preg                           |  16|   0|   16|          0|
    |ap_return_10_preg                          |  16|   0|   16|          0|
    |ap_return_11_preg                          |  16|   0|   16|          0|
    |ap_return_12_preg                          |  16|   0|   16|          0|
    |ap_return_13_preg                          |  16|   0|   16|          0|
    |ap_return_14_preg                          |  16|   0|   16|          0|
    |ap_return_15_preg                          |  16|   0|   16|          0|
    |ap_return_16_preg                          |  16|   0|   16|          0|
    |ap_return_17_preg                          |  16|   0|   16|          0|
    |ap_return_18_preg                          |  16|   0|   16|          0|
    |ap_return_19_preg                          |  16|   0|   16|          0|
    |ap_return_1_preg                           |  16|   0|   16|          0|
    |ap_return_20_preg                          |  16|   0|   16|          0|
    |ap_return_21_preg                          |  16|   0|   16|          0|
    |ap_return_22_preg                          |  16|   0|   16|          0|
    |ap_return_23_preg                          |  16|   0|   16|          0|
    |ap_return_24_preg                          |  16|   0|   16|          0|
    |ap_return_25_preg                          |  16|   0|   16|          0|
    |ap_return_26_preg                          |  16|   0|   16|          0|
    |ap_return_27_preg                          |  16|   0|   16|          0|
    |ap_return_28_preg                          |  16|   0|   16|          0|
    |ap_return_29_preg                          |  16|   0|   16|          0|
    |ap_return_2_preg                           |  16|   0|   16|          0|
    |ap_return_30_preg                          |  16|   0|   16|          0|
    |ap_return_31_preg                          |  16|   0|   16|          0|
    |ap_return_3_preg                           |  16|   0|   16|          0|
    |ap_return_4_preg                           |  16|   0|   16|          0|
    |ap_return_5_preg                           |  16|   0|   16|          0|
    |ap_return_6_preg                           |  16|   0|   16|          0|
    |ap_return_7_preg                           |  16|   0|   16|          0|
    |ap_return_8_preg                           |  16|   0|   16|          0|
    |ap_return_9_preg                           |  16|   0|   16|          0|
    |c_pre_V_0_032_reg_981                      |  16|   0|   16|          0|
    |c_pre_V_10_022_reg_1131                    |  16|   0|   16|          0|
    |c_pre_V_11_021_reg_1146                    |  16|   0|   16|          0|
    |c_pre_V_12_020_reg_1161                    |  16|   0|   16|          0|
    |c_pre_V_13_019_reg_1176                    |  16|   0|   16|          0|
    |c_pre_V_14_018_reg_1191                    |  16|   0|   16|          0|
    |c_pre_V_15_017_reg_1206                    |  16|   0|   16|          0|
    |c_pre_V_16_016_reg_1221                    |  16|   0|   16|          0|
    |c_pre_V_17_015_reg_1236                    |  16|   0|   16|          0|
    |c_pre_V_18_014_reg_1251                    |  16|   0|   16|          0|
    |c_pre_V_19_013_reg_1266                    |  16|   0|   16|          0|
    |c_pre_V_1_031_reg_996                      |  16|   0|   16|          0|
    |c_pre_V_20_012_reg_1281                    |  16|   0|   16|          0|
    |c_pre_V_21_011_reg_1296                    |  16|   0|   16|          0|
    |c_pre_V_22_010_reg_1311                    |  16|   0|   16|          0|
    |c_pre_V_23_09_reg_1326                     |  16|   0|   16|          0|
    |c_pre_V_24_08_reg_1341                     |  16|   0|   16|          0|
    |c_pre_V_25_07_reg_1356                     |  16|   0|   16|          0|
    |c_pre_V_26_06_reg_1371                     |  16|   0|   16|          0|
    |c_pre_V_27_05_reg_1386                     |  16|   0|   16|          0|
    |c_pre_V_28_04_reg_1401                     |  16|   0|   16|          0|
    |c_pre_V_29_03_reg_1416                     |  16|   0|   16|          0|
    |c_pre_V_2_030_reg_1011                     |  16|   0|   16|          0|
    |c_pre_V_30_02_reg_1431                     |  16|   0|   16|          0|
    |c_pre_V_31_01_reg_1446                     |  16|   0|   16|          0|
    |c_pre_V_3_029_reg_1026                     |  16|   0|   16|          0|
    |c_pre_V_4_028_reg_1041                     |  16|   0|   16|          0|
    |c_pre_V_5_027_reg_1056                     |  16|   0|   16|          0|
    |c_pre_V_6_026_reg_1071                     |  16|   0|   16|          0|
    |c_pre_V_7_025_reg_1086                     |  16|   0|   16|          0|
    |c_pre_V_8_024_reg_1101                     |  16|   0|   16|          0|
    |c_pre_V_9_023_reg_1116                     |  16|   0|   16|          0|
    |gate_f_0_V_reg_5149                        |  16|   0|   16|          0|
    |gate_f_10_V_reg_5199                       |  16|   0|   16|          0|
    |gate_f_11_V_reg_5204                       |  16|   0|   16|          0|
    |gate_f_12_V_reg_5209                       |  16|   0|   16|          0|
    |gate_f_13_V_reg_5214                       |  16|   0|   16|          0|
    |gate_f_14_V_reg_5219                       |  16|   0|   16|          0|
    |gate_f_15_V_reg_5224                       |  16|   0|   16|          0|
    |gate_f_16_V_reg_5229                       |  16|   0|   16|          0|
    |gate_f_17_V_reg_5234                       |  16|   0|   16|          0|
    |gate_f_18_V_reg_5239                       |  16|   0|   16|          0|
    |gate_f_19_V_reg_5244                       |  16|   0|   16|          0|
    |gate_f_1_V_reg_5154                        |  16|   0|   16|          0|
    |gate_f_20_V_reg_5249                       |  16|   0|   16|          0|
    |gate_f_21_V_reg_5254                       |  16|   0|   16|          0|
    |gate_f_22_V_reg_5259                       |  16|   0|   16|          0|
    |gate_f_23_V_reg_5264                       |  16|   0|   16|          0|
    |gate_f_24_V_reg_5269                       |  16|   0|   16|          0|
    |gate_f_25_V_reg_5274                       |  16|   0|   16|          0|
    |gate_f_26_V_reg_5279                       |  16|   0|   16|          0|
    |gate_f_27_V_reg_5284                       |  16|   0|   16|          0|
    |gate_f_28_V_reg_5289                       |  16|   0|   16|          0|
    |gate_f_29_V_reg_5294                       |  16|   0|   16|          0|
    |gate_f_2_V_reg_5159                        |  16|   0|   16|          0|
    |gate_f_30_V_reg_5299                       |  16|   0|   16|          0|
    |gate_f_31_V_reg_5304                       |  16|   0|   16|          0|
    |gate_f_3_V_reg_5164                        |  16|   0|   16|          0|
    |gate_f_4_V_reg_5169                        |  16|   0|   16|          0|
    |gate_f_5_V_reg_5174                        |  16|   0|   16|          0|
    |gate_f_6_V_reg_5179                        |  16|   0|   16|          0|
    |gate_f_7_V_reg_5184                        |  16|   0|   16|          0|
    |gate_f_8_V_reg_5189                        |  16|   0|   16|          0|
    |gate_f_9_V_reg_5194                        |  16|   0|   16|          0|
    |gate_f_activ_0_V_reg_5789                  |  16|   0|   16|          0|
    |gate_f_activ_10_V_reg_5839                 |  16|   0|   16|          0|
    |gate_f_activ_11_V_reg_5844                 |  16|   0|   16|          0|
    |gate_f_activ_12_V_reg_5849                 |  16|   0|   16|          0|
    |gate_f_activ_13_V_reg_5854                 |  16|   0|   16|          0|
    |gate_f_activ_14_V_reg_5859                 |  16|   0|   16|          0|
    |gate_f_activ_15_V_reg_5864                 |  16|   0|   16|          0|
    |gate_f_activ_16_V_reg_5869                 |  16|   0|   16|          0|
    |gate_f_activ_17_V_reg_5874                 |  16|   0|   16|          0|
    |gate_f_activ_18_V_reg_5879                 |  16|   0|   16|          0|
    |gate_f_activ_19_V_reg_5884                 |  16|   0|   16|          0|
    |gate_f_activ_1_V_reg_5794                  |  16|   0|   16|          0|
    |gate_f_activ_20_V_reg_5889                 |  16|   0|   16|          0|
    |gate_f_activ_21_V_reg_5894                 |  16|   0|   16|          0|
    |gate_f_activ_22_V_reg_5899                 |  16|   0|   16|          0|
    |gate_f_activ_23_V_reg_5904                 |  16|   0|   16|          0|
    |gate_f_activ_24_V_reg_5909                 |  16|   0|   16|          0|
    |gate_f_activ_25_V_reg_5914                 |  16|   0|   16|          0|
    |gate_f_activ_26_V_reg_5919                 |  16|   0|   16|          0|
    |gate_f_activ_27_V_reg_5924                 |  16|   0|   16|          0|
    |gate_f_activ_28_V_reg_5929                 |  16|   0|   16|          0|
    |gate_f_activ_29_V_reg_5934                 |  16|   0|   16|          0|
    |gate_f_activ_2_V_reg_5799                  |  16|   0|   16|          0|
    |gate_f_activ_30_V_reg_5939                 |  16|   0|   16|          0|
    |gate_f_activ_31_V_reg_5944                 |  16|   0|   16|          0|
    |gate_f_activ_3_V_reg_5804                  |  16|   0|   16|          0|
    |gate_f_activ_4_V_reg_5809                  |  16|   0|   16|          0|
    |gate_f_activ_5_V_reg_5814                  |  16|   0|   16|          0|
    |gate_f_activ_6_V_reg_5819                  |  16|   0|   16|          0|
    |gate_f_activ_7_V_reg_5824                  |  16|   0|   16|          0|
    |gate_f_activ_8_V_reg_5829                  |  16|   0|   16|          0|
    |gate_f_activ_9_V_reg_5834                  |  16|   0|   16|          0|
    |gate_g_0_V_reg_5309                        |  16|   0|   16|          0|
    |gate_g_10_V_reg_5359                       |  16|   0|   16|          0|
    |gate_g_11_V_reg_5364                       |  16|   0|   16|          0|
    |gate_g_12_V_reg_5369                       |  16|   0|   16|          0|
    |gate_g_13_V_reg_5374                       |  16|   0|   16|          0|
    |gate_g_14_V_reg_5379                       |  16|   0|   16|          0|
    |gate_g_15_V_reg_5384                       |  16|   0|   16|          0|
    |gate_g_16_V_reg_5389                       |  16|   0|   16|          0|
    |gate_g_17_V_reg_5394                       |  16|   0|   16|          0|
    |gate_g_18_V_reg_5399                       |  16|   0|   16|          0|
    |gate_g_19_V_reg_5404                       |  16|   0|   16|          0|
    |gate_g_1_V_reg_5314                        |  16|   0|   16|          0|
    |gate_g_20_V_reg_5409                       |  16|   0|   16|          0|
    |gate_g_21_V_reg_5414                       |  16|   0|   16|          0|
    |gate_g_22_V_reg_5419                       |  16|   0|   16|          0|
    |gate_g_23_V_reg_5424                       |  16|   0|   16|          0|
    |gate_g_24_V_reg_5429                       |  16|   0|   16|          0|
    |gate_g_25_V_reg_5434                       |  16|   0|   16|          0|
    |gate_g_26_V_reg_5439                       |  16|   0|   16|          0|
    |gate_g_27_V_reg_5444                       |  16|   0|   16|          0|
    |gate_g_28_V_reg_5449                       |  16|   0|   16|          0|
    |gate_g_29_V_reg_5454                       |  16|   0|   16|          0|
    |gate_g_2_V_reg_5319                        |  16|   0|   16|          0|
    |gate_g_30_V_reg_5459                       |  16|   0|   16|          0|
    |gate_g_31_V_reg_5464                       |  16|   0|   16|          0|
    |gate_g_3_V_reg_5324                        |  16|   0|   16|          0|
    |gate_g_4_V_reg_5329                        |  16|   0|   16|          0|
    |gate_g_5_V_reg_5334                        |  16|   0|   16|          0|
    |gate_g_6_V_reg_5339                        |  16|   0|   16|          0|
    |gate_g_7_V_reg_5344                        |  16|   0|   16|          0|
    |gate_g_8_V_reg_5349                        |  16|   0|   16|          0|
    |gate_g_9_V_reg_5354                        |  16|   0|   16|          0|
    |gate_g_activ_0_V_reg_5949                  |  16|   0|   16|          0|
    |gate_g_activ_10_V_reg_5999                 |  16|   0|   16|          0|
    |gate_g_activ_11_V_reg_6004                 |  16|   0|   16|          0|
    |gate_g_activ_12_V_reg_6009                 |  16|   0|   16|          0|
    |gate_g_activ_13_V_reg_6014                 |  16|   0|   16|          0|
    |gate_g_activ_14_V_reg_6019                 |  16|   0|   16|          0|
    |gate_g_activ_15_V_reg_6024                 |  16|   0|   16|          0|
    |gate_g_activ_16_V_reg_6029                 |  16|   0|   16|          0|
    |gate_g_activ_17_V_reg_6034                 |  16|   0|   16|          0|
    |gate_g_activ_18_V_reg_6039                 |  16|   0|   16|          0|
    |gate_g_activ_19_V_reg_6044                 |  16|   0|   16|          0|
    |gate_g_activ_1_V_reg_5954                  |  16|   0|   16|          0|
    |gate_g_activ_20_V_reg_6049                 |  16|   0|   16|          0|
    |gate_g_activ_21_V_reg_6054                 |  16|   0|   16|          0|
    |gate_g_activ_22_V_reg_6059                 |  16|   0|   16|          0|
    |gate_g_activ_23_V_reg_6064                 |  16|   0|   16|          0|
    |gate_g_activ_24_V_reg_6069                 |  16|   0|   16|          0|
    |gate_g_activ_25_V_reg_6074                 |  16|   0|   16|          0|
    |gate_g_activ_26_V_reg_6079                 |  16|   0|   16|          0|
    |gate_g_activ_27_V_reg_6084                 |  16|   0|   16|          0|
    |gate_g_activ_28_V_reg_6089                 |  16|   0|   16|          0|
    |gate_g_activ_29_V_reg_6094                 |  16|   0|   16|          0|
    |gate_g_activ_2_V_reg_5959                  |  16|   0|   16|          0|
    |gate_g_activ_30_V_reg_6099                 |  16|   0|   16|          0|
    |gate_g_activ_31_V_reg_6104                 |  16|   0|   16|          0|
    |gate_g_activ_3_V_reg_5964                  |  16|   0|   16|          0|
    |gate_g_activ_4_V_reg_5969                  |  16|   0|   16|          0|
    |gate_g_activ_5_V_reg_5974                  |  16|   0|   16|          0|
    |gate_g_activ_6_V_reg_5979                  |  16|   0|   16|          0|
    |gate_g_activ_7_V_reg_5984                  |  16|   0|   16|          0|
    |gate_g_activ_8_V_reg_5989                  |  16|   0|   16|          0|
    |gate_g_activ_9_V_reg_5994                  |  16|   0|   16|          0|
    |gate_i_0_V_reg_4989                        |  16|   0|   16|          0|
    |gate_i_10_V_reg_5039                       |  16|   0|   16|          0|
    |gate_i_11_V_reg_5044                       |  16|   0|   16|          0|
    |gate_i_12_V_reg_5049                       |  16|   0|   16|          0|
    |gate_i_13_V_reg_5054                       |  16|   0|   16|          0|
    |gate_i_14_V_reg_5059                       |  16|   0|   16|          0|
    |gate_i_15_V_reg_5064                       |  16|   0|   16|          0|
    |gate_i_16_V_reg_5069                       |  16|   0|   16|          0|
    |gate_i_17_V_reg_5074                       |  16|   0|   16|          0|
    |gate_i_18_V_reg_5079                       |  16|   0|   16|          0|
    |gate_i_19_V_reg_5084                       |  16|   0|   16|          0|
    |gate_i_1_V_reg_4994                        |  16|   0|   16|          0|
    |gate_i_20_V_reg_5089                       |  16|   0|   16|          0|
    |gate_i_21_V_reg_5094                       |  16|   0|   16|          0|
    |gate_i_22_V_reg_5099                       |  16|   0|   16|          0|
    |gate_i_23_V_reg_5104                       |  16|   0|   16|          0|
    |gate_i_24_V_reg_5109                       |  16|   0|   16|          0|
    |gate_i_25_V_reg_5114                       |  16|   0|   16|          0|
    |gate_i_26_V_reg_5119                       |  16|   0|   16|          0|
    |gate_i_27_V_reg_5124                       |  16|   0|   16|          0|
    |gate_i_28_V_reg_5129                       |  16|   0|   16|          0|
    |gate_i_29_V_reg_5134                       |  16|   0|   16|          0|
    |gate_i_2_V_reg_4999                        |  16|   0|   16|          0|
    |gate_i_30_V_reg_5139                       |  16|   0|   16|          0|
    |gate_i_31_V_reg_5144                       |  16|   0|   16|          0|
    |gate_i_3_V_reg_5004                        |  16|   0|   16|          0|
    |gate_i_4_V_reg_5009                        |  16|   0|   16|          0|
    |gate_i_5_V_reg_5014                        |  16|   0|   16|          0|
    |gate_i_6_V_reg_5019                        |  16|   0|   16|          0|
    |gate_i_7_V_reg_5024                        |  16|   0|   16|          0|
    |gate_i_8_V_reg_5029                        |  16|   0|   16|          0|
    |gate_i_9_V_reg_5034                        |  16|   0|   16|          0|
    |gate_i_activ_0_V_reg_5629                  |  16|   0|   16|          0|
    |gate_i_activ_10_V_reg_5679                 |  16|   0|   16|          0|
    |gate_i_activ_11_V_reg_5684                 |  16|   0|   16|          0|
    |gate_i_activ_12_V_reg_5689                 |  16|   0|   16|          0|
    |gate_i_activ_13_V_reg_5694                 |  16|   0|   16|          0|
    |gate_i_activ_14_V_reg_5699                 |  16|   0|   16|          0|
    |gate_i_activ_15_V_reg_5704                 |  16|   0|   16|          0|
    |gate_i_activ_16_V_reg_5709                 |  16|   0|   16|          0|
    |gate_i_activ_17_V_reg_5714                 |  16|   0|   16|          0|
    |gate_i_activ_18_V_reg_5719                 |  16|   0|   16|          0|
    |gate_i_activ_19_V_reg_5724                 |  16|   0|   16|          0|
    |gate_i_activ_1_V_reg_5634                  |  16|   0|   16|          0|
    |gate_i_activ_20_V_reg_5729                 |  16|   0|   16|          0|
    |gate_i_activ_21_V_reg_5734                 |  16|   0|   16|          0|
    |gate_i_activ_22_V_reg_5739                 |  16|   0|   16|          0|
    |gate_i_activ_23_V_reg_5744                 |  16|   0|   16|          0|
    |gate_i_activ_24_V_reg_5749                 |  16|   0|   16|          0|
    |gate_i_activ_25_V_reg_5754                 |  16|   0|   16|          0|
    |gate_i_activ_26_V_reg_5759                 |  16|   0|   16|          0|
    |gate_i_activ_27_V_reg_5764                 |  16|   0|   16|          0|
    |gate_i_activ_28_V_reg_5769                 |  16|   0|   16|          0|
    |gate_i_activ_29_V_reg_5774                 |  16|   0|   16|          0|
    |gate_i_activ_2_V_reg_5639                  |  16|   0|   16|          0|
    |gate_i_activ_30_V_reg_5779                 |  16|   0|   16|          0|
    |gate_i_activ_31_V_reg_5784                 |  16|   0|   16|          0|
    |gate_i_activ_3_V_reg_5644                  |  16|   0|   16|          0|
    |gate_i_activ_4_V_reg_5649                  |  16|   0|   16|          0|
    |gate_i_activ_5_V_reg_5654                  |  16|   0|   16|          0|
    |gate_i_activ_6_V_reg_5659                  |  16|   0|   16|          0|
    |gate_i_activ_7_V_reg_5664                  |  16|   0|   16|          0|
    |gate_i_activ_8_V_reg_5669                  |  16|   0|   16|          0|
    |gate_i_activ_9_V_reg_5674                  |  16|   0|   16|          0|
    |gate_o_0_V_reg_5469                        |  16|   0|   16|          0|
    |gate_o_10_V_reg_5519                       |  16|   0|   16|          0|
    |gate_o_11_V_reg_5524                       |  16|   0|   16|          0|
    |gate_o_12_V_reg_5529                       |  16|   0|   16|          0|
    |gate_o_13_V_reg_5534                       |  16|   0|   16|          0|
    |gate_o_14_V_reg_5539                       |  16|   0|   16|          0|
    |gate_o_15_V_reg_5544                       |  16|   0|   16|          0|
    |gate_o_16_V_reg_5549                       |  16|   0|   16|          0|
    |gate_o_17_V_reg_5554                       |  16|   0|   16|          0|
    |gate_o_18_V_reg_5559                       |  16|   0|   16|          0|
    |gate_o_19_V_reg_5564                       |  16|   0|   16|          0|
    |gate_o_1_V_reg_5474                        |  16|   0|   16|          0|
    |gate_o_20_V_reg_5569                       |  16|   0|   16|          0|
    |gate_o_21_V_reg_5574                       |  16|   0|   16|          0|
    |gate_o_22_V_reg_5579                       |  16|   0|   16|          0|
    |gate_o_23_V_reg_5584                       |  16|   0|   16|          0|
    |gate_o_24_V_reg_5589                       |  16|   0|   16|          0|
    |gate_o_25_V_reg_5594                       |  16|   0|   16|          0|
    |gate_o_26_V_reg_5599                       |  16|   0|   16|          0|
    |gate_o_27_V_reg_5604                       |  16|   0|   16|          0|
    |gate_o_28_V_reg_5609                       |  16|   0|   16|          0|
    |gate_o_29_V_reg_5614                       |  16|   0|   16|          0|
    |gate_o_2_V_reg_5479                        |  16|   0|   16|          0|
    |gate_o_30_V_reg_5619                       |  16|   0|   16|          0|
    |gate_o_31_V_reg_5624                       |  16|   0|   16|          0|
    |gate_o_3_V_reg_5484                        |  16|   0|   16|          0|
    |gate_o_4_V_reg_5489                        |  16|   0|   16|          0|
    |gate_o_5_V_reg_5494                        |  16|   0|   16|          0|
    |gate_o_6_V_reg_5499                        |  16|   0|   16|          0|
    |gate_o_7_V_reg_5504                        |  16|   0|   16|          0|
    |gate_o_8_V_reg_5509                        |  16|   0|   16|          0|
    |gate_o_9_V_reg_5514                        |  16|   0|   16|          0|
    |gate_o_activ_0_V_reg_6109                  |  16|   0|   16|          0|
    |gate_o_activ_10_V_reg_6159                 |  16|   0|   16|          0|
    |gate_o_activ_11_V_reg_6164                 |  16|   0|   16|          0|
    |gate_o_activ_12_V_reg_6169                 |  16|   0|   16|          0|
    |gate_o_activ_13_V_reg_6174                 |  16|   0|   16|          0|
    |gate_o_activ_14_V_reg_6179                 |  16|   0|   16|          0|
    |gate_o_activ_15_V_reg_6184                 |  16|   0|   16|          0|
    |gate_o_activ_16_V_reg_6189                 |  16|   0|   16|          0|
    |gate_o_activ_17_V_reg_6194                 |  16|   0|   16|          0|
    |gate_o_activ_18_V_reg_6199                 |  16|   0|   16|          0|
    |gate_o_activ_19_V_reg_6204                 |  16|   0|   16|          0|
    |gate_o_activ_1_V_reg_6114                  |  16|   0|   16|          0|
    |gate_o_activ_20_V_reg_6209                 |  16|   0|   16|          0|
    |gate_o_activ_21_V_reg_6214                 |  16|   0|   16|          0|
    |gate_o_activ_22_V_reg_6219                 |  16|   0|   16|          0|
    |gate_o_activ_23_V_reg_6224                 |  16|   0|   16|          0|
    |gate_o_activ_24_V_reg_6229                 |  16|   0|   16|          0|
    |gate_o_activ_25_V_reg_6234                 |  16|   0|   16|          0|
    |gate_o_activ_26_V_reg_6239                 |  16|   0|   16|          0|
    |gate_o_activ_27_V_reg_6244                 |  16|   0|   16|          0|
    |gate_o_activ_28_V_reg_6249                 |  16|   0|   16|          0|
    |gate_o_activ_29_V_reg_6254                 |  16|   0|   16|          0|
    |gate_o_activ_2_V_reg_6119                  |  16|   0|   16|          0|
    |gate_o_activ_30_V_reg_6259                 |  16|   0|   16|          0|
    |gate_o_activ_31_V_reg_6264                 |  16|   0|   16|          0|
    |gate_o_activ_3_V_reg_6124                  |  16|   0|   16|          0|
    |gate_o_activ_4_V_reg_6129                  |  16|   0|   16|          0|
    |gate_o_activ_5_V_reg_6134                  |  16|   0|   16|          0|
    |gate_o_activ_6_V_reg_6139                  |  16|   0|   16|          0|
    |gate_o_activ_7_V_reg_6144                  |  16|   0|   16|          0|
    |gate_o_activ_8_V_reg_6149                  |  16|   0|   16|          0|
    |gate_o_activ_9_V_reg_6154                  |  16|   0|   16|          0|
    |grp_dense_simple_0_0_fu_1657_ap_start_reg  |   1|   0|    1|          0|
    |grp_sigmoid_fu_1717_ap_start_reg           |   1|   0|    1|          0|
    |grp_sigmoid_fu_1755_ap_start_reg           |   1|   0|    1|          0|
    |grp_sigmoid_fu_1793_ap_start_reg           |   1|   0|    1|          0|
    |icmp_ln426_reg_4235                        |   1|   0|    1|          0|
    |icmp_ln426_reg_4235_pp0_iter1_reg          |   1|   0|    1|          0|
    |its_097_reg_486                            |   5|   0|    5|          0|
    |its_reg_4984                               |   5|   0|    5|          0|
    |res_0_V_write_assig_reg_501                |  16|   0|   16|          0|
    |res_10_V_write_assi_reg_651                |  16|   0|   16|          0|
    |res_11_V_write_assi_reg_666                |  16|   0|   16|          0|
    |res_12_V_write_assi_reg_681                |  16|   0|   16|          0|
    |res_13_V_write_assi_reg_696                |  16|   0|   16|          0|
    |res_14_V_write_assi_reg_711                |  16|   0|   16|          0|
    |res_15_V_write_assi_reg_726                |  16|   0|   16|          0|
    |res_16_V_write_assi_reg_741                |  16|   0|   16|          0|
    |res_17_V_write_assi_reg_756                |  16|   0|   16|          0|
    |res_18_V_write_assi_reg_771                |  16|   0|   16|          0|
    |res_19_V_write_assi_reg_786                |  16|   0|   16|          0|
    |res_1_V_write_assig_reg_516                |  16|   0|   16|          0|
    |res_20_V_write_assi_reg_801                |  16|   0|   16|          0|
    |res_21_V_write_assi_reg_816                |  16|   0|   16|          0|
    |res_22_V_write_assi_reg_831                |  16|   0|   16|          0|
    |res_23_V_write_assi_reg_846                |  16|   0|   16|          0|
    |res_24_V_write_assi_reg_861                |  16|   0|   16|          0|
    |res_25_V_write_assi_reg_876                |  16|   0|   16|          0|
    |res_26_V_write_assi_reg_891                |  16|   0|   16|          0|
    |res_27_V_write_assi_reg_906                |  16|   0|   16|          0|
    |res_28_V_write_assi_reg_921                |  16|   0|   16|          0|
    |res_29_V_write_assi_reg_936                |  16|   0|   16|          0|
    |res_2_V_write_assig_reg_531                |  16|   0|   16|          0|
    |res_30_V_write_assi_reg_951                |  16|   0|   16|          0|
    |res_31_V_write_assi_reg_966                |  16|   0|   16|          0|
    |res_3_V_write_assig_reg_546                |  16|   0|   16|          0|
    |res_4_V_write_assig_reg_561                |  16|   0|   16|          0|
    |res_5_V_write_assig_reg_576                |  16|   0|   16|          0|
    |res_6_V_write_assig_reg_591                |  16|   0|   16|          0|
    |res_7_V_write_assig_reg_606                |  16|   0|   16|          0|
    |res_8_V_write_assig_reg_621                |  16|   0|   16|          0|
    |res_9_V_write_assig_reg_636                |  16|   0|   16|          0|
    +-------------------------------------------+----+----+-----+-----------+
    |Total                                      |7710|   0| 7710|          0|
    +-------------------------------------------+----+----+-----+-----------+



================================================================
== Interface
================================================================
* Summary: 
+--------------------+-----+-----+------------+--------------+--------------+
|      RTL Ports     | Dir | Bits|  Protocol  | Source Object|    C Type    |
+--------------------+-----+-----+------------+--------------+--------------+
|ap_clk              |  in |    1| ap_ctrl_hs |     lstm     | return value |
|ap_rst              |  in |    1| ap_ctrl_hs |     lstm     | return value |
|ap_start            |  in |    1| ap_ctrl_hs |     lstm     | return value |
|ap_done             | out |    1| ap_ctrl_hs |     lstm     | return value |
|ap_idle             | out |    1| ap_ctrl_hs |     lstm     | return value |
|ap_ready            | out |    1| ap_ctrl_hs |     lstm     | return value |
|ap_return_0         | out |   16| ap_ctrl_hs |     lstm     | return value |
|ap_return_1         | out |   16| ap_ctrl_hs |     lstm     | return value |
|ap_return_2         | out |   16| ap_ctrl_hs |     lstm     | return value |
|ap_return_3         | out |   16| ap_ctrl_hs |     lstm     | return value |
|ap_return_4         | out |   16| ap_ctrl_hs |     lstm     | return value |
|ap_return_5         | out |   16| ap_ctrl_hs |     lstm     | return value |
|ap_return_6         | out |   16| ap_ctrl_hs |     lstm     | return value |
|ap_return_7         | out |   16| ap_ctrl_hs |     lstm     | return value |
|ap_return_8         | out |   16| ap_ctrl_hs |     lstm     | return value |
|ap_return_9         | out |   16| ap_ctrl_hs |     lstm     | return value |
|ap_return_10        | out |   16| ap_ctrl_hs |     lstm     | return value |
|ap_return_11        | out |   16| ap_ctrl_hs |     lstm     | return value |
|ap_return_12        | out |   16| ap_ctrl_hs |     lstm     | return value |
|ap_return_13        | out |   16| ap_ctrl_hs |     lstm     | return value |
|ap_return_14        | out |   16| ap_ctrl_hs |     lstm     | return value |
|ap_return_15        | out |   16| ap_ctrl_hs |     lstm     | return value |
|ap_return_16        | out |   16| ap_ctrl_hs |     lstm     | return value |
|ap_return_17        | out |   16| ap_ctrl_hs |     lstm     | return value |
|ap_return_18        | out |   16| ap_ctrl_hs |     lstm     | return value |
|ap_return_19        | out |   16| ap_ctrl_hs |     lstm     | return value |
|ap_return_20        | out |   16| ap_ctrl_hs |     lstm     | return value |
|ap_return_21        | out |   16| ap_ctrl_hs |     lstm     | return value |
|ap_return_22        | out |   16| ap_ctrl_hs |     lstm     | return value |
|ap_return_23        | out |   16| ap_ctrl_hs |     lstm     | return value |
|ap_return_24        | out |   16| ap_ctrl_hs |     lstm     | return value |
|ap_return_25        | out |   16| ap_ctrl_hs |     lstm     | return value |
|ap_return_26        | out |   16| ap_ctrl_hs |     lstm     | return value |
|ap_return_27        | out |   16| ap_ctrl_hs |     lstm     | return value |
|ap_return_28        | out |   16| ap_ctrl_hs |     lstm     | return value |
|ap_return_29        | out |   16| ap_ctrl_hs |     lstm     | return value |
|ap_return_30        | out |   16| ap_ctrl_hs |     lstm     | return value |
|ap_return_31        | out |   16| ap_ctrl_hs |     lstm     | return value |
|data_0_V_address0   | out |    5|  ap_memory |   data_0_V   |     array    |
|data_0_V_ce0        | out |    1|  ap_memory |   data_0_V   |     array    |
|data_0_V_q0         |  in |   16|  ap_memory |   data_0_V   |     array    |
|data_1_V_address0   | out |    5|  ap_memory |   data_1_V   |     array    |
|data_1_V_ce0        | out |    1|  ap_memory |   data_1_V   |     array    |
|data_1_V_q0         |  in |   16|  ap_memory |   data_1_V   |     array    |
|data_2_V_address0   | out |    5|  ap_memory |   data_2_V   |     array    |
|data_2_V_ce0        | out |    1|  ap_memory |   data_2_V   |     array    |
|data_2_V_q0         |  in |   16|  ap_memory |   data_2_V   |     array    |
|data_3_V_address0   | out |    5|  ap_memory |   data_3_V   |     array    |
|data_3_V_ce0        | out |    1|  ap_memory |   data_3_V   |     array    |
|data_3_V_q0         |  in |   16|  ap_memory |   data_3_V   |     array    |
|data_4_V_address0   | out |    5|  ap_memory |   data_4_V   |     array    |
|data_4_V_ce0        | out |    1|  ap_memory |   data_4_V   |     array    |
|data_4_V_q0         |  in |   16|  ap_memory |   data_4_V   |     array    |
|data_5_V_address0   | out |    5|  ap_memory |   data_5_V   |     array    |
|data_5_V_ce0        | out |    1|  ap_memory |   data_5_V   |     array    |
|data_5_V_q0         |  in |   16|  ap_memory |   data_5_V   |     array    |
|data_6_V_address0   | out |    5|  ap_memory |   data_6_V   |     array    |
|data_6_V_ce0        | out |    1|  ap_memory |   data_6_V   |     array    |
|data_6_V_q0         |  in |   16|  ap_memory |   data_6_V   |     array    |
|data_7_V_address0   | out |    5|  ap_memory |   data_7_V   |     array    |
|data_7_V_ce0        | out |    1|  ap_memory |   data_7_V   |     array    |
|data_7_V_q0         |  in |   16|  ap_memory |   data_7_V   |     array    |
|data_8_V_address0   | out |    5|  ap_memory |   data_8_V   |     array    |
|data_8_V_ce0        | out |    1|  ap_memory |   data_8_V   |     array    |
|data_8_V_q0         |  in |   16|  ap_memory |   data_8_V   |     array    |
|data_9_V_address0   | out |    5|  ap_memory |   data_9_V   |     array    |
|data_9_V_ce0        | out |    1|  ap_memory |   data_9_V   |     array    |
|data_9_V_q0         |  in |   16|  ap_memory |   data_9_V   |     array    |
|data_10_V_address0  | out |    5|  ap_memory |   data_10_V  |     array    |
|data_10_V_ce0       | out |    1|  ap_memory |   data_10_V  |     array    |
|data_10_V_q0        |  in |   16|  ap_memory |   data_10_V  |     array    |
|data_11_V_address0  | out |    5|  ap_memory |   data_11_V  |     array    |
|data_11_V_ce0       | out |    1|  ap_memory |   data_11_V  |     array    |
|data_11_V_q0        |  in |   16|  ap_memory |   data_11_V  |     array    |
|data_12_V_address0  | out |    5|  ap_memory |   data_12_V  |     array    |
|data_12_V_ce0       | out |    1|  ap_memory |   data_12_V  |     array    |
|data_12_V_q0        |  in |   16|  ap_memory |   data_12_V  |     array    |
|data_13_V_address0  | out |    5|  ap_memory |   data_13_V  |     array    |
|data_13_V_ce0       | out |    1|  ap_memory |   data_13_V  |     array    |
|data_13_V_q0        |  in |   16|  ap_memory |   data_13_V  |     array    |
|data_14_V_address0  | out |    5|  ap_memory |   data_14_V  |     array    |
|data_14_V_ce0       | out |    1|  ap_memory |   data_14_V  |     array    |
|data_14_V_q0        |  in |   16|  ap_memory |   data_14_V  |     array    |
|data_15_V_address0  | out |    5|  ap_memory |   data_15_V  |     array    |
|data_15_V_ce0       | out |    1|  ap_memory |   data_15_V  |     array    |
|data_15_V_q0        |  in |   16|  ap_memory |   data_15_V  |     array    |
|data_16_V_address0  | out |    5|  ap_memory |   data_16_V  |     array    |
|data_16_V_ce0       | out |    1|  ap_memory |   data_16_V  |     array    |
|data_16_V_q0        |  in |   16|  ap_memory |   data_16_V  |     array    |
|data_17_V_address0  | out |    5|  ap_memory |   data_17_V  |     array    |
|data_17_V_ce0       | out |    1|  ap_memory |   data_17_V  |     array    |
|data_17_V_q0        |  in |   16|  ap_memory |   data_17_V  |     array    |
|data_18_V_address0  | out |    5|  ap_memory |   data_18_V  |     array    |
|data_18_V_ce0       | out |    1|  ap_memory |   data_18_V  |     array    |
|data_18_V_q0        |  in |   16|  ap_memory |   data_18_V  |     array    |
|data_19_V_address0  | out |    5|  ap_memory |   data_19_V  |     array    |
|data_19_V_ce0       | out |    1|  ap_memory |   data_19_V  |     array    |
|data_19_V_q0        |  in |   16|  ap_memory |   data_19_V  |     array    |
|data_20_V_address0  | out |    5|  ap_memory |   data_20_V  |     array    |
|data_20_V_ce0       | out |    1|  ap_memory |   data_20_V  |     array    |
|data_20_V_q0        |  in |   16|  ap_memory |   data_20_V  |     array    |
|data_21_V_address0  | out |    5|  ap_memory |   data_21_V  |     array    |
|data_21_V_ce0       | out |    1|  ap_memory |   data_21_V  |     array    |
|data_21_V_q0        |  in |   16|  ap_memory |   data_21_V  |     array    |
|data_22_V_address0  | out |    5|  ap_memory |   data_22_V  |     array    |
|data_22_V_ce0       | out |    1|  ap_memory |   data_22_V  |     array    |
|data_22_V_q0        |  in |   16|  ap_memory |   data_22_V  |     array    |
|data_23_V_address0  | out |    5|  ap_memory |   data_23_V  |     array    |
|data_23_V_ce0       | out |    1|  ap_memory |   data_23_V  |     array    |
|data_23_V_q0        |  in |   16|  ap_memory |   data_23_V  |     array    |
|data_24_V_address0  | out |    5|  ap_memory |   data_24_V  |     array    |
|data_24_V_ce0       | out |    1|  ap_memory |   data_24_V  |     array    |
|data_24_V_q0        |  in |   16|  ap_memory |   data_24_V  |     array    |
|data_25_V_address0  | out |    5|  ap_memory |   data_25_V  |     array    |
|data_25_V_ce0       | out |    1|  ap_memory |   data_25_V  |     array    |
|data_25_V_q0        |  in |   16|  ap_memory |   data_25_V  |     array    |
|data_26_V_address0  | out |    5|  ap_memory |   data_26_V  |     array    |
|data_26_V_ce0       | out |    1|  ap_memory |   data_26_V  |     array    |
|data_26_V_q0        |  in |   16|  ap_memory |   data_26_V  |     array    |
|data_27_V_address0  | out |    5|  ap_memory |   data_27_V  |     array    |
|data_27_V_ce0       | out |    1|  ap_memory |   data_27_V  |     array    |
|data_27_V_q0        |  in |   16|  ap_memory |   data_27_V  |     array    |
+--------------------+-----+-----+------------+--------------+--------------+

