

================================================================
== Vivado HLS Report for 'myproject'
================================================================
* Date:           Fri Apr 16 09:49:42 2021

* Version:        2019.2 (Build 2704478 on Wed Nov 06 22:10:23 MST 2019)
* Project:        myproject_prj
* Solution:       solution1
* Product family: kintexu
* Target device:  xcku115-flvb2104-2-i


================================================================
== Performance Estimates
================================================================
+ Timing: 
    * Summary: 
    +--------+---------+----------+------------+
    |  Clock |  Target | Estimated| Uncertainty|
    +--------+---------+----------+------------+
    |ap_clk  | 5.00 ns | 4.366 ns |   0.62 ns  |
    +--------+---------+----------+------------+

+ Latency: 
    * Summary: 
    +---------+---------+----------+----------+-----+-----+---------+
    |  Latency (cycles) |  Latency (absolute) |  Interval | Pipeline|
    |   min   |   max   |    min   |    max   | min | max |   Type  |
    +---------+---------+----------+----------+-----+-----+---------+
    |      338|      339| 1.690 us | 1.695 us |  338|  339|   none  |
    +---------+---------+----------+----------+-----+-----+---------+

    + Detail: 
        * Instance: 
        +-------------------------------+--------------------+---------+---------+-----------+-----------+-----+-----+---------------------------------------------+
        |                               |                    |  Latency (cycles) |   Latency (absolute)  |  Interval |                   Pipeline                  |
        |            Instance           |       Module       |   min   |   max   |    min    |    max    | min | max |                     Type                    |
        +-------------------------------+--------------------+---------+---------+-----------+-----------+-----+-----+---------------------------------------------+
        |grp_lstm_fu_154                |lstm                |      326|      327|  1.630 us |  1.635 us |  308|  308| loop rewind(delay=0 initiation interval(s)) |
        |grp_softmax_fu_162             |softmax             |        6|        6| 30.000 ns | 30.000 ns |    1|    1|                   function                  |
        |grp_dense_simple_0_0_1_fu_180  |dense_simple_0_0_1  |        2|        2| 10.000 ns | 10.000 ns |    1|    1|                   function                  |
        +-------------------------------+--------------------+---------+---------+-----------+-----------+-----+-----+---------------------------------------------+

        * Loop: 
        N/A



================================================================
== Utilization Estimates
================================================================
* Summary: 
+---------------------+---------+-------+---------+--------+-----+
|         Name        | BRAM_18K| DSP48E|    FF   |   LUT  | URAM|
+---------------------+---------+-------+---------+--------+-----+
|DSP                  |        -|      -|        -|       -|    -|
|Expression           |        -|      -|        0|       2|    -|
|FIFO                 |        -|      -|        -|       -|    -|
|Instance             |       98|   3680|   172533|  635628|    -|
|Memory               |        -|      -|        -|       -|    -|
|Multiplexer          |        -|      -|        -|      95|    -|
|Register             |        -|      -|    13232|       -|    -|
+---------------------+---------+-------+---------+--------+-----+
|Total                |       98|   3680|   185765|  635725|    0|
+---------------------+---------+-------+---------+--------+-----+
|Available SLR        |     2160|   2760|   663360|  331680|    0|
+---------------------+---------+-------+---------+--------+-----+
|Utilization SLR (%)  |        4|    133|       28|     191|  100|
+---------------------+---------+-------+---------+--------+-----+
|Available            |     4320|   5520|  1326720|  663360|    0|
+---------------------+---------+-------+---------+--------+-----+
|Utilization (%)      |        2|     66|       14|      95|    0|
+---------------------+---------+-------+---------+--------+-----+

+ Detail: 
    * Instance: 
    +-------------------------------+--------------------+---------+-------+--------+--------+-----+
    |            Instance           |       Module       | BRAM_18K| DSP48E|   FF   |   LUT  | URAM|
    +-------------------------------+--------------------+---------+-------+--------+--------+-----+
    |grp_dense_simple_0_0_1_fu_180  |dense_simple_0_0_1  |        0|    281|    6048|    8585|    0|
    |grp_lstm_fu_154                |lstm                |       48|   3399|  163498|  608009|    0|
    |grp_softmax_fu_162             |softmax             |       50|      0|    2987|   19034|    0|
    +-------------------------------+--------------------+---------+-------+--------+--------+-----+
    |Total                          |                    |       98|   3680|  172533|  635628|    0|
    +-------------------------------+--------------------+---------+-------+--------+--------+-----+

    * DSP48E: 
    N/A

    * Memory: 
    N/A

    * FIFO: 
    N/A

    * Expression: 
    +-----------------+----------+-------+---+----+------------+------------+
    |  Variable Name  | Operation| DSP48E| FF| LUT| Bitwidth P0| Bitwidth P1|
    +-----------------+----------+-------+---+----+------------+------------+
    |ap_block_state1  |    or    |      0|  0|   2|           1|           1|
    +-----------------+----------+-------+---+----+------------+------------+
    |Total            |          |      0|  0|   2|           1|           1|
    +-----------------+----------+-------+---+----+------------+------------+

    * Multiplexer: 
    +-------------------------+----+-----------+-------+-----------+
    |           Name          | LUT| Input Size|  Bits | Total Bits|
    +-------------------------+----+-----------+-------+-----------+
    |ap_NS_fsm                |  59|         14|      1|         14|
    |input_1_V_ap_vld_in_sig  |   9|          2|      1|          2|
    |input_1_V_ap_vld_preg    |   9|          2|      1|          2|
    |input_1_V_blk_n          |   9|          2|      1|          2|
    |input_1_V_in_sig         |   9|          2|  12544|      25088|
    +-------------------------+----+-----------+-------+-----------+
    |Total                    |  95|         22|  12548|      25108|
    +-------------------------+----+-----------+-------+-----------+

    * Register: 
    +---------------------------------+-------+----+-------+-----------+
    |               Name              |   FF  | LUT|  Bits | Const Bits|
    +---------------------------------+-------+----+-------+-----------+
    |ap_CS_fsm                        |     13|   0|     13|          0|
    |grp_lstm_fu_154_ap_start_reg     |      1|   0|      1|          0|
    |grp_softmax_fu_162_ap_start_reg  |      1|   0|      1|          0|
    |input_1_V_ap_vld_preg            |      1|   0|      1|          0|
    |input_1_V_preg                   |  12544|   0|  12544|          0|
    |layer2_out_0_V_reg_439           |     16|   0|     16|          0|
    |layer2_out_10_V_reg_489          |     16|   0|     16|          0|
    |layer2_out_11_V_reg_494          |     16|   0|     16|          0|
    |layer2_out_12_V_reg_499          |     16|   0|     16|          0|
    |layer2_out_13_V_reg_504          |     16|   0|     16|          0|
    |layer2_out_14_V_reg_509          |     16|   0|     16|          0|
    |layer2_out_15_V_reg_514          |     16|   0|     16|          0|
    |layer2_out_16_V_reg_519          |     16|   0|     16|          0|
    |layer2_out_17_V_reg_524          |     16|   0|     16|          0|
    |layer2_out_18_V_reg_529          |     16|   0|     16|          0|
    |layer2_out_19_V_reg_534          |     16|   0|     16|          0|
    |layer2_out_1_V_reg_444           |     16|   0|     16|          0|
    |layer2_out_20_V_reg_539          |     16|   0|     16|          0|
    |layer2_out_21_V_reg_544          |     16|   0|     16|          0|
    |layer2_out_22_V_reg_549          |     16|   0|     16|          0|
    |layer2_out_23_V_reg_554          |     16|   0|     16|          0|
    |layer2_out_24_V_reg_559          |     16|   0|     16|          0|
    |layer2_out_25_V_reg_564          |     16|   0|     16|          0|
    |layer2_out_26_V_reg_569          |     16|   0|     16|          0|
    |layer2_out_27_V_reg_574          |     16|   0|     16|          0|
    |layer2_out_28_V_reg_579          |     16|   0|     16|          0|
    |layer2_out_29_V_reg_584          |     16|   0|     16|          0|
    |layer2_out_2_V_reg_449           |     16|   0|     16|          0|
    |layer2_out_30_V_reg_589          |     16|   0|     16|          0|
    |layer2_out_31_V_reg_594          |     16|   0|     16|          0|
    |layer2_out_3_V_reg_454           |     16|   0|     16|          0|
    |layer2_out_4_V_reg_459           |     16|   0|     16|          0|
    |layer2_out_5_V_reg_464           |     16|   0|     16|          0|
    |layer2_out_6_V_reg_469           |     16|   0|     16|          0|
    |layer2_out_7_V_reg_474           |     16|   0|     16|          0|
    |layer2_out_8_V_reg_479           |     16|   0|     16|          0|
    |layer2_out_9_V_reg_484           |     16|   0|     16|          0|
    |layer3_out_0_V_reg_599           |     16|   0|     16|          0|
    |layer3_out_1_V_reg_604           |     16|   0|     16|          0|
    |layer3_out_2_V_reg_609           |     16|   0|     16|          0|
    |layer3_out_3_V_reg_614           |     16|   0|     16|          0|
    |layer3_out_4_V_reg_619           |     16|   0|     16|          0|
    |layer3_out_5_V_reg_624           |     16|   0|     16|          0|
    |layer3_out_6_V_reg_629           |     16|   0|     16|          0|
    |layer3_out_7_V_reg_634           |     16|   0|     16|          0|
    |layer3_out_8_V_reg_639           |     16|   0|     16|          0|
    |layer3_out_9_V_reg_644           |     16|   0|     16|          0|
    +---------------------------------+-------+----+-------+-----------+
    |Total                            |  13232|   0|  13232|          0|
    +---------------------------------+-------+----+-------+-----------+



================================================================
== Interface
================================================================
* Summary: 
+-------------------------+-----+-------+------------+------------------+--------------+
|        RTL Ports        | Dir |  Bits |  Protocol  |   Source Object  |    C Type    |
+-------------------------+-----+-------+------------+------------------+--------------+
|ap_clk                   |  in |      1| ap_ctrl_hs |     myproject    | return value |
|ap_rst                   |  in |      1| ap_ctrl_hs |     myproject    | return value |
|ap_start                 |  in |      1| ap_ctrl_hs |     myproject    | return value |
|ap_done                  | out |      1| ap_ctrl_hs |     myproject    | return value |
|ap_idle                  | out |      1| ap_ctrl_hs |     myproject    | return value |
|ap_ready                 | out |      1| ap_ctrl_hs |     myproject    | return value |
|input_1_V                |  in |  12544|   ap_vld   |     input_1_V    |    pointer   |
|input_1_V_ap_vld         |  in |      1|   ap_vld   |     input_1_V    |    pointer   |
|layer5_out_0_V           | out |     16|   ap_vld   |  layer5_out_0_V  |    pointer   |
|layer5_out_0_V_ap_vld    | out |      1|   ap_vld   |  layer5_out_0_V  |    pointer   |
|layer5_out_1_V           | out |     16|   ap_vld   |  layer5_out_1_V  |    pointer   |
|layer5_out_1_V_ap_vld    | out |      1|   ap_vld   |  layer5_out_1_V  |    pointer   |
|layer5_out_2_V           | out |     16|   ap_vld   |  layer5_out_2_V  |    pointer   |
|layer5_out_2_V_ap_vld    | out |      1|   ap_vld   |  layer5_out_2_V  |    pointer   |
|layer5_out_3_V           | out |     16|   ap_vld   |  layer5_out_3_V  |    pointer   |
|layer5_out_3_V_ap_vld    | out |      1|   ap_vld   |  layer5_out_3_V  |    pointer   |
|layer5_out_4_V           | out |     16|   ap_vld   |  layer5_out_4_V  |    pointer   |
|layer5_out_4_V_ap_vld    | out |      1|   ap_vld   |  layer5_out_4_V  |    pointer   |
|layer5_out_5_V           | out |     16|   ap_vld   |  layer5_out_5_V  |    pointer   |
|layer5_out_5_V_ap_vld    | out |      1|   ap_vld   |  layer5_out_5_V  |    pointer   |
|layer5_out_6_V           | out |     16|   ap_vld   |  layer5_out_6_V  |    pointer   |
|layer5_out_6_V_ap_vld    | out |      1|   ap_vld   |  layer5_out_6_V  |    pointer   |
|layer5_out_7_V           | out |     16|   ap_vld   |  layer5_out_7_V  |    pointer   |
|layer5_out_7_V_ap_vld    | out |      1|   ap_vld   |  layer5_out_7_V  |    pointer   |
|layer5_out_8_V           | out |     16|   ap_vld   |  layer5_out_8_V  |    pointer   |
|layer5_out_8_V_ap_vld    | out |      1|   ap_vld   |  layer5_out_8_V  |    pointer   |
|layer5_out_9_V           | out |     16|   ap_vld   |  layer5_out_9_V  |    pointer   |
|layer5_out_9_V_ap_vld    | out |      1|   ap_vld   |  layer5_out_9_V  |    pointer   |
|const_size_in_1          | out |     16|   ap_vld   |  const_size_in_1 |    pointer   |
|const_size_in_1_ap_vld   | out |      1|   ap_vld   |  const_size_in_1 |    pointer   |
|const_size_out_1         | out |     16|   ap_vld   | const_size_out_1 |    pointer   |
|const_size_out_1_ap_vld  | out |      1|   ap_vld   | const_size_out_1 |    pointer   |
+-------------------------+-----+-------+------------+------------------+--------------+

