

================================================================
== Vivado HLS Report for 'sigmoid'
================================================================
* Date:           Sat Apr 17 18:26:39 2021

* Version:        2019.2 (Build 2704478 on Wed Nov 06 22:10:23 MST 2019)
* Project:        myproject_prj
* Solution:       solution1
* Product family: kintexu
* Target device:  xcku115-flvb2104-2-i


================================================================
== Performance Estimates
================================================================
+ Timing: 
    * Summary: 
    +--------+---------+----------+------------+
    |  Clock |  Target | Estimated| Uncertainty|
    +--------+---------+----------+------------+
    |ap_clk  | 5.00 ns | 4.317 ns |   0.62 ns  |
    +--------+---------+----------+------------+

+ Latency: 
    * Summary: 
    +---------+---------+-----------+-----------+-----+-----+----------+
    |  Latency (cycles) |   Latency (absolute)  |  Interval | Pipeline |
    |   min   |   max   |    min    |    max    | min | max |   Type   |
    +---------+---------+-----------+-----------+-----+-----+----------+
    |        2|        2| 10.000 ns | 10.000 ns |    1|    1| function |
    +---------+---------+-----------+-----------+-----+-----+----------+

    + Detail: 
        * Instance: 
        N/A

        * Loop: 
        N/A



================================================================
== Utilization Estimates
================================================================
* Summary: 
+---------------------+---------+-------+---------+--------+-----+
|         Name        | BRAM_18K| DSP48E|    FF   |   LUT  | URAM|
+---------------------+---------+-------+---------+--------+-----+
|DSP                  |        -|      -|        -|       -|    -|
|Expression           |        -|      -|        0|    4740|    -|
|FIFO                 |        -|      -|        -|       -|    -|
|Instance             |        -|      -|        -|       -|    -|
|Memory               |       16|      -|        0|       0|    -|
|Multiplexer          |        -|      -|        -|       -|    -|
|Register             |        -|      -|      323|       -|    -|
+---------------------+---------+-------+---------+--------+-----+
|Total                |       16|      0|      323|    4740|    0|
+---------------------+---------+-------+---------+--------+-----+
|Available SLR        |     2160|   2760|   663360|  331680|    0|
+---------------------+---------+-------+---------+--------+-----+
|Utilization SLR (%)  |    ~0   |      0|    ~0   |       1|  100|
+---------------------+---------+-------+---------+--------+-----+
|Available            |     4320|   5520|  1326720|  663360|    0|
+---------------------+---------+-------+---------+--------+-----+
|Utilization (%)      |    ~0   |      0|    ~0   |   ~0   |    0|
+---------------------+---------+-------+---------+--------+-----+

+ Detail: 
    * Instance: 
    N/A

    * DSP48E: 
    N/A

    * Memory: 
    +------------------+----------------------+---------+---+----+-----+------+-----+------+-------------+
    |      Memory      |        Module        | BRAM_18K| FF| LUT| URAM| Words| Bits| Banks| W*Bits*Banks|
    +------------------+----------------------+---------+---+----+-----+------+-----+------+-------------+
    |sigmoid_table6_U  |sigmoid_sigmoid_tbkb  |       16|  0|   0|    0|  1024|   10|     1|        10240|
    +------------------+----------------------+---------+---+----+-----+------+-----+------+-------------+
    |Total             |                      |       16|  0|   0|    0|  1024|   10|     1|        10240|
    +------------------+----------------------+---------+---+----+-----+------+-----+------+-------------+

    * FIFO: 
    N/A

    * Expression: 
    +-----------------------------+----------+-------+---+----+------------+------------+
    |        Variable Name        | Operation| DSP48E| FF| LUT| Bitwidth P0| Bitwidth P1|
    +-----------------------------+----------+-------+---+----+------------+------------+
    |add_ln170_10_fu_2055_p2      |     +    |      0|  0|  20|          10|          13|
    |add_ln170_11_fu_2183_p2      |     +    |      0|  0|  20|          10|          13|
    |add_ln170_12_fu_2311_p2      |     +    |      0|  0|  20|          10|          13|
    |add_ln170_13_fu_2439_p2      |     +    |      0|  0|  20|          10|          13|
    |add_ln170_14_fu_2567_p2      |     +    |      0|  0|  20|          10|          13|
    |add_ln170_15_fu_2695_p2      |     +    |      0|  0|  20|          10|          13|
    |add_ln170_16_fu_2823_p2      |     +    |      0|  0|  20|          10|          13|
    |add_ln170_17_fu_2951_p2      |     +    |      0|  0|  20|          10|          13|
    |add_ln170_18_fu_3079_p2      |     +    |      0|  0|  20|          10|          13|
    |add_ln170_19_fu_3207_p2      |     +    |      0|  0|  20|          10|          13|
    |add_ln170_1_fu_903_p2        |     +    |      0|  0|  20|          10|          13|
    |add_ln170_20_fu_3335_p2      |     +    |      0|  0|  20|          10|          13|
    |add_ln170_21_fu_3463_p2      |     +    |      0|  0|  20|          10|          13|
    |add_ln170_22_fu_3591_p2      |     +    |      0|  0|  20|          10|          13|
    |add_ln170_23_fu_3719_p2      |     +    |      0|  0|  20|          10|          13|
    |add_ln170_24_fu_3847_p2      |     +    |      0|  0|  20|          10|          13|
    |add_ln170_25_fu_3975_p2      |     +    |      0|  0|  20|          10|          13|
    |add_ln170_26_fu_4103_p2      |     +    |      0|  0|  20|          10|          13|
    |add_ln170_27_fu_4231_p2      |     +    |      0|  0|  20|          10|          13|
    |add_ln170_28_fu_4359_p2      |     +    |      0|  0|  20|          10|          13|
    |add_ln170_29_fu_4487_p2      |     +    |      0|  0|  20|          10|          13|
    |add_ln170_2_fu_1031_p2       |     +    |      0|  0|  20|          10|          13|
    |add_ln170_30_fu_4615_p2      |     +    |      0|  0|  20|          10|          13|
    |add_ln170_31_fu_4743_p2      |     +    |      0|  0|  20|          10|          13|
    |add_ln170_32_fu_781_p2       |     +    |      0|  0|  19|          10|          12|
    |add_ln170_33_fu_909_p2       |     +    |      0|  0|  19|          10|          12|
    |add_ln170_34_fu_1037_p2      |     +    |      0|  0|  19|          10|          12|
    |add_ln170_35_fu_1165_p2      |     +    |      0|  0|  19|          10|          12|
    |add_ln170_36_fu_1293_p2      |     +    |      0|  0|  19|          10|          12|
    |add_ln170_37_fu_1421_p2      |     +    |      0|  0|  19|          10|          12|
    |add_ln170_38_fu_1549_p2      |     +    |      0|  0|  19|          10|          12|
    |add_ln170_39_fu_1677_p2      |     +    |      0|  0|  19|          10|          12|
    |add_ln170_3_fu_1159_p2       |     +    |      0|  0|  20|          10|          13|
    |add_ln170_40_fu_1805_p2      |     +    |      0|  0|  19|          10|          12|
    |add_ln170_41_fu_1933_p2      |     +    |      0|  0|  19|          10|          12|
    |add_ln170_42_fu_2061_p2      |     +    |      0|  0|  19|          10|          12|
    |add_ln170_43_fu_2189_p2      |     +    |      0|  0|  19|          10|          12|
    |add_ln170_44_fu_2317_p2      |     +    |      0|  0|  19|          10|          12|
    |add_ln170_45_fu_2445_p2      |     +    |      0|  0|  19|          10|          12|
    |add_ln170_46_fu_2573_p2      |     +    |      0|  0|  19|          10|          12|
    |add_ln170_47_fu_2701_p2      |     +    |      0|  0|  19|          10|          12|
    |add_ln170_48_fu_2829_p2      |     +    |      0|  0|  19|          10|          12|
    |add_ln170_49_fu_2957_p2      |     +    |      0|  0|  19|          10|          12|
    |add_ln170_4_fu_1287_p2       |     +    |      0|  0|  20|          10|          13|
    |add_ln170_50_fu_3085_p2      |     +    |      0|  0|  19|          10|          12|
    |add_ln170_51_fu_3213_p2      |     +    |      0|  0|  19|          10|          12|
    |add_ln170_52_fu_3341_p2      |     +    |      0|  0|  19|          10|          12|
    |add_ln170_53_fu_3469_p2      |     +    |      0|  0|  19|          10|          12|
    |add_ln170_54_fu_3597_p2      |     +    |      0|  0|  19|          10|          12|
    |add_ln170_55_fu_3725_p2      |     +    |      0|  0|  19|          10|          12|
    |add_ln170_56_fu_3853_p2      |     +    |      0|  0|  19|          10|          12|
    |add_ln170_57_fu_3981_p2      |     +    |      0|  0|  19|          10|          12|
    |add_ln170_58_fu_4109_p2      |     +    |      0|  0|  19|          10|          12|
    |add_ln170_59_fu_4237_p2      |     +    |      0|  0|  19|          10|          12|
    |add_ln170_5_fu_1415_p2       |     +    |      0|  0|  20|          10|          13|
    |add_ln170_60_fu_4365_p2      |     +    |      0|  0|  19|          10|          12|
    |add_ln170_61_fu_4493_p2      |     +    |      0|  0|  19|          10|          12|
    |add_ln170_62_fu_4621_p2      |     +    |      0|  0|  19|          10|          12|
    |add_ln170_63_fu_4749_p2      |     +    |      0|  0|  19|          10|          12|
    |add_ln170_6_fu_1543_p2       |     +    |      0|  0|  20|          10|          13|
    |add_ln170_7_fu_1671_p2       |     +    |      0|  0|  20|          10|          13|
    |add_ln170_8_fu_1799_p2       |     +    |      0|  0|  20|          10|          13|
    |add_ln170_9_fu_1927_p2       |     +    |      0|  0|  20|          10|          13|
    |add_ln170_fu_775_p2          |     +    |      0|  0|  20|          10|          13|
    |add_ln700_100_fu_877_p2      |     +    |      0|  0|  20|           1|          13|
    |add_ln700_101_fu_1005_p2     |     +    |      0|  0|  20|           1|          13|
    |add_ln700_102_fu_1133_p2     |     +    |      0|  0|  20|           1|          13|
    |add_ln700_103_fu_1261_p2     |     +    |      0|  0|  20|           1|          13|
    |add_ln700_104_fu_1389_p2     |     +    |      0|  0|  20|           1|          13|
    |add_ln700_105_fu_1517_p2     |     +    |      0|  0|  20|           1|          13|
    |add_ln700_106_fu_1645_p2     |     +    |      0|  0|  20|           1|          13|
    |add_ln700_107_fu_1773_p2     |     +    |      0|  0|  20|           1|          13|
    |add_ln700_108_fu_1901_p2     |     +    |      0|  0|  20|           1|          13|
    |add_ln700_109_fu_2029_p2     |     +    |      0|  0|  20|           1|          13|
    |add_ln700_110_fu_2157_p2     |     +    |      0|  0|  20|           1|          13|
    |add_ln700_111_fu_2285_p2     |     +    |      0|  0|  20|           1|          13|
    |add_ln700_112_fu_2413_p2     |     +    |      0|  0|  20|           1|          13|
    |add_ln700_113_fu_2541_p2     |     +    |      0|  0|  20|           1|          13|
    |add_ln700_114_fu_2669_p2     |     +    |      0|  0|  20|           1|          13|
    |add_ln700_115_fu_2797_p2     |     +    |      0|  0|  20|           1|          13|
    |add_ln700_116_fu_2925_p2     |     +    |      0|  0|  20|           1|          13|
    |add_ln700_117_fu_3053_p2     |     +    |      0|  0|  20|           1|          13|
    |add_ln700_118_fu_3181_p2     |     +    |      0|  0|  20|           1|          13|
    |add_ln700_119_fu_3309_p2     |     +    |      0|  0|  20|           1|          13|
    |add_ln700_120_fu_3437_p2     |     +    |      0|  0|  20|           1|          13|
    |add_ln700_121_fu_3565_p2     |     +    |      0|  0|  20|           1|          13|
    |add_ln700_122_fu_3693_p2     |     +    |      0|  0|  20|           1|          13|
    |add_ln700_123_fu_3821_p2     |     +    |      0|  0|  20|           1|          13|
    |add_ln700_124_fu_3949_p2     |     +    |      0|  0|  20|           1|          13|
    |add_ln700_125_fu_4077_p2     |     +    |      0|  0|  20|           1|          13|
    |add_ln700_126_fu_4205_p2     |     +    |      0|  0|  20|           1|          13|
    |add_ln700_127_fu_4333_p2     |     +    |      0|  0|  20|           1|          13|
    |add_ln700_128_fu_4461_p2     |     +    |      0|  0|  20|           1|          13|
    |add_ln700_129_fu_4589_p2     |     +    |      0|  0|  20|           1|          13|
    |add_ln700_130_fu_4717_p2     |     +    |      0|  0|  20|           1|          13|
    |add_ln700_fu_749_p2          |     +    |      0|  0|  20|           1|          13|
    |ap_block_pp0_stage0_11001    |    and   |      0|  0|   2|           1|           1|
    |icmp_ln172_10_fu_2097_p2     |   icmp   |      0|  0|   8|           2|           1|
    |icmp_ln172_11_fu_2225_p2     |   icmp   |      0|  0|   8|           2|           1|
    |icmp_ln172_12_fu_2353_p2     |   icmp   |      0|  0|   8|           2|           1|
    |icmp_ln172_13_fu_2481_p2     |   icmp   |      0|  0|   8|           2|           1|
    |icmp_ln172_14_fu_2609_p2     |   icmp   |      0|  0|   8|           2|           1|
    |icmp_ln172_15_fu_2737_p2     |   icmp   |      0|  0|   8|           2|           1|
    |icmp_ln172_16_fu_2865_p2     |   icmp   |      0|  0|   8|           2|           1|
    |icmp_ln172_17_fu_2993_p2     |   icmp   |      0|  0|   8|           2|           1|
    |icmp_ln172_18_fu_3121_p2     |   icmp   |      0|  0|   8|           2|           1|
    |icmp_ln172_19_fu_3249_p2     |   icmp   |      0|  0|   8|           2|           1|
    |icmp_ln172_1_fu_945_p2       |   icmp   |      0|  0|   8|           2|           1|
    |icmp_ln172_20_fu_3377_p2     |   icmp   |      0|  0|   8|           2|           1|
    |icmp_ln172_21_fu_3505_p2     |   icmp   |      0|  0|   8|           2|           1|
    |icmp_ln172_22_fu_3633_p2     |   icmp   |      0|  0|   8|           2|           1|
    |icmp_ln172_23_fu_3761_p2     |   icmp   |      0|  0|   8|           2|           1|
    |icmp_ln172_24_fu_3889_p2     |   icmp   |      0|  0|   8|           2|           1|
    |icmp_ln172_25_fu_4017_p2     |   icmp   |      0|  0|   8|           2|           1|
    |icmp_ln172_26_fu_4145_p2     |   icmp   |      0|  0|   8|           2|           1|
    |icmp_ln172_27_fu_4273_p2     |   icmp   |      0|  0|   8|           2|           1|
    |icmp_ln172_28_fu_4401_p2     |   icmp   |      0|  0|   8|           2|           1|
    |icmp_ln172_29_fu_4529_p2     |   icmp   |      0|  0|   8|           2|           1|
    |icmp_ln172_2_fu_1073_p2      |   icmp   |      0|  0|   8|           2|           1|
    |icmp_ln172_30_fu_4657_p2     |   icmp   |      0|  0|   8|           2|           1|
    |icmp_ln172_31_fu_4785_p2     |   icmp   |      0|  0|   8|           2|           1|
    |icmp_ln172_3_fu_1201_p2      |   icmp   |      0|  0|   8|           2|           1|
    |icmp_ln172_4_fu_1329_p2      |   icmp   |      0|  0|   8|           2|           1|
    |icmp_ln172_5_fu_1457_p2      |   icmp   |      0|  0|   8|           2|           1|
    |icmp_ln172_6_fu_1585_p2      |   icmp   |      0|  0|   8|           2|           1|
    |icmp_ln172_7_fu_1713_p2      |   icmp   |      0|  0|   8|           2|           1|
    |icmp_ln172_8_fu_1841_p2      |   icmp   |      0|  0|   8|           2|           1|
    |icmp_ln172_9_fu_1969_p2      |   icmp   |      0|  0|   8|           2|           1|
    |icmp_ln172_fu_817_p2         |   icmp   |      0|  0|   8|           2|           1|
    |icmp_ln850_100_fu_853_p2     |   icmp   |      0|  0|  20|          26|           5|
    |icmp_ln850_101_fu_981_p2     |   icmp   |      0|  0|  20|          26|           5|
    |icmp_ln850_102_fu_1109_p2    |   icmp   |      0|  0|  20|          26|           5|
    |icmp_ln850_103_fu_1237_p2    |   icmp   |      0|  0|  20|          26|           5|
    |icmp_ln850_104_fu_1365_p2    |   icmp   |      0|  0|  20|          26|           5|
    |icmp_ln850_105_fu_1493_p2    |   icmp   |      0|  0|  20|          26|           5|
    |icmp_ln850_106_fu_1621_p2    |   icmp   |      0|  0|  20|          26|           5|
    |icmp_ln850_107_fu_1749_p2    |   icmp   |      0|  0|  20|          26|           5|
    |icmp_ln850_108_fu_1877_p2    |   icmp   |      0|  0|  20|          26|           5|
    |icmp_ln850_109_fu_2005_p2    |   icmp   |      0|  0|  20|          26|           5|
    |icmp_ln850_110_fu_2133_p2    |   icmp   |      0|  0|  20|          26|           5|
    |icmp_ln850_111_fu_2261_p2    |   icmp   |      0|  0|  20|          26|           5|
    |icmp_ln850_112_fu_2389_p2    |   icmp   |      0|  0|  20|          26|           5|
    |icmp_ln850_113_fu_2517_p2    |   icmp   |      0|  0|  20|          26|           5|
    |icmp_ln850_114_fu_2645_p2    |   icmp   |      0|  0|  20|          26|           5|
    |icmp_ln850_115_fu_2773_p2    |   icmp   |      0|  0|  20|          26|           5|
    |icmp_ln850_116_fu_2901_p2    |   icmp   |      0|  0|  20|          26|           5|
    |icmp_ln850_117_fu_3029_p2    |   icmp   |      0|  0|  20|          26|           5|
    |icmp_ln850_118_fu_3157_p2    |   icmp   |      0|  0|  20|          26|           5|
    |icmp_ln850_119_fu_3285_p2    |   icmp   |      0|  0|  20|          26|           5|
    |icmp_ln850_120_fu_3413_p2    |   icmp   |      0|  0|  20|          26|           5|
    |icmp_ln850_121_fu_3541_p2    |   icmp   |      0|  0|  20|          26|           5|
    |icmp_ln850_122_fu_3669_p2    |   icmp   |      0|  0|  20|          26|           5|
    |icmp_ln850_123_fu_3797_p2    |   icmp   |      0|  0|  20|          26|           5|
    |icmp_ln850_124_fu_3925_p2    |   icmp   |      0|  0|  20|          26|           5|
    |icmp_ln850_125_fu_4053_p2    |   icmp   |      0|  0|  20|          26|           5|
    |icmp_ln850_126_fu_4181_p2    |   icmp   |      0|  0|  20|          26|           5|
    |icmp_ln850_127_fu_4309_p2    |   icmp   |      0|  0|  20|          26|           5|
    |icmp_ln850_128_fu_4437_p2    |   icmp   |      0|  0|  20|          26|           5|
    |icmp_ln850_129_fu_4565_p2    |   icmp   |      0|  0|  20|          26|           5|
    |icmp_ln850_130_fu_4693_p2    |   icmp   |      0|  0|  20|          26|           5|
    |icmp_ln850_fu_725_p2         |   icmp   |      0|  0|  20|          26|           5|
    |icmp_ln851_10_fu_2023_p2     |   icmp   |      0|  0|  13|          10|           1|
    |icmp_ln851_11_fu_2151_p2     |   icmp   |      0|  0|  13|          10|           1|
    |icmp_ln851_12_fu_2279_p2     |   icmp   |      0|  0|  13|          10|           1|
    |icmp_ln851_13_fu_2407_p2     |   icmp   |      0|  0|  13|          10|           1|
    |icmp_ln851_14_fu_2535_p2     |   icmp   |      0|  0|  13|          10|           1|
    |icmp_ln851_15_fu_2663_p2     |   icmp   |      0|  0|  13|          10|           1|
    |icmp_ln851_16_fu_2791_p2     |   icmp   |      0|  0|  13|          10|           1|
    |icmp_ln851_17_fu_2919_p2     |   icmp   |      0|  0|  13|          10|           1|
    |icmp_ln851_18_fu_3047_p2     |   icmp   |      0|  0|  13|          10|           1|
    |icmp_ln851_19_fu_3175_p2     |   icmp   |      0|  0|  13|          10|           1|
    |icmp_ln851_1_fu_871_p2       |   icmp   |      0|  0|  13|          10|           1|
    |icmp_ln851_20_fu_3303_p2     |   icmp   |      0|  0|  13|          10|           1|
    |icmp_ln851_21_fu_3431_p2     |   icmp   |      0|  0|  13|          10|           1|
    |icmp_ln851_22_fu_3559_p2     |   icmp   |      0|  0|  13|          10|           1|
    |icmp_ln851_23_fu_3687_p2     |   icmp   |      0|  0|  13|          10|           1|
    |icmp_ln851_24_fu_3815_p2     |   icmp   |      0|  0|  13|          10|           1|
    |icmp_ln851_25_fu_3943_p2     |   icmp   |      0|  0|  13|          10|           1|
    |icmp_ln851_26_fu_4071_p2     |   icmp   |      0|  0|  13|          10|           1|
    |icmp_ln851_27_fu_4199_p2     |   icmp   |      0|  0|  13|          10|           1|
    |icmp_ln851_28_fu_4327_p2     |   icmp   |      0|  0|  13|          10|           1|
    |icmp_ln851_29_fu_4455_p2     |   icmp   |      0|  0|  13|          10|           1|
    |icmp_ln851_2_fu_999_p2       |   icmp   |      0|  0|  13|          10|           1|
    |icmp_ln851_30_fu_4583_p2     |   icmp   |      0|  0|  13|          10|           1|
    |icmp_ln851_31_fu_4711_p2     |   icmp   |      0|  0|  13|          10|           1|
    |icmp_ln851_3_fu_1127_p2      |   icmp   |      0|  0|  13|          10|           1|
    |icmp_ln851_4_fu_1255_p2      |   icmp   |      0|  0|  13|          10|           1|
    |icmp_ln851_5_fu_1383_p2      |   icmp   |      0|  0|  13|          10|           1|
    |icmp_ln851_6_fu_1511_p2      |   icmp   |      0|  0|  13|          10|           1|
    |icmp_ln851_7_fu_1639_p2      |   icmp   |      0|  0|  13|          10|           1|
    |icmp_ln851_8_fu_1767_p2      |   icmp   |      0|  0|  13|          10|           1|
    |icmp_ln851_9_fu_1895_p2      |   icmp   |      0|  0|  13|          10|           1|
    |icmp_ln851_fu_743_p2         |   icmp   |      0|  0|  13|          10|           1|
    |select_ln171_10_fu_2075_p3   |  select  |      0|  0|  12|           1|           1|
    |select_ln171_11_fu_2203_p3   |  select  |      0|  0|  12|           1|           1|
    |select_ln171_12_fu_2331_p3   |  select  |      0|  0|  12|           1|           1|
    |select_ln171_13_fu_2459_p3   |  select  |      0|  0|  12|           1|           1|
    |select_ln171_14_fu_2587_p3   |  select  |      0|  0|  12|           1|           1|
    |select_ln171_15_fu_2715_p3   |  select  |      0|  0|  12|           1|           1|
    |select_ln171_16_fu_2843_p3   |  select  |      0|  0|  12|           1|           1|
    |select_ln171_17_fu_2971_p3   |  select  |      0|  0|  12|           1|           1|
    |select_ln171_18_fu_3099_p3   |  select  |      0|  0|  12|           1|           1|
    |select_ln171_19_fu_3227_p3   |  select  |      0|  0|  12|           1|           1|
    |select_ln171_1_fu_923_p3     |  select  |      0|  0|  12|           1|           1|
    |select_ln171_20_fu_3355_p3   |  select  |      0|  0|  12|           1|           1|
    |select_ln171_21_fu_3483_p3   |  select  |      0|  0|  12|           1|           1|
    |select_ln171_22_fu_3611_p3   |  select  |      0|  0|  12|           1|           1|
    |select_ln171_23_fu_3739_p3   |  select  |      0|  0|  12|           1|           1|
    |select_ln171_24_fu_3867_p3   |  select  |      0|  0|  12|           1|           1|
    |select_ln171_25_fu_3995_p3   |  select  |      0|  0|  12|           1|           1|
    |select_ln171_26_fu_4123_p3   |  select  |      0|  0|  12|           1|           1|
    |select_ln171_27_fu_4251_p3   |  select  |      0|  0|  12|           1|           1|
    |select_ln171_28_fu_4379_p3   |  select  |      0|  0|  12|           1|           1|
    |select_ln171_29_fu_4507_p3   |  select  |      0|  0|  12|           1|           1|
    |select_ln171_2_fu_1051_p3    |  select  |      0|  0|  12|           1|           1|
    |select_ln171_30_fu_4635_p3   |  select  |      0|  0|  12|           1|           1|
    |select_ln171_31_fu_4763_p3   |  select  |      0|  0|  12|           1|           1|
    |select_ln171_3_fu_1179_p3    |  select  |      0|  0|  12|           1|           1|
    |select_ln171_4_fu_1307_p3    |  select  |      0|  0|  12|           1|           1|
    |select_ln171_5_fu_1435_p3    |  select  |      0|  0|  12|           1|           1|
    |select_ln171_6_fu_1563_p3    |  select  |      0|  0|  12|           1|           1|
    |select_ln171_7_fu_1691_p3    |  select  |      0|  0|  12|           1|           1|
    |select_ln171_8_fu_1819_p3    |  select  |      0|  0|  12|           1|           1|
    |select_ln171_9_fu_1947_p3    |  select  |      0|  0|  12|           1|           1|
    |select_ln171_fu_795_p3       |  select  |      0|  0|  12|           1|           1|
    |select_ln172_10_fu_2103_p3   |  select  |      0|  0|  10|           1|           2|
    |select_ln172_11_fu_2231_p3   |  select  |      0|  0|  10|           1|           2|
    |select_ln172_12_fu_2359_p3   |  select  |      0|  0|  10|           1|           2|
    |select_ln172_13_fu_2487_p3   |  select  |      0|  0|  10|           1|           2|
    |select_ln172_14_fu_2615_p3   |  select  |      0|  0|  10|           1|           2|
    |select_ln172_15_fu_2743_p3   |  select  |      0|  0|  10|           1|           2|
    |select_ln172_16_fu_2871_p3   |  select  |      0|  0|  10|           1|           2|
    |select_ln172_17_fu_2999_p3   |  select  |      0|  0|  10|           1|           2|
    |select_ln172_18_fu_3127_p3   |  select  |      0|  0|  10|           1|           2|
    |select_ln172_19_fu_3255_p3   |  select  |      0|  0|  10|           1|           2|
    |select_ln172_1_fu_951_p3     |  select  |      0|  0|  10|           1|           2|
    |select_ln172_20_fu_3383_p3   |  select  |      0|  0|  10|           1|           2|
    |select_ln172_21_fu_3511_p3   |  select  |      0|  0|  10|           1|           2|
    |select_ln172_22_fu_3639_p3   |  select  |      0|  0|  10|           1|           2|
    |select_ln172_23_fu_3767_p3   |  select  |      0|  0|  10|           1|           2|
    |select_ln172_24_fu_3895_p3   |  select  |      0|  0|  10|           1|           2|
    |select_ln172_25_fu_4023_p3   |  select  |      0|  0|  10|           1|           2|
    |select_ln172_26_fu_4151_p3   |  select  |      0|  0|  10|           1|           2|
    |select_ln172_27_fu_4279_p3   |  select  |      0|  0|  10|           1|           2|
    |select_ln172_28_fu_4407_p3   |  select  |      0|  0|  10|           1|           2|
    |select_ln172_29_fu_4535_p3   |  select  |      0|  0|  10|           1|           2|
    |select_ln172_2_fu_1079_p3    |  select  |      0|  0|  10|           1|           2|
    |select_ln172_30_fu_4663_p3   |  select  |      0|  0|  10|           1|           2|
    |select_ln172_31_fu_4791_p3   |  select  |      0|  0|  10|           1|           2|
    |select_ln172_3_fu_1207_p3    |  select  |      0|  0|  10|           1|           2|
    |select_ln172_4_fu_1335_p3    |  select  |      0|  0|  10|           1|           2|
    |select_ln172_5_fu_1463_p3    |  select  |      0|  0|  10|           1|           2|
    |select_ln172_6_fu_1591_p3    |  select  |      0|  0|  10|           1|           2|
    |select_ln172_7_fu_1719_p3    |  select  |      0|  0|  10|           1|           2|
    |select_ln172_8_fu_1847_p3    |  select  |      0|  0|  10|           1|           2|
    |select_ln172_9_fu_1975_p3    |  select  |      0|  0|  10|           1|           2|
    |select_ln172_fu_823_p3       |  select  |      0|  0|  10|           1|           2|
    |select_ln850_100_fu_891_p3   |  select  |      0|  0|  13|           1|          13|
    |select_ln850_101_fu_1019_p3  |  select  |      0|  0|  13|           1|          13|
    |select_ln850_102_fu_1147_p3  |  select  |      0|  0|  13|           1|          13|
    |select_ln850_103_fu_1275_p3  |  select  |      0|  0|  13|           1|          13|
    |select_ln850_104_fu_1403_p3  |  select  |      0|  0|  13|           1|          13|
    |select_ln850_105_fu_1531_p3  |  select  |      0|  0|  13|           1|          13|
    |select_ln850_106_fu_1659_p3  |  select  |      0|  0|  13|           1|          13|
    |select_ln850_107_fu_1787_p3  |  select  |      0|  0|  13|           1|          13|
    |select_ln850_108_fu_1915_p3  |  select  |      0|  0|  13|           1|          13|
    |select_ln850_109_fu_2043_p3  |  select  |      0|  0|  13|           1|          13|
    |select_ln850_110_fu_2171_p3  |  select  |      0|  0|  13|           1|          13|
    |select_ln850_111_fu_2299_p3  |  select  |      0|  0|  13|           1|          13|
    |select_ln850_112_fu_2427_p3  |  select  |      0|  0|  13|           1|          13|
    |select_ln850_113_fu_2555_p3  |  select  |      0|  0|  13|           1|          13|
    |select_ln850_114_fu_2683_p3  |  select  |      0|  0|  13|           1|          13|
    |select_ln850_115_fu_2811_p3  |  select  |      0|  0|  13|           1|          13|
    |select_ln850_116_fu_2939_p3  |  select  |      0|  0|  13|           1|          13|
    |select_ln850_117_fu_3067_p3  |  select  |      0|  0|  13|           1|          13|
    |select_ln850_118_fu_3195_p3  |  select  |      0|  0|  13|           1|          13|
    |select_ln850_119_fu_3323_p3  |  select  |      0|  0|  13|           1|          13|
    |select_ln850_120_fu_3451_p3  |  select  |      0|  0|  13|           1|          13|
    |select_ln850_121_fu_3579_p3  |  select  |      0|  0|  13|           1|          13|
    |select_ln850_122_fu_3707_p3  |  select  |      0|  0|  13|           1|          13|
    |select_ln850_123_fu_3835_p3  |  select  |      0|  0|  13|           1|          13|
    |select_ln850_124_fu_3963_p3  |  select  |      0|  0|  13|           1|          13|
    |select_ln850_125_fu_4091_p3  |  select  |      0|  0|  13|           1|          13|
    |select_ln850_126_fu_4219_p3  |  select  |      0|  0|  13|           1|          13|
    |select_ln850_127_fu_4347_p3  |  select  |      0|  0|  13|           1|          13|
    |select_ln850_128_fu_4475_p3  |  select  |      0|  0|  13|           1|          13|
    |select_ln850_129_fu_4603_p3  |  select  |      0|  0|  13|           1|          13|
    |select_ln850_130_fu_4731_p3  |  select  |      0|  0|  13|           1|          13|
    |select_ln850_fu_763_p3       |  select  |      0|  0|  13|           1|          13|
    |select_ln851_10_fu_2035_p3   |  select  |      0|  0|  13|           1|          13|
    |select_ln851_11_fu_2163_p3   |  select  |      0|  0|  13|           1|          13|
    |select_ln851_12_fu_2291_p3   |  select  |      0|  0|  13|           1|          13|
    |select_ln851_13_fu_2419_p3   |  select  |      0|  0|  13|           1|          13|
    |select_ln851_14_fu_2547_p3   |  select  |      0|  0|  13|           1|          13|
    |select_ln851_15_fu_2675_p3   |  select  |      0|  0|  13|           1|          13|
    |select_ln851_16_fu_2803_p3   |  select  |      0|  0|  13|           1|          13|
    |select_ln851_17_fu_2931_p3   |  select  |      0|  0|  13|           1|          13|
    |select_ln851_18_fu_3059_p3   |  select  |      0|  0|  13|           1|          13|
    |select_ln851_19_fu_3187_p3   |  select  |      0|  0|  13|           1|          13|
    |select_ln851_1_fu_883_p3     |  select  |      0|  0|  13|           1|          13|
    |select_ln851_20_fu_3315_p3   |  select  |      0|  0|  13|           1|          13|
    |select_ln851_21_fu_3443_p3   |  select  |      0|  0|  13|           1|          13|
    |select_ln851_22_fu_3571_p3   |  select  |      0|  0|  13|           1|          13|
    |select_ln851_23_fu_3699_p3   |  select  |      0|  0|  13|           1|          13|
    |select_ln851_24_fu_3827_p3   |  select  |      0|  0|  13|           1|          13|
    |select_ln851_25_fu_3955_p3   |  select  |      0|  0|  13|           1|          13|
    |select_ln851_26_fu_4083_p3   |  select  |      0|  0|  13|           1|          13|
    |select_ln851_27_fu_4211_p3   |  select  |      0|  0|  13|           1|          13|
    |select_ln851_28_fu_4339_p3   |  select  |      0|  0|  13|           1|          13|
    |select_ln851_29_fu_4467_p3   |  select  |      0|  0|  13|           1|          13|
    |select_ln851_2_fu_1011_p3    |  select  |      0|  0|  13|           1|          13|
    |select_ln851_30_fu_4595_p3   |  select  |      0|  0|  13|           1|          13|
    |select_ln851_31_fu_4723_p3   |  select  |      0|  0|  13|           1|          13|
    |select_ln851_3_fu_1139_p3    |  select  |      0|  0|  13|           1|          13|
    |select_ln851_4_fu_1267_p3    |  select  |      0|  0|  13|           1|          13|
    |select_ln851_5_fu_1395_p3    |  select  |      0|  0|  13|           1|          13|
    |select_ln851_6_fu_1523_p3    |  select  |      0|  0|  13|           1|          13|
    |select_ln851_7_fu_1651_p3    |  select  |      0|  0|  13|           1|          13|
    |select_ln851_8_fu_1779_p3    |  select  |      0|  0|  13|           1|          13|
    |select_ln851_9_fu_1907_p3    |  select  |      0|  0|  13|           1|          13|
    |select_ln851_fu_755_p3       |  select  |      0|  0|  13|           1|          13|
    |ap_enable_pp0                |    xor   |      0|  0|   2|           1|           2|
    +-----------------------------+----------+-------+---+----+------------+------------+
    |Total                        |          |      0|  0|4740|        2018|        2371|
    +-----------------------------+----------+-------+---+----+------------+------------+

    * Multiplexer: 
    N/A

    * Register: 
    +--------------------------+----+----+-----+-----------+
    |           Name           | FF | LUT| Bits| Const Bits|
    +--------------------------+----+----+-----+-----------+
    |ap_CS_fsm                 |   1|   0|    1|          0|
    |ap_enable_reg_pp0_iter1   |   1|   0|    1|          0|
    |ap_enable_reg_pp0_iter2   |   1|   0|    1|          0|
    |select_ln172_10_reg_5297  |  10|   0|   10|          0|
    |select_ln172_11_reg_5302  |  10|   0|   10|          0|
    |select_ln172_12_reg_5307  |  10|   0|   10|          0|
    |select_ln172_13_reg_5312  |  10|   0|   10|          0|
    |select_ln172_14_reg_5317  |  10|   0|   10|          0|
    |select_ln172_15_reg_5322  |  10|   0|   10|          0|
    |select_ln172_16_reg_5327  |  10|   0|   10|          0|
    |select_ln172_17_reg_5332  |  10|   0|   10|          0|
    |select_ln172_18_reg_5337  |  10|   0|   10|          0|
    |select_ln172_19_reg_5342  |  10|   0|   10|          0|
    |select_ln172_1_reg_5252   |  10|   0|   10|          0|
    |select_ln172_20_reg_5347  |  10|   0|   10|          0|
    |select_ln172_21_reg_5352  |  10|   0|   10|          0|
    |select_ln172_22_reg_5357  |  10|   0|   10|          0|
    |select_ln172_23_reg_5362  |  10|   0|   10|          0|
    |select_ln172_24_reg_5367  |  10|   0|   10|          0|
    |select_ln172_25_reg_5372  |  10|   0|   10|          0|
    |select_ln172_26_reg_5377  |  10|   0|   10|          0|
    |select_ln172_27_reg_5382  |  10|   0|   10|          0|
    |select_ln172_28_reg_5387  |  10|   0|   10|          0|
    |select_ln172_29_reg_5392  |  10|   0|   10|          0|
    |select_ln172_2_reg_5257   |  10|   0|   10|          0|
    |select_ln172_30_reg_5397  |  10|   0|   10|          0|
    |select_ln172_31_reg_5402  |  10|   0|   10|          0|
    |select_ln172_3_reg_5262   |  10|   0|   10|          0|
    |select_ln172_4_reg_5267   |  10|   0|   10|          0|
    |select_ln172_5_reg_5272   |  10|   0|   10|          0|
    |select_ln172_6_reg_5277   |  10|   0|   10|          0|
    |select_ln172_7_reg_5282   |  10|   0|   10|          0|
    |select_ln172_8_reg_5287   |  10|   0|   10|          0|
    |select_ln172_9_reg_5292   |  10|   0|   10|          0|
    |select_ln172_reg_5247     |  10|   0|   10|          0|
    +--------------------------+----+----+-----+-----------+
    |Total                     | 323|   0|  323|          0|
    +--------------------------+----+----+-----+-----------+



================================================================
== Interface
================================================================
* Summary: 
+----------------+-----+-----+------------+----------------+--------------+
|    RTL Ports   | Dir | Bits|  Protocol  |  Source Object |    C Type    |
+----------------+-----+-----+------------+----------------+--------------+
|ap_clk          |  in |    1| ap_ctrl_hs |     sigmoid    | return value |
|ap_rst          |  in |    1| ap_ctrl_hs |     sigmoid    | return value |
|ap_start        |  in |    1| ap_ctrl_hs |     sigmoid    | return value |
|ap_done         | out |    1| ap_ctrl_hs |     sigmoid    | return value |
|ap_idle         | out |    1| ap_ctrl_hs |     sigmoid    | return value |
|ap_ready        | out |    1| ap_ctrl_hs |     sigmoid    | return value |
|ap_return_0     | out |   16| ap_ctrl_hs |     sigmoid    | return value |
|ap_return_1     | out |   16| ap_ctrl_hs |     sigmoid    | return value |
|ap_return_2     | out |   16| ap_ctrl_hs |     sigmoid    | return value |
|ap_return_3     | out |   16| ap_ctrl_hs |     sigmoid    | return value |
|ap_return_4     | out |   16| ap_ctrl_hs |     sigmoid    | return value |
|ap_return_5     | out |   16| ap_ctrl_hs |     sigmoid    | return value |
|ap_return_6     | out |   16| ap_ctrl_hs |     sigmoid    | return value |
|ap_return_7     | out |   16| ap_ctrl_hs |     sigmoid    | return value |
|ap_return_8     | out |   16| ap_ctrl_hs |     sigmoid    | return value |
|ap_return_9     | out |   16| ap_ctrl_hs |     sigmoid    | return value |
|ap_return_10    | out |   16| ap_ctrl_hs |     sigmoid    | return value |
|ap_return_11    | out |   16| ap_ctrl_hs |     sigmoid    | return value |
|ap_return_12    | out |   16| ap_ctrl_hs |     sigmoid    | return value |
|ap_return_13    | out |   16| ap_ctrl_hs |     sigmoid    | return value |
|ap_return_14    | out |   16| ap_ctrl_hs |     sigmoid    | return value |
|ap_return_15    | out |   16| ap_ctrl_hs |     sigmoid    | return value |
|ap_return_16    | out |   16| ap_ctrl_hs |     sigmoid    | return value |
|ap_return_17    | out |   16| ap_ctrl_hs |     sigmoid    | return value |
|ap_return_18    | out |   16| ap_ctrl_hs |     sigmoid    | return value |
|ap_return_19    | out |   16| ap_ctrl_hs |     sigmoid    | return value |
|ap_return_20    | out |   16| ap_ctrl_hs |     sigmoid    | return value |
|ap_return_21    | out |   16| ap_ctrl_hs |     sigmoid    | return value |
|ap_return_22    | out |   16| ap_ctrl_hs |     sigmoid    | return value |
|ap_return_23    | out |   16| ap_ctrl_hs |     sigmoid    | return value |
|ap_return_24    | out |   16| ap_ctrl_hs |     sigmoid    | return value |
|ap_return_25    | out |   16| ap_ctrl_hs |     sigmoid    | return value |
|ap_return_26    | out |   16| ap_ctrl_hs |     sigmoid    | return value |
|ap_return_27    | out |   16| ap_ctrl_hs |     sigmoid    | return value |
|ap_return_28    | out |   16| ap_ctrl_hs |     sigmoid    | return value |
|ap_return_29    | out |   16| ap_ctrl_hs |     sigmoid    | return value |
|ap_return_30    | out |   16| ap_ctrl_hs |     sigmoid    | return value |
|ap_return_31    | out |   16| ap_ctrl_hs |     sigmoid    | return value |
|data_0_V_read   |  in |   16|   ap_none  |  data_0_V_read |    scalar    |
|data_1_V_read   |  in |   16|   ap_none  |  data_1_V_read |    scalar    |
|data_2_V_read   |  in |   16|   ap_none  |  data_2_V_read |    scalar    |
|data_3_V_read   |  in |   16|   ap_none  |  data_3_V_read |    scalar    |
|data_4_V_read   |  in |   16|   ap_none  |  data_4_V_read |    scalar    |
|data_5_V_read   |  in |   16|   ap_none  |  data_5_V_read |    scalar    |
|data_6_V_read   |  in |   16|   ap_none  |  data_6_V_read |    scalar    |
|data_7_V_read   |  in |   16|   ap_none  |  data_7_V_read |    scalar    |
|data_8_V_read   |  in |   16|   ap_none  |  data_8_V_read |    scalar    |
|data_9_V_read   |  in |   16|   ap_none  |  data_9_V_read |    scalar    |
|data_10_V_read  |  in |   16|   ap_none  | data_10_V_read |    scalar    |
|data_11_V_read  |  in |   16|   ap_none  | data_11_V_read |    scalar    |
|data_12_V_read  |  in |   16|   ap_none  | data_12_V_read |    scalar    |
|data_13_V_read  |  in |   16|   ap_none  | data_13_V_read |    scalar    |
|data_14_V_read  |  in |   16|   ap_none  | data_14_V_read |    scalar    |
|data_15_V_read  |  in |   16|   ap_none  | data_15_V_read |    scalar    |
|data_16_V_read  |  in |   16|   ap_none  | data_16_V_read |    scalar    |
|data_17_V_read  |  in |   16|   ap_none  | data_17_V_read |    scalar    |
|data_18_V_read  |  in |   16|   ap_none  | data_18_V_read |    scalar    |
|data_19_V_read  |  in |   16|   ap_none  | data_19_V_read |    scalar    |
|data_20_V_read  |  in |   16|   ap_none  | data_20_V_read |    scalar    |
|data_21_V_read  |  in |   16|   ap_none  | data_21_V_read |    scalar    |
|data_22_V_read  |  in |   16|   ap_none  | data_22_V_read |    scalar    |
|data_23_V_read  |  in |   16|   ap_none  | data_23_V_read |    scalar    |
|data_24_V_read  |  in |   16|   ap_none  | data_24_V_read |    scalar    |
|data_25_V_read  |  in |   16|   ap_none  | data_25_V_read |    scalar    |
|data_26_V_read  |  in |   16|   ap_none  | data_26_V_read |    scalar    |
|data_27_V_read  |  in |   16|   ap_none  | data_27_V_read |    scalar    |
|data_28_V_read  |  in |   16|   ap_none  | data_28_V_read |    scalar    |
|data_29_V_read  |  in |   16|   ap_none  | data_29_V_read |    scalar    |
|data_30_V_read  |  in |   16|   ap_none  | data_30_V_read |    scalar    |
|data_31_V_read  |  in |   16|   ap_none  | data_31_V_read |    scalar    |
+----------------+-----+-----+------------+----------------+--------------+

